Archive member included to satisfy reference by file (symbol)

C:/ST/STM32CubeIDE_1.19.0/STM32CubeIDE/plugins/com.st.stm32cube.ide.mcu.externaltools.gnu-tools-for-stm32.13.3.rel1.win32_1.0.0.202411081344/tools/bin/../lib/gcc/arm-none-eabi/13.3.1/../../../../arm-none-eabi/lib/thumb/v7e-m+fp/hard\libc_nano.a(libc_a-exit.o)
                              C:/ST/STM32CubeIDE_1.19.0/STM32CubeIDE/plugins/com.st.stm32cube.ide.mcu.externaltools.gnu-tools-for-stm32.13.3.rel1.win32_1.0.0.202411081344/tools/bin/../lib/gcc/arm-none-eabi/13.3.1/../../../../arm-none-eabi/lib/thumb/v7e-m+fp/hard/crt0.o (exit)
C:/ST/STM32CubeIDE_1.19.0/STM32CubeIDE/plugins/com.st.stm32cube.ide.mcu.externaltools.gnu-tools-for-stm32.13.3.rel1.win32_1.0.0.202411081344/tools/bin/../lib/gcc/arm-none-eabi/13.3.1/../../../../arm-none-eabi/lib/thumb/v7e-m+fp/hard\libc_nano.a(libc_a-findfp.o)
                              C:/ST/STM32CubeIDE_1.19.0/STM32CubeIDE/plugins/com.st.stm32cube.ide.mcu.externaltools.gnu-tools-for-stm32.13.3.rel1.win32_1.0.0.202411081344/tools/bin/../lib/gcc/arm-none-eabi/13.3.1/../../../../arm-none-eabi/lib/thumb/v7e-m+fp/hard\libc_nano.a(libc_a-exit.o) (__stdio_exit_handler)
C:/ST/STM32CubeIDE_1.19.0/STM32CubeIDE/plugins/com.st.stm32cube.ide.mcu.externaltools.gnu-tools-for-stm32.13.3.rel1.win32_1.0.0.202411081344/tools/bin/../lib/gcc/arm-none-eabi/13.3.1/../../../../arm-none-eabi/lib/thumb/v7e-m+fp/hard\libc_nano.a(libc_a-fwalk.o)
                              C:/ST/STM32CubeIDE_1.19.0/STM32CubeIDE/plugins/com.st.stm32cube.ide.mcu.externaltools.gnu-tools-for-stm32.13.3.rel1.win32_1.0.0.202411081344/tools/bin/../lib/gcc/arm-none-eabi/13.3.1/../../../../arm-none-eabi/lib/thumb/v7e-m+fp/hard\libc_nano.a(libc_a-findfp.o) (_fwalk_sglue)
C:/ST/STM32CubeIDE_1.19.0/STM32CubeIDE/plugins/com.st.stm32cube.ide.mcu.externaltools.gnu-tools-for-stm32.13.3.rel1.win32_1.0.0.202411081344/tools/bin/../lib/gcc/arm-none-eabi/13.3.1/../../../../arm-none-eabi/lib/thumb/v7e-m+fp/hard\libc_nano.a(libc_a-printf.o)
                              ./Core/Src/BNO080.o (printf)
C:/ST/STM32CubeIDE_1.19.0/STM32CubeIDE/plugins/com.st.stm32cube.ide.mcu.externaltools.gnu-tools-for-stm32.13.3.rel1.win32_1.0.0.202411081344/tools/bin/../lib/gcc/arm-none-eabi/13.3.1/../../../../arm-none-eabi/lib/thumb/v7e-m+fp/hard\libc_nano.a(libc_a-puts.o)
                              ./Core/Src/BNO080.o (puts)
C:/ST/STM32CubeIDE_1.19.0/STM32CubeIDE/plugins/com.st.stm32cube.ide.mcu.externaltools.gnu-tools-for-stm32.13.3.rel1.win32_1.0.0.202411081344/tools/bin/../lib/gcc/arm-none-eabi/13.3.1/../../../../arm-none-eabi/lib/thumb/v7e-m+fp/hard\libc_nano.a(libc_a-stdio.o)
                              C:/ST/STM32CubeIDE_1.19.0/STM32CubeIDE/plugins/com.st.stm32cube.ide.mcu.externaltools.gnu-tools-for-stm32.13.3.rel1.win32_1.0.0.202411081344/tools/bin/../lib/gcc/arm-none-eabi/13.3.1/../../../../arm-none-eabi/lib/thumb/v7e-m+fp/hard\libc_nano.a(libc_a-findfp.o) (__sread)
C:/ST/STM32CubeIDE_1.19.0/STM32CubeIDE/plugins/com.st.stm32cube.ide.mcu.externaltools.gnu-tools-for-stm32.13.3.rel1.win32_1.0.0.202411081344/tools/bin/../lib/gcc/arm-none-eabi/13.3.1/../../../../arm-none-eabi/lib/thumb/v7e-m+fp/hard\libc_nano.a(libc_a-wbuf.o)
                              C:/ST/STM32CubeIDE_1.19.0/STM32CubeIDE/plugins/com.st.stm32cube.ide.mcu.externaltools.gnu-tools-for-stm32.13.3.rel1.win32_1.0.0.202411081344/tools/bin/../lib/gcc/arm-none-eabi/13.3.1/../../../../arm-none-eabi/lib/thumb/v7e-m+fp/hard\libc_nano.a(libc_a-puts.o) (__swbuf_r)
C:/ST/STM32CubeIDE_1.19.0/STM32CubeIDE/plugins/com.st.stm32cube.ide.mcu.externaltools.gnu-tools-for-stm32.13.3.rel1.win32_1.0.0.202411081344/tools/bin/../lib/gcc/arm-none-eabi/13.3.1/../../../../arm-none-eabi/lib/thumb/v7e-m+fp/hard\libc_nano.a(libc_a-wsetup.o)
                              C:/ST/STM32CubeIDE_1.19.0/STM32CubeIDE/plugins/com.st.stm32cube.ide.mcu.externaltools.gnu-tools-for-stm32.13.3.rel1.win32_1.0.0.202411081344/tools/bin/../lib/gcc/arm-none-eabi/13.3.1/../../../../arm-none-eabi/lib/thumb/v7e-m+fp/hard\libc_nano.a(libc_a-puts.o) (__swsetup_r)
C:/ST/STM32CubeIDE_1.19.0/STM32CubeIDE/plugins/com.st.stm32cube.ide.mcu.externaltools.gnu-tools-for-stm32.13.3.rel1.win32_1.0.0.202411081344/tools/bin/../lib/gcc/arm-none-eabi/13.3.1/../../../../arm-none-eabi/lib/thumb/v7e-m+fp/hard\libc_nano.a(libc_a-memset.o)
                              C:/ST/STM32CubeIDE_1.19.0/STM32CubeIDE/plugins/com.st.stm32cube.ide.mcu.externaltools.gnu-tools-for-stm32.13.3.rel1.win32_1.0.0.202411081344/tools/bin/../lib/gcc/arm-none-eabi/13.3.1/../../../../arm-none-eabi/lib/thumb/v7e-m+fp/hard/crt0.o (memset)
C:/ST/STM32CubeIDE_1.19.0/STM32CubeIDE/plugins/com.st.stm32cube.ide.mcu.externaltools.gnu-tools-for-stm32.13.3.rel1.win32_1.0.0.202411081344/tools/bin/../lib/gcc/arm-none-eabi/13.3.1/../../../../arm-none-eabi/lib/thumb/v7e-m+fp/hard\libc_nano.a(libc_a-closer.o)
[...]
Memory Configuration

Name             Origin             Length             Attributes
CCMRAM           0x10000000         0x00010000         xrw
RAM              0x20000000         0x00020000         xrw
FLASH            0x08000000         0x00100000         xr
*default*        0x00000000         0xffffffff

Linker script and memory map

LOAD C:/ST/STM32CubeIDE_1.19.0/STM32CubeIDE/plugins/com.st.stm32cube.ide.mcu.externaltools.gnu-tools-for-stm32.13.3.rel1.win32_1.0.0.202411081344/tools/bin/../lib/gcc/arm-none-eabi/13.3.1/thumb/v7e-m+fp/hard/crti.o
LOAD C:/ST/STM32CubeIDE_1.19.0/STM32CubeIDE/plugins/com.st.stm32cube.ide.mcu.externaltools.gnu-tools-for-stm32.13.3.rel1.win32_1.0.0.202411081344/tools/bin/../lib/gcc/arm-none-eabi/13.3.1/thumb/v7e-m+fp/hard/crtbegin.o
LOAD C:/ST/STM32CubeIDE_1.19.0/STM32CubeIDE/plugins/com.st.stm32cube.ide.mcu.externaltools.gnu-tools-for-stm32.13.3.rel1.win32_1.0.0.202411081344/tools/bin/../lib/gcc/arm-none-eabi/13.3.1/../../../../arm-none-eabi/lib/thumb/v7e-m+fp/hard/crt0.o
LOAD ./Core/Src/BNO080.o
LOAD ./Core/Src/ICM20602.o
LOAD ./Core/Src/Quaternion.o
LOAD ./Core/Src/gpio.o
LOAD ./Core/Src/main.o
LOAD ./Core/Src/spi.o
LOAD ./Core/Src/stm32f4xx_hal_msp.o
LOAD ./Core/Src/stm32f4xx_it.o
LOAD ./Core/Src/syscalls.o
LOAD ./Core/Src/sysmem.o
LOAD ./Core/Src/system_stm32f4xx.o
LOAD ./Core/Src/tim.o
LOAD ./Core/Src/usart.o
LOAD ./Core/Startup/startup_stm32f405rgtx.o
LOAD ./Drivers/STM32F4xx_HAL_Driver/Src/stm32f4xx_hal.o
LOAD ./Drivers/STM32F4xx_HAL_Driver/Src/stm32f4xx_hal_cortex.o
LOAD ./Drivers/STM32F4xx_HAL_Driver/Src/stm32f4xx_hal_dma.o
LOAD ./Drivers/STM32F4xx_HAL_Driver/Src/stm32f4xx_hal_dma_ex.o
LOAD ./Drivers/STM32F4xx_HAL_Driver/Src/stm32f4xx_hal_exti.o
LOAD ./Drivers/STM32F4xx_HAL_Driver/Src/stm32f4xx_hal_flash.o
LOAD ./Drivers/STM32F4xx_HAL_Driver/Src/stm32f4xx_hal_flash_ex.o
LOAD ./Drivers/STM32F4xx_HAL_Driver/Src/stm32f4xx_hal_flash_ramfunc.o
LOAD ./Drivers/STM32F4xx_HAL_Driver/Src/stm32f4xx_hal_gpio.o
LOAD ./Drivers/STM32F4xx_HAL_Driver/Src/stm32f4xx_hal_pwr.o
LOAD ./Drivers/STM32F4xx_HAL_Driver/Src/stm32f4xx_hal_pwr_ex.o
LOAD ./Drivers/STM32F4xx_HAL_Driver/Src/stm32f4xx_hal_rcc.o
LOAD ./Drivers/STM32F4xx_HAL_Driver/Src/stm32f4xx_hal_rcc_ex.o
LOAD ./Drivers/STM32F4xx_HAL_Driver/Src/stm32f4xx_ll_dma.o
LOAD ./Drivers/STM32F4xx_HAL_Driver/Src/stm32f4xx_ll_exti.o
LOAD ./Drivers/STM32F4xx_HAL_Driver/Src/stm32f4xx_ll_gpio.o
LOAD ./Drivers/STM32F4xx_HAL_Driver/Src/stm32f4xx_ll_rcc.o
LOAD ./Drivers/STM32F4xx_HAL_Driver/Src/stm32f4xx_ll_spi.o
LOAD ./Drivers/STM32F4xx_HAL_Driver/Src/stm32f4xx_ll_tim.o
LOAD ./Drivers/STM32F4xx_HAL_Driver/Src/stm32f4xx_ll_usart.o
LOAD ./Drivers/STM32F4xx_HAL_Driver/Src/stm32f4xx_ll_utils.o
START GROUP
LOAD C:/ST/STM32CubeIDE_1.19.0/STM32CubeIDE/plugins/com.st.stm32cube.ide.mcu.externaltools.gnu-tools-for-stm32.13.3.rel1.win32_1.0.0.202411081344/tools/bin/../lib/gcc/arm-none-eabi/13.3.1/../../../../arm-none-eabi/lib/thumb/v7e-m+fp/hard\libc_nano.a
LOAD C:/ST/STM32CubeIDE_1.19.0/STM32CubeIDE/plugins/com.st.stm32cube.ide.mcu.externaltools.gnu-tools-for-stm32.13.3.rel1.win32_1.0.0.202411081344/tools/bin/../lib/gcc/arm-none-eabi/13.3.1/../../../../arm-none-eabi/lib/thumb/v7e-m+fp/hard\libm.a
END GROUP
START GROUP
LOAD C:/ST/STM32CubeIDE_1.19.0/STM32CubeIDE/plugins/com.st.stm32cube.ide.mcu.externaltools.gnu-tools-for-stm32.13.3.rel1.win32_1.0.0.202411081344/tools/bin/../lib/gcc/arm-none-eabi/13.3.1/thumb/v7e-m+fp/hard\libgcc.a
LOAD C:/ST/STM32CubeIDE_1.19.0/STM32CubeIDE/plugins/com.st.stm32cube.ide.mcu.externaltools.gnu-tools-for-stm32.13.3.rel1.win32_1.0.0.202411081344/tools/bin/../lib/gcc/arm-none-eabi/13.3.1/../../../../arm-none-eabi/lib/thumb/v7e-m+fp/hard\libc_nano.a
END GROUP
START GROUP
LOAD C:/ST/STM32CubeIDE_1.19.0/STM32CubeIDE/plugins/com.st.stm32cube.ide.mcu.externaltools.gnu-tools-for-stm32.13.3.rel1.win32_1.0.0.202411081344/tools/bin/../lib/gcc/arm-none-eabi/13.3.1/thumb/v7e-m+fp/hard\libgcc.a
LOAD C:/ST/STM32CubeIDE_1.19.0/STM32CubeIDE/plugins/com.st.stm32cube.ide.mcu.externaltools.gnu-tools-for-stm32.13.3.rel1.win32_1.0.0.202411081344/tools/bin/../lib/gcc/arm-none-eabi/13.3.1/../../../../arm-none-eabi/lib/thumb/v7e-m+fp/hard\libc_nano.a
LOAD C:/ST/STM32CubeIDE_1.19.0/STM32CubeIDE/plugins/com.st.stm32cube.ide.mcu.externaltools.gnu-tools-for-stm32.13.3.rel1.win32_1.0.0.202411081344/tools/bin/../lib/gcc/arm-none-eabi/13.3.1/../../../../arm-none-eabi/lib/thumb/v7e-m+fp/hard\libnosys.a
END GROUP
START GROUP
LOAD C:/ST/STM32CubeIDE_1.19.0/STM32CubeIDE/plugins/com.st.stm32cube.ide.mcu.externaltools.gnu-tools-for-stm32.13.3.rel1.win32_1.0.0.202411081344/tools/bin/../lib/gcc/arm-none-eabi/13.3.1/thumb/v7e-m+fp/hard\libgcc.a
LOAD C:/ST/STM32CubeIDE_1.19.0/STM32CubeIDE/plugins/com.st.stm32cube.ide.mcu.externaltools.gnu-tools-for-stm32.13.3.rel1.win32_1.0.0.202411081344/tools/bin/../lib/gcc/arm-none-eabi/13.3.1/../../../../arm-none-eabi/lib/thumb/v7e-m+fp/hard\libc_nano.a
LOAD C:/ST/STM32CubeIDE_1.19.0/STM32CubeIDE/plugins/com.st.stm32cube.ide.mcu.externaltools.gnu-tools-for-stm32.13.3.rel1.win32_1.0.0.202411081344/tools/bin/../lib/gcc/arm-none-eabi/13.3.1/../../../../arm-none-eabi/lib/thumb/v7e-m+fp/hard\libnosys.a
END GROUP
LOAD C:/ST/STM32CubeIDE_1.19.0/STM32CubeIDE/plugins/com.st.stm32cube.ide.mcu.externaltools.gnu-tools-for-stm32.13.3.rel1.win32_1.0.0.202411081344/tools/bin/../lib/gcc/arm-none-eabi/13.3.1/thumb/v7e-m+fp/hard/crtend.o
LOAD C:/ST/STM32CubeIDE_1.19.0/STM32CubeIDE/plugins/com.st.stm32cube.ide.mcu.externaltools.gnu-tools-for-stm32.13.3.rel1.win32_1.0.0.202411081344/tools/bin/../lib/gcc/arm-none-eabi/13.3.1/thumb/v7e-m+fp/hard/crtn.o
                0x20020000                        _estack = (ORIGIN (RAM) + LENGTH (RAM))
                0x00000200                        _Min_Heap_Size = 0x200
                0x00000400                        _Min_Stack_Size = 0x400

.isr_vector     0x08000000      0x188
                0x08000000                        . = ALIGN (0x4)
 *(.isr_vector)
 .isr_vector    0x08000000      0x188 ./Core/Startup/startup_stm32f405rgtx.o
                0x08000000                g_pfnVectors
                0x08000188                        . = ALIGN (0x4)

.text           0x08000190     0x4b78
                0x08000190                        . = ALIGN (0x4)
 *(.text)
 .text          0x08000190       0x40 C:/ST/STM32CubeIDE_1.19.0/STM32CubeIDE/plugins/com.st.stm32cube.ide.mcu.externaltools.gnu-tools-for-stm32.13.3.rel1.win32_1.0.0.202411081344/tools/bin/../lib/gcc/arm-none-eabi/13.3.1/thumb/v7e-m+fp/hard/crtbegin.o
 .text          0x080001d0       0xa0 C:/ST/STM32CubeIDE_1.19.0/STM32CubeIDE/plugins/com.st.stm32cube.ide.mcu.externaltools.gnu-tools-for-stm32.13.3.rel1.win32_1.0.0.202411081344/tools/bin/../lib/gcc/arm-none-eabi/13.3.1/../../../../arm-none-eabi/lib/thumb/v7e-m+fp/hard\libc_nano.a(libc_a-memchr.o)
                0x080001d0                memchr
 .text          0x08000270       0x30 C:/ST/STM32CubeIDE_1.19.0/STM32CubeIDE/plugins/com.st.stm32cube.ide.mcu.externaltools.gnu-tools-for-stm32.13.3.rel1.win32_1.0.0.202411081344/tools/bin/../lib/gcc/arm-none-eabi/13.3.1/thumb/v7e-m+fp/hard\libgcc.a(_aeabi_uldivmod.o)
                0x08000270                __aeabi_uldivmod
 .text          0x080002a0      0x2f8 C:/ST/STM32CubeIDE_1.19.0/STM32CubeIDE/plugins/com.st.stm32cube.ide.mcu.externaltools.gnu-tools-for-stm32.13.3.rel1.win32_1.0.0.202411081344/tools/bin/../lib/gcc/arm-none-eabi/13.3.1/thumb/v7e-m+fp/hard\libgcc.a(_udivmoddi4.o)
                0x080002a0                __udivmoddi4
 .text          0x08000598        0x4 C:/ST/STM32CubeIDE_1.19.0/STM32CubeIDE/plugins/com.st.stm32cube.ide.mcu.externaltools.gnu-tools-for-stm32.13.3.rel1.win32_1.0.0.202411081344/tools/bin/../lib/gcc/arm-none-eabi/13.3.1/thumb/v7e-m+fp/hard\libgcc.a(_dvmd_tls.o)
                0x08000598                __aeabi_idiv0
                0x08000598                __aeabi_ldiv0
 *(.text*)
 .text.LL_SPI_Enable
                0x0800059c       0x20 ./Core/Src/BNO080.o
 .text.LL_SPI_SetStandard
                0x080005bc       0x26 ./Core/Src/BNO080.o
 .text.LL_SPI_IsActiveFlag_RXNE
                0x080005e2       0x26 ./Core/Src/BNO080.o
 .text.LL_SPI_IsActiveFlag_TXE
                0x08000608       0x26 ./Core/Src/BNO080.o
 .text.LL_SPI_ReceiveData8
                0x0800062e       0x1c ./Core/Src/BNO080.o
 .text.LL_SPI_TransmitData8
                0x0800064a       0x24 ./Core/Src/BNO080.o
 .text.LL_GPIO_IsInputPinSet
                0x0800066e       0x2a ./Core/Src/BNO080.o
 .text.LL_GPIO_SetOutputPin
                0x08000698       0x1c ./Core/Src/BNO080.o
 .text.LL_GPIO_ResetOutputPin
                0x080006b4       0x1e ./Core/Src/BNO080.o
 *fill*         0x080006d2        0x2 
 .text.LL_AHB1_GRP1_EnableClock
                0x080006d4       0x30 ./Core/Src/BNO080.o
 .text.LL_APB1_GRP1_EnableClock
                0x08000704       0x30 ./Core/Src/BNO080.o
 .text.BNO080_GPIO_SPI_Initialization
                0x08000734      0x174 ./Core/Src/BNO080.o
                0x08000734                BNO080_GPIO_SPI_Initialization
 .text.BNO080_Initialization
                0x080008a8       0xe8 ./Core/Src/BNO080.o
                0x080008a8                BNO080_Initialization
 .text.SPI2_SendByte
                0x08000990       0x44 ./Core/Src/BNO080.o
                0x08000990                SPI2_SendByte
 .text.BNO080_enableRotationVector
                0x080009d4       0x1e ./Core/Src/BNO080.o
                0x080009d4                BNO080_enableRotationVector
 *fill*         0x080009f2        0x2 
 .text.BNO080_setFeatureCommand
                0x080009f4       0xa4 ./Core/Src/BNO080.o
                0x080009f4                BNO080_setFeatureCommand
 .text.BNO080_waitForSPI
                0x08000a98       0x48 ./Core/Src/BNO080.o
                0x08000a98                BNO080_waitForSPI
 .text.BNO080_receivePacket
                0x08000ae0       0xe4 ./Core/Src/BNO080.o
                0x08000ae0                BNO080_receivePacket
 .text.BNO080_sendPacket
                0x08000bc4       0xa0 ./Core/Src/BNO080.o
                0x08000bc4                BNO080_sendPacket
 .text.LL_SPI_Enable
                0x08000c64       0x20 ./Core/Src/ICM20602.o
 .text.LL_SPI_SetStandard
                0x08000c84       0x26 ./Core/Src/ICM20602.o
 .text.LL_SPI_IsActiveFlag_RXNE
                0x08000caa       0x26 ./Core/Src/ICM20602.o
 .text.LL_SPI_IsActiveFlag_TXE
                0x08000cd0       0x26 ./Core/Src/ICM20602.o
 .text.LL_SPI_ReceiveData8
                0x08000cf6       0x1c ./Core/Src/ICM20602.o
 .text.LL_SPI_TransmitData8
                0x08000d12       0x24 ./Core/Src/ICM20602.o
 .text.LL_GPIO_IsInputPinSet
                0x08000d36       0x2a ./Core/Src/ICM20602.o
 .text.LL_GPIO_SetOutputPin
                0x08000d60       0x1c ./Core/Src/ICM20602.o
 .text.LL_GPIO_ResetOutputPin
                0x08000d7c       0x1e ./Core/Src/ICM20602.o
 *fill*         0x08000d9a        0x2 
 .text.LL_AHB1_GRP1_EnableClock
                0x08000d9c       0x30 ./Core/Src/ICM20602.o
 .text.LL_APB2_GRP1_EnableClock
                0x08000dcc       0x30 ./Core/Src/ICM20602.o
 .text.ICM20602_GPIO_SPI_Initialization
                0x08000dfc       0xf8 ./Core/Src/ICM20602.o
                0x08000dfc                ICM20602_GPIO_SPI_Initialization
 .text.SPI1_SendByte
                0x08000ef4       0x44 ./Core/Src/ICM20602.o
                0x08000ef4                SPI1_SendByte
 .text.ICM20602_Readbyte
                0x08000f38       0x40 ./Core/Src/ICM20602.o
                0x08000f38                ICM20602_Readbyte
 .text.ICM20602_Readbytes
                0x08000f78       0x5c ./Core/Src/ICM20602.o
                0x08000f78                ICM20602_Readbytes
 .text.ICM20602_Writebyte
                0x08000fd4       0x44 ./Core/Src/ICM20602.o
                0x08000fd4                ICM20602_Writebyte
 .text.ICM20602_Initialization
                0x08001018       0xfc ./Core/Src/ICM20602.o
                0x08001018                ICM20602_Initialization
 .text.ICM20602_Get3AxisGyroRawData
                0x08001114       0x5e ./Core/Src/ICM20602.o
                0x08001114                ICM20602_Get3AxisGyroRawData
 *fill*         0x08001172        0x2 
 .text.ICM20602_DataReady
                0x08001174       0x18 ./Core/Src/ICM20602.o
                0x08001174                ICM20602_DataReady
 .text.LL_GPIO_ResetOutputPin
                0x0800118c       0x1e ./Core/Src/gpio.o
 *fill*         0x080011aa        0x2 
 .text.LL_AHB1_GRP1_EnableClock
                0x080011ac       0x30 ./Core/Src/gpio.o
 .text.MX_GPIO_Init
                0x080011dc       0xd8 ./Core/Src/gpio.o
                0x080011dc                MX_GPIO_Init
 .text.LL_TIM_EnableCounter
                0x080012b4       0x20 ./Core/Src/main.o
 .text.LL_TIM_CC_EnableChannel
                0x080012d4       0x22 ./Core/Src/main.o
 .text.LL_TIM_CC_DisableChannel
                0x080012f6       0x24 ./Core/Src/main.o
 .text.LL_USART_EnableIT_RXNE
                0x0800131a       0x46 ./Core/Src/main.o
 .text.LL_USART_TransmitData8
                0x08001360       0x1e ./Core/Src/main.o
 *fill*         0x0800137e        0x2 
 .text._write   0x08001380       0x44 ./Core/Src/main.o
                0x08001380                _write
 .text.main     0x080013c4       0xc8 ./Core/Src/main.o
                0x080013c4                main
 .text.SystemClock_Config
                0x0800148c       0xd4 ./Core/Src/main.o
                0x0800148c                SystemClock_Config
 .text.Error_Handler
                0x08001560        0xc ./Core/Src/main.o
                0x08001560                Error_Handler
 .text.LL_SPI_SetStandard
                0x0800156c       0x26 ./Core/Src/spi.o
 *fill*         0x08001592        0x2 
 .text.LL_AHB1_GRP1_EnableClock
                0x08001594       0x30 ./Core/Src/spi.o
 .text.LL_APB1_GRP1_EnableClock
                0x080015c4       0x30 ./Core/Src/spi.o
 .text.LL_APB2_GRP1_EnableClock
                0x080015f4       0x30 ./Core/Src/spi.o
 .text.MX_SPI1_Init
                0x08001624       0xa4 ./Core/Src/spi.o
                0x08001624                MX_SPI1_Init
 .text.MX_SPI2_Init
                0x080016c8       0xa8 ./Core/Src/spi.o
                0x080016c8                MX_SPI2_Init
 .text.HAL_MspInit
                0x08001770       0x50 ./Core/Src/stm32f4xx_hal_msp.o
                0x08001770                HAL_MspInit
 .text.LL_USART_IsActiveFlag_RXNE
                0x080017c0       0x26 ./Core/Src/stm32f4xx_it.o
 .text.LL_USART_ClearFlag_RXNE
                0x080017e6       0x1c ./Core/Src/stm32f4xx_it.o
 .text.NMI_Handler
                0x08001802        0x8 ./Core/Src/stm32f4xx_it.o
                0x08001802                NMI_Handler
 .text.HardFault_Handler
                0x0800180a        0x8 ./Core/Src/stm32f4xx_it.o
                0x0800180a                HardFault_Handler
 .text.MemManage_Handler
                0x08001812        0x8 ./Core/Src/stm32f4xx_it.o
                0x08001812                MemManage_Handler
 .text.BusFault_Handler
                0x0800181a        0x8 ./Core/Src/stm32f4xx_it.o
                0x0800181a                BusFault_Handler
 .text.UsageFault_Handler
                0x08001822        0x8 ./Core/Src/stm32f4xx_it.o
                0x08001822                UsageFault_Handler
 .text.SVC_Handler
                0x0800182a        0xe ./Core/Src/stm32f4xx_it.o
                0x0800182a                SVC_Handler
 .text.DebugMon_Handler
                0x08001838        0xe ./Core/Src/stm32f4xx_it.o
                0x08001838                DebugMon_Handler
 .text.PendSV_Handler
                0x08001846        0xe ./Core/Src/stm32f4xx_it.o
                0x08001846                PendSV_Handler
 .text.SysTick_Handler
                0x08001854        0xc ./Core/Src/stm32f4xx_it.o
                0x08001854                SysTick_Handler
 .text.USART6_IRQHandler
                0x08001860       0x20 ./Core/Src/stm32f4xx_it.o
                0x08001860                USART6_IRQHandler
 .text._read    0x08001880       0x3a ./Core/Src/syscalls.o
                0x08001880                _read
 .text._close   0x080018ba       0x18 ./Core/Src/syscalls.o
                0x080018ba                _close
 .text._fstat   0x080018d2       0x20 ./Core/Src/syscalls.o
                0x080018d2                _fstat
 .text._isatty  0x080018f2       0x16 ./Core/Src/syscalls.o
                0x080018f2                _isatty
 .text._lseek   0x08001908       0x1a ./Core/Src/syscalls.o
                0x08001908                _lseek
 *fill*         0x08001922        0x2 
 .text._sbrk    0x08001924       0x6c ./Core/Src/sysmem.o
                0x08001924                _sbrk
 .text.SystemInit
                0x08001990       0x24 ./Core/Src/system_stm32f4xx.o
                0x08001990                SystemInit
 .text.LL_TIM_EnableARRPreload
                0x080019b4       0x20 ./Core/Src/tim.o
 .text.LL_TIM_OC_EnableFast
                0x080019d4       0x88 ./Core/Src/tim.o
 .text.LL_TIM_OC_EnablePreload
                0x08001a5c       0x88 ./Core/Src/tim.o
 .text.LL_TIM_SetClockSource
                0x08001ae4       0x2a ./Core/Src/tim.o
 .text.LL_TIM_SetTriggerOutput
                0x08001b0e       0x26 ./Core/Src/tim.o
 .text.LL_TIM_DisableMasterSlaveMode
                0x08001b34       0x20 ./Core/Src/tim.o
 .text.LL_AHB1_GRP1_EnableClock
                0x08001b54       0x30 ./Core/Src/tim.o
 .text.LL_APB1_GRP1_EnableClock
                0x08001b84       0x30 ./Core/Src/tim.o
 .text.MX_TIM3_Init
                0x08001bb4       0xe4 ./Core/Src/tim.o
                0x08001bb4                MX_TIM3_Init
 .text.__NVIC_GetPriorityGrouping
                0x08001c98       0x1c ./Core/Src/usart.o
 .text.__NVIC_EnableIRQ
                0x08001cb4       0x3c ./Core/Src/usart.o
 .text.__NVIC_SetPriority
                0x08001cf0       0x54 ./Core/Src/usart.o
 .text.NVIC_EncodePriority
                0x08001d44       0x66 ./Core/Src/usart.o
 .text.LL_USART_Enable
                0x08001daa       0x20 ./Core/Src/usart.o
 .text.LL_USART_ConfigAsyncMode
                0x08001dca       0x2c ./Core/Src/usart.o
 *fill*         0x08001df6        0x2 
 .text.LL_AHB1_GRP1_EnableClock
                0x08001df8       0x30 ./Core/Src/usart.o
 .text.LL_APB2_GRP1_EnableClock
                0x08001e28       0x30 ./Core/Src/usart.o
 .text.MX_USART6_UART_Init
                0x08001e58       0xc0 ./Core/Src/usart.o
                0x08001e58                MX_USART6_UART_Init
 .text.Reset_Handler
                0x08001f18       0x50 ./Core/Startup/startup_stm32f405rgtx.o
                0x08001f18                Reset_Handler
 .text.Default_Handler
                0x08001f68        0x2 ./Core/Startup/startup_stm32f405rgtx.o
                0x08001f68                RTC_Alarm_IRQHandler
                0x08001f68                HASH_RNG_IRQHandler
                0x08001f68                EXTI2_IRQHandler
                0x08001f68                TIM8_CC_IRQHandler
                0x08001f68                TIM1_CC_IRQHandler
                0x08001f68                DMA2_Stream5_IRQHandler
                0x08001f68                DMA1_Stream5_IRQHandler
                0x08001f68                PVD_IRQHandler
                0x08001f68                SDIO_IRQHandler
                0x08001f68                TAMP_STAMP_IRQHandler
                0x08001f68                CAN2_RX1_IRQHandler
                0x08001f68                EXTI3_IRQHandler
                0x08001f68                TIM8_TRG_COM_TIM14_IRQHandler
                0x08001f68                TIM1_UP_TIM10_IRQHandler
                0x08001f68                TIM8_UP_TIM13_IRQHandler
                0x08001f68                I2C3_ER_IRQHandler
                0x08001f68                EXTI0_IRQHandler
                0x08001f68                I2C2_EV_IRQHandler
                0x08001f68                DMA1_Stream2_IRQHandler
                0x08001f68                CAN1_RX0_IRQHandler
                0x08001f68                FPU_IRQHandler
                0x08001f68                OTG_HS_WKUP_IRQHandler
                0x08001f68                CAN2_SCE_IRQHandler
                0x08001f68                DMA2_Stream2_IRQHandler
                0x08001f68                SPI1_IRQHandler
                0x08001f68                TIM6_DAC_IRQHandler
                0x08001f68                TIM1_BRK_TIM9_IRQHandler
                0x08001f68                CAN2_RX0_IRQHandler
                0x08001f68                DMA2_Stream3_IRQHandler
                0x08001f68                USART3_IRQHandler
                0x08001f68                CAN1_RX1_IRQHandler
                0x08001f68                UART5_IRQHandler
                0x08001f68                DMA2_Stream0_IRQHandler
                0x08001f68                TIM4_IRQHandler
                0x08001f68                I2C1_EV_IRQHandler
                0x08001f68                DMA1_Stream6_IRQHandler
                0x08001f68                DMA1_Stream1_IRQHandler
                0x08001f68                UART4_IRQHandler
                0x08001f68                TIM3_IRQHandler
                0x08001f68                RCC_IRQHandler
                0x08001f68                TIM8_BRK_TIM12_IRQHandler
                0x08001f68                Default_Handler
                0x08001f68                EXTI15_10_IRQHandler
                0x08001f68                ADC_IRQHandler
                0x08001f68                DMA1_Stream7_IRQHandler
                0x08001f68                TIM7_IRQHandler
                0x08001f68                CAN2_TX_IRQHandler
                0x08001f68                TIM5_IRQHandler
                0x08001f68                DMA2_Stream7_IRQHandler
                0x08001f68                I2C3_EV_IRQHandler
                0x08001f68                EXTI9_5_IRQHandler
                0x08001f68                RTC_WKUP_IRQHandler
                0x08001f68                SPI2_IRQHandler
                0x08001f68                OTG_HS_EP1_IN_IRQHandler
                0x08001f68                DMA1_Stream0_IRQHandler
                0x08001f68                CAN1_TX_IRQHandler
                0x08001f68                EXTI4_IRQHandler
                0x08001f68                FSMC_IRQHandler
                0x08001f68                OTG_HS_EP1_OUT_IRQHandler
                0x08001f68                WWDG_IRQHandler
                0x08001f68                TIM2_IRQHandler
                0x08001f68                OTG_FS_WKUP_IRQHandler
                0x08001f68                TIM1_TRG_COM_TIM11_IRQHandler
                0x08001f68                OTG_HS_IRQHandler
                0x08001f68                EXTI1_IRQHandler
                0x08001f68                USART2_IRQHandler
                0x08001f68                I2C2_ER_IRQHandler
                0x08001f68                DMA2_Stream1_IRQHandler
                0x08001f68                CAN1_SCE_IRQHandler
                0x08001f68                FLASH_IRQHandler
                0x08001f68                DMA2_Stream4_IRQHandler
                0x08001f68                USART1_IRQHandler
                0x08001f68                OTG_FS_IRQHandler
                0x08001f68                SPI3_IRQHandler
                0x08001f68                DMA1_Stream4_IRQHandler
                0x08001f68                I2C1_ER_IRQHandler
                0x08001f68                DMA2_Stream6_IRQHandler
                0x08001f68                DMA1_Stream3_IRQHandler
 *fill*         0x08001f6a        0x2 
 .text.HAL_Init
                0x08001f6c       0x44 ./Drivers/STM32F4xx_HAL_Driver/Src/stm32f4xx_hal.o
                0x08001f6c                HAL_Init
 .text.HAL_InitTick
                0x08001fb0       0x60 ./Drivers/STM32F4xx_HAL_Driver/Src/stm32f4xx_hal.o
                0x08001fb0                HAL_InitTick
 .text.HAL_IncTick
                0x08002010       0x28 ./Drivers/STM32F4xx_HAL_Driver/Src/stm32f4xx_hal.o
                0x08002010                HAL_IncTick
 .text.HAL_GetTick
                0x08002038       0x18 ./Drivers/STM32F4xx_HAL_Driver/Src/stm32f4xx_hal.o
                0x08002038                HAL_GetTick
 .text.HAL_Delay
                0x08002050       0x48 ./Drivers/STM32F4xx_HAL_Driver/Src/stm32f4xx_hal.o
                0x08002050                HAL_Delay
 .text.__NVIC_SetPriorityGrouping
                0x08002098       0x48 ./Drivers/STM32F4xx_HAL_Driver/Src/stm32f4xx_hal_cortex.o
 .text.__NVIC_GetPriorityGrouping
                0x080020e0       0x1c ./Drivers/STM32F4xx_HAL_Driver/Src/stm32f4xx_hal_cortex.o
 .text.__NVIC_SetPriority
                0x080020fc       0x54 ./Drivers/STM32F4xx_HAL_Driver/Src/stm32f4xx_hal_cortex.o
 .text.NVIC_EncodePriority
                0x08002150       0x66 ./Drivers/STM32F4xx_HAL_Driver/Src/stm32f4xx_hal_cortex.o
 *fill*         0x080021b6        0x2 
 .text.SysTick_Config
                0x080021b8       0x44 ./Drivers/STM32F4xx_HAL_Driver/Src/stm32f4xx_hal_cortex.o
 .text.HAL_NVIC_SetPriorityGrouping
                0x080021fc       0x16 ./Drivers/STM32F4xx_HAL_Driver/Src/stm32f4xx_hal_cortex.o
                0x080021fc                HAL_NVIC_SetPriorityGrouping
 .text.HAL_NVIC_SetPriority
                0x08002212       0x38 ./Drivers/STM32F4xx_HAL_Driver/Src/stm32f4xx_hal_cortex.o
                0x08002212                HAL_NVIC_SetPriority
 .text.HAL_SYSTICK_Config
                0x0800224a       0x18 ./Drivers/STM32F4xx_HAL_Driver/Src/stm32f4xx_hal_cortex.o
                0x0800224a                HAL_SYSTICK_Config
 *fill*         0x08002262        0x2 
 .text.HAL_RCC_OscConfig
                0x08002264      0x4f0 ./Drivers/STM32F4xx_HAL_Driver/Src/stm32f4xx_hal_rcc.o
                0x08002264                HAL_RCC_OscConfig
 .text.HAL_RCC_ClockConfig
                0x08002754      0x1cc ./Drivers/STM32F4xx_HAL_Driver/Src/stm32f4xx_hal_rcc.o
                0x08002754                HAL_RCC_ClockConfig
 .text.HAL_RCC_GetSysClockFreq
                0x08002920      0x20c ./Drivers/STM32F4xx_HAL_Driver/Src/stm32f4xx_hal_rcc.o
                0x08002920                HAL_RCC_GetSysClockFreq
 .text.LL_GPIO_SetPinMode
                0x08002b2c       0x7a ./Drivers/STM32F4xx_HAL_Driver/Src/stm32f4xx_ll_gpio.o
 .text.LL_GPIO_SetPinOutputType
                0x08002ba6       0x30 ./Drivers/STM32F4xx_HAL_Driver/Src/stm32f4xx_ll_gpio.o
 .text.LL_GPIO_SetPinSpeed
                0x08002bd6       0x7a ./Drivers/STM32F4xx_HAL_Driver/Src/stm32f4xx_ll_gpio.o
 .text.LL_GPIO_SetPinPull
                0x08002c50       0x7a ./Drivers/STM32F4xx_HAL_Driver/Src/stm32f4xx_ll_gpio.o
 .text.LL_GPIO_SetAFPin_0_7
                0x08002cca       0x7a ./Drivers/STM32F4xx_HAL_Driver/Src/stm32f4xx_ll_gpio.o
 .text.LL_GPIO_SetAFPin_8_15
                0x08002d44       0x7e ./Drivers/STM32F4xx_HAL_Driver/Src/stm32f4xx_ll_gpio.o
 .text.LL_GPIO_Init
                0x08002dc2      0x102 ./Drivers/STM32F4xx_HAL_Driver/Src/stm32f4xx_ll_gpio.o
                0x08002dc2                LL_GPIO_Init
 .text.LL_RCC_GetSysClkSource
                0x08002ec4       0x1c ./Drivers/STM32F4xx_HAL_Driver/Src/stm32f4xx_ll_rcc.o
 .text.LL_RCC_GetAHBPrescaler
                0x08002ee0       0x1c ./Drivers/STM32F4xx_HAL_Driver/Src/stm32f4xx_ll_rcc.o
 .text.LL_RCC_GetAPB1Prescaler
                0x08002efc       0x1c ./Drivers/STM32F4xx_HAL_Driver/Src/stm32f4xx_ll_rcc.o
 .text.LL_RCC_GetAPB2Prescaler
                0x08002f18       0x1c ./Drivers/STM32F4xx_HAL_Driver/Src/stm32f4xx_ll_rcc.o
 .text.LL_RCC_PLL_GetMainSource
                0x08002f34       0x1c ./Drivers/STM32F4xx_HAL_Driver/Src/stm32f4xx_ll_rcc.o
 .text.LL_RCC_PLL_GetN
                0x08002f50       0x1c ./Drivers/STM32F4xx_HAL_Driver/Src/stm32f4xx_ll_rcc.o
 .text.LL_RCC_PLL_GetP
                0x08002f6c       0x1c ./Drivers/STM32F4xx_HAL_Driver/Src/stm32f4xx_ll_rcc.o
 .text.LL_RCC_PLL_GetDivider
                0x08002f88       0x1c ./Drivers/STM32F4xx_HAL_Driver/Src/stm32f4xx_ll_rcc.o
 .text.LL_RCC_GetSystemClocksFreq
                0x08002fa4       0x4a ./Drivers/STM32F4xx_HAL_Driver/Src/stm32f4xx_ll_rcc.o
                0x08002fa4                LL_RCC_GetSystemClocksFreq
 *fill*         0x08002fee        0x2 
 .text.RCC_GetSystemClockFreq
                0x08002ff0       0x50 ./Drivers/STM32F4xx_HAL_Driver/Src/stm32f4xx_ll_rcc.o
                0x08002ff0                RCC_GetSystemClockFreq
 .text.RCC_GetHCLKClockFreq
                0x08003040       0x2c ./Drivers/STM32F4xx_HAL_Driver/Src/stm32f4xx_ll_rcc.o
                0x08003040                RCC_GetHCLKClockFreq
 .text.RCC_GetPCLK1ClockFreq
                0x0800306c       0x28 ./Drivers/STM32F4xx_HAL_Driver/Src/stm32f4xx_ll_rcc.o
                0x0800306c                RCC_GetPCLK1ClockFreq
 .text.RCC_GetPCLK2ClockFreq
                0x08003094       0x28 ./Drivers/STM32F4xx_HAL_Driver/Src/stm32f4xx_ll_rcc.o
                0x08003094                RCC_GetPCLK2ClockFreq
 .text.RCC_PLL_GetFreqDomain_SYS
                0x080030bc       0x7c ./Drivers/STM32F4xx_HAL_Driver/Src/stm32f4xx_ll_rcc.o
                0x080030bc                RCC_PLL_GetFreqDomain_SYS
 .text.LL_SPI_IsEnabled
                0x08003138       0x26 ./Drivers/STM32F4xx_HAL_Driver/Src/stm32f4xx_ll_spi.o
 .text.LL_SPI_SetCRCPolynomial
                0x0800315e       0x20 ./Drivers/STM32F4xx_HAL_Driver/Src/stm32f4xx_ll_spi.o
 .text.LL_SPI_Init
                0x0800317e       0xa4 ./Drivers/STM32F4xx_HAL_Driver/Src/stm32f4xx_ll_spi.o
                0x0800317e                LL_SPI_Init
 .text.LL_TIM_SetPrescaler
                0x08003222       0x1c ./Drivers/STM32F4xx_HAL_Driver/Src/stm32f4xx_ll_tim.o
 .text.LL_TIM_SetAutoReload
                0x0800323e       0x1c ./Drivers/STM32F4xx_HAL_Driver/Src/stm32f4xx_ll_tim.o
 .text.LL_TIM_SetRepetitionCounter
                0x0800325a       0x1c ./Drivers/STM32F4xx_HAL_Driver/Src/stm32f4xx_ll_tim.o
 .text.LL_TIM_OC_SetCompareCH1
                0x08003276       0x1c ./Drivers/STM32F4xx_HAL_Driver/Src/stm32f4xx_ll_tim.o
 .text.LL_TIM_OC_SetCompareCH2
                0x08003292       0x1c ./Drivers/STM32F4xx_HAL_Driver/Src/stm32f4xx_ll_tim.o
 .text.LL_TIM_OC_SetCompareCH3
                0x080032ae       0x1c ./Drivers/STM32F4xx_HAL_Driver/Src/stm32f4xx_ll_tim.o
 .text.LL_TIM_OC_SetCompareCH4
                0x080032ca       0x1c ./Drivers/STM32F4xx_HAL_Driver/Src/stm32f4xx_ll_tim.o
 .text.LL_TIM_GenerateEvent_UPDATE
                0x080032e6       0x20 ./Drivers/STM32F4xx_HAL_Driver/Src/stm32f4xx_ll_tim.o
 *fill*         0x08003306        0x2 
 .text.LL_TIM_Init
                0x08003308      0x134 ./Drivers/STM32F4xx_HAL_Driver/Src/stm32f4xx_ll_tim.o
                0x08003308                LL_TIM_Init
 .text.LL_TIM_OC_Init
                0x0800343c       0x82 ./Drivers/STM32F4xx_HAL_Driver/Src/stm32f4xx_ll_tim.o
                0x0800343c                LL_TIM_OC_Init
 *fill*         0x080034be        0x2 
 .text.OC1Config
                0x080034c0       0xd8 ./Drivers/STM32F4xx_HAL_Driver/Src/stm32f4xx_ll_tim.o
 .text.OC2Config
                0x08003598       0xe0 ./Drivers/STM32F4xx_HAL_Driver/Src/stm32f4xx_ll_tim.o
 .text.OC3Config
                0x08003678       0xe0 ./Drivers/STM32F4xx_HAL_Driver/Src/stm32f4xx_ll_tim.o
 .text.OC4Config
                0x08003758       0xb0 ./Drivers/STM32F4xx_HAL_Driver/Src/stm32f4xx_ll_tim.o
 .text.LL_USART_IsEnabled
                0x08003808       0x28 ./Drivers/STM32F4xx_HAL_Driver/Src/stm32f4xx_ll_usart.o
 .text.LL_USART_SetStopBitsLength
                0x08003830       0x26 ./Drivers/STM32F4xx_HAL_Driver/Src/stm32f4xx_ll_usart.o
 .text.LL_USART_SetHWFlowCtrl
                0x08003856       0x26 ./Drivers/STM32F4xx_HAL_Driver/Src/stm32f4xx_ll_usart.o
 .text.LL_USART_SetBaudRate
                0x0800387c      0x45c ./Drivers/STM32F4xx_HAL_Driver/Src/stm32f4xx_ll_usart.o
 .text.LL_USART_Init
                0x08003cd8      0x100 ./Drivers/STM32F4xx_HAL_Driver/Src/stm32f4xx_ll_usart.o
                0x08003cd8                LL_USART_Init
 .text.std      0x08003dd8       0x6c C:/ST/STM32CubeIDE_1.19.0/STM32CubeIDE/plugins/com.st.stm32cube.ide.mcu.externaltools.gnu-tools-for-stm32.13.3.rel1.win32_1.0.0.202411081344/tools/bin/../lib/gcc/arm-none-eabi/13.3.1/../../../../arm-none-eabi/lib/thumb/v7e-m+fp/hard\libc_nano.a(libc_a-findfp.o)
 .text.stdio_exit_handler
                0x08003e44       0x18 C:/ST/STM32CubeIDE_1.19.0/STM32CubeIDE/plugins/com.st.stm32cube.ide.mcu.externaltools.gnu-tools-for-stm32.13.3.rel1.win32_1.0.0.202411081344/tools/bin/../lib/gcc/arm-none-eabi/13.3.1/../../../../arm-none-eabi/lib/thumb/v7e-m+fp/hard\libc_nano.a(libc_a-findfp.o)
 .text.cleanup_stdio
                0x08003e5c       0x40 C:/ST/STM32CubeIDE_1.19.0/STM32CubeIDE/plugins/com.st.stm32cube.ide.mcu.externaltools.gnu-tools-for-stm32.13.3.rel1.win32_1.0.0.202411081344/tools/bin/../lib/gcc/arm-none-eabi/13.3.1/../../../../arm-none-eabi/lib/thumb/v7e-m+fp/hard\libc_nano.a(libc_a-findfp.o)
 .text.global_stdio_init.part.0
                0x08003e9c       0x3c C:/ST/STM32CubeIDE_1.19.0/STM32CubeIDE/plugins/com.st.stm32cube.ide.mcu.externaltools.gnu-tools-for-stm32.13.3.rel1.win32_1.0.0.202411081344/tools/bin/../lib/gcc/arm-none-eabi/13.3.1/../../../../arm-none-eabi/lib/thumb/v7e-m+fp/hard\libc_nano.a(libc_a-findfp.o)
 .text.__sfp_lock_acquire
                0x08003ed8        0xc C:/ST/STM32CubeIDE_1.19.0/STM32CubeIDE/plugins/com.st.stm32cube.ide.mcu.externaltools.gnu-tools-for-stm32.13.3.rel1.win32_1.0.0.202411081344/tools/bin/../lib/gcc/arm-none-eabi/13.3.1/../../../../arm-none-eabi/lib/thumb/v7e-m+fp/hard\libc_nano.a(libc_a-findfp.o)
                0x08003ed8                __sfp_lock_acquire
 .text.__sfp_lock_release
                0x08003ee4        0xc C:/ST/STM32CubeIDE_1.19.0/STM32CubeIDE/plugins/com.st.stm32cube.ide.mcu.externaltools.gnu-tools-for-stm32.13.3.rel1.win32_1.0.0.202411081344/tools/bin/../lib/gcc/arm-none-eabi/13.3.1/../../../../arm-none-eabi/lib/thumb/v7e-m+fp/hard\libc_nano.a(libc_a-findfp.o)
                0x08003ee4                __sfp_lock_release
 .text.__sinit  0x08003ef0       0x30 C:/ST/STM32CubeIDE_1.19.0/STM32CubeIDE/plugins/com.st.stm32cube.ide.mcu.externaltools.gnu-tools-for-stm32.13.3.rel1.win32_1.0.0.202411081344/tools/bin/../lib/gcc/arm-none-eabi/13.3.1/../../../../arm-none-eabi/lib/thumb/v7e-m+fp/hard\libc_nano.a(libc_a-findfp.o)
                0x08003ef0                __sinit
 .text._fwalk_sglue
                0x08003f20       0x3c C:/ST/STM32CubeIDE_1.19.0/STM32CubeIDE/plugins/com.st.stm32cube.ide.mcu.externaltools.gnu-tools-for-stm32.13.3.rel1.win32_1.0.0.202411081344/tools/bin/../lib/gcc/arm-none-eabi/13.3.1/../../../../arm-none-eabi/lib/thumb/v7e-m+fp/hard\libc_nano.a(libc_a-fwalk.o)
                0x08003f20                _fwalk_sglue
 .text.printf   0x08003f5c       0x24 C:/ST/STM32CubeIDE_1.19.0/STM32CubeIDE/plugins/com.st.stm32cube.ide.mcu.externaltools.gnu-tools-for-stm32.13.3.rel1.win32_1.0.0.202411081344/tools/bin/../lib/gcc/arm-none-eabi/13.3.1/../../../../arm-none-eabi/lib/thumb/v7e-m+fp/hard\libc_nano.a(libc_a-printf.o)
                0x08003f5c                iprintf
                0x08003f5c                printf
 .text._puts_r  0x08003f80       0xaa C:/ST/STM32CubeIDE_1.19.0/STM32CubeIDE/plugins/com.st.stm32cube.ide.mcu.externaltools.gnu-tools-for-stm32.13.3.rel1.win32_1.0.0.202411081344/tools/bin/../lib/gcc/arm-none-eabi/13.3.1/../../../../arm-none-eabi/lib/thumb/v7e-m+fp/hard\libc_nano.a(libc_a-puts.o)
                0x08003f80                _puts_r
 *fill*         0x0800402a        0x2 
 .text.puts     0x0800402c       0x10 C:/ST/STM32CubeIDE_1.19.0/STM32CubeIDE/plugins/com.st.stm32cube.ide.mcu.externaltools.gnu-tools-for-stm32.13.3.rel1.win32_1.0.0.202411081344/tools/bin/../lib/gcc/arm-none-eabi/13.3.1/../../../../arm-none-eabi/lib/thumb/v7e-m+fp/hard\libc_nano.a(libc_a-puts.o)
                0x0800402c                puts
 .text.__sread  0x0800403c       0x22 C:/ST/STM32CubeIDE_1.19.0/STM32CubeIDE/plugins/com.st.stm32cube.ide.mcu.externaltools.gnu-tools-for-stm32.13.3.rel1.win32_1.0.0.202411081344/tools/bin/../lib/gcc/arm-none-eabi/13.3.1/../../../../arm-none-eabi/lib/thumb/v7e-m+fp/hard\libc_nano.a(libc_a-stdio.o)
                0x0800403c                __sread
 .text.__swrite
                0x0800405e       0x38 C:/ST/STM32CubeIDE_1.19.0/STM32CubeIDE/plugins/com.st.stm32cube.ide.mcu.externaltools.gnu-tools-for-stm32.13.3.rel1.win32_1.0.0.202411081344/tools/bin/../lib/gcc/arm-none-eabi/13.3.1/../../../../arm-none-eabi/lib/thumb/v7e-m+fp/hard\libc_nano.a(libc_a-stdio.o)
                0x0800405e                __swrite
 .text.__sseek  0x08004096       0x24 C:/ST/STM32CubeIDE_1.19.0/STM32CubeIDE/plugins/com.st.stm32cube.ide.mcu.externaltools.gnu-tools-for-stm32.13.3.rel1.win32_1.0.0.202411081344/tools/bin/../lib/gcc/arm-none-eabi/13.3.1/../../../../arm-none-eabi/lib/thumb/v7e-m+fp/hard\libc_nano.a(libc_a-stdio.o)
                0x08004096                __sseek
 .text.__sclose
                0x080040ba        0x8 C:/ST/STM32CubeIDE_1.19.0/STM32CubeIDE/plugins/com.st.stm32cube.ide.mcu.externaltools.gnu-tools-for-stm32.13.3.rel1.win32_1.0.0.202411081344/tools/bin/../lib/gcc/arm-none-eabi/13.3.1/../../../../arm-none-eabi/lib/thumb/v7e-m+fp/hard\libc_nano.a(libc_a-stdio.o)
                0x080040ba                __sclose
 .text.__swbuf_r
                0x080040c2       0x7c C:/ST/STM32CubeIDE_1.19.0/STM32CubeIDE/plugins/com.st.stm32cube.ide.mcu.externaltools.gnu-tools-for-stm32.13.3.rel1.win32_1.0.0.202411081344/tools/bin/../lib/gcc/arm-none-eabi/13.3.1/../../../../arm-none-eabi/lib/thumb/v7e-m+fp/hard\libc_nano.a(libc_a-wbuf.o)
                0x080040c2                __swbuf_r
 *fill*         0x0800413e        0x2 
 .text.__swsetup_r
                0x08004140       0xac C:/ST/STM32CubeIDE_1.19.0/STM32CubeIDE/plugins/com.st.stm32cube.ide.mcu.externaltools.gnu-tools-for-stm32.13.3.rel1.win32_1.0.0.202411081344/tools/bin/../lib/gcc/arm-none-eabi/13.3.1/../../../../arm-none-eabi/lib/thumb/v7e-m+fp/hard\libc_nano.a(libc_a-wsetup.o)
                0x08004140                __swsetup_r
 .text.memset   0x080041ec       0x10 C:/ST/STM32CubeIDE_1.19.0/STM32CubeIDE/plugins/com.st.stm32cube.ide.mcu.externaltools.gnu-tools-for-stm32.13.3.rel1.win32_1.0.0.202411081344/tools/bin/../lib/gcc/arm-none-eabi/13.3.1/../../../../arm-none-eabi/lib/thumb/v7e-m+fp/hard\libc_nano.a(libc_a-memset.o)
                0x080041ec                memset
 .text._close_r
                0x080041fc       0x20 C:/ST/STM32CubeIDE_1.19.0/STM32CubeIDE/plugins/com.st.stm32cube.ide.mcu.externaltools.gnu-tools-for-stm32.13.3.rel1.win32_1.0.0.202411081344/tools/bin/../lib/gcc/arm-none-eabi/13.3.1/../../../../arm-none-eabi/lib/thumb/v7e-m+fp/hard\libc_nano.a(libc_a-closer.o)
                0x080041fc                _close_r
 .text._lseek_r
                0x0800421c       0x24 C:/ST/STM32CubeIDE_1.19.0/STM32CubeIDE/plugins/com.st.stm32cube.ide.mcu.externaltools.gnu-tools-for-stm32.13.3.rel1.win32_1.0.0.202411081344/tools/bin/../lib/gcc/arm-none-eabi/13.3.1/../../../../arm-none-eabi/lib/thumb/v7e-m+fp/hard\libc_nano.a(libc_a-lseekr.o)
                0x0800421c                _lseek_r
 .text._read_r  0x08004240       0x24 C:/ST/STM32CubeIDE_1.19.0/STM32CubeIDE/plugins/com.st.stm32cube.ide.mcu.externaltools.gnu-tools-for-stm32.13.3.rel1.win32_1.0.0.202411081344/tools/bin/../lib/gcc/arm-none-eabi/13.3.1/../../../../arm-none-eabi/lib/thumb/v7e-m+fp/hard\libc_nano.a(libc_a-readr.o)
                0x08004240                _read_r
 .text._write_r
                0x08004264       0x24 C:/ST/STM32CubeIDE_1.19.0/STM32CubeIDE/plugins/com.st.stm32cube.ide.mcu.externaltools.gnu-tools-for-stm32.13.3.rel1.win32_1.0.0.202411081344/tools/bin/../lib/gcc/arm-none-eabi/13.3.1/../../../../arm-none-eabi/lib/thumb/v7e-m+fp/hard\libc_nano.a(libc_a-writer.o)
                0x08004264                _write_r
 .text.__errno  0x08004288        0xc C:/ST/STM32CubeIDE_1.19.0/STM32CubeIDE/plugins/com.st.stm32cube.ide.mcu.externaltools.gnu-tools-for-stm32.13.3.rel1.win32_1.0.0.202411081344/tools/bin/../lib/gcc/arm-none-eabi/13.3.1/../../../../arm-none-eabi/lib/thumb/v7e-m+fp/hard\libc_nano.a(libc_a-errno.o)
                0x08004288                __errno
 .text.__libc_init_array
                0x08004294       0x48 C:/ST/STM32CubeIDE_1.19.0/STM32CubeIDE/plugins/com.st.stm32cube.ide.mcu.externaltools.gnu-tools-for-stm32.13.3.rel1.win32_1.0.0.202411081344/tools/bin/../lib/gcc/arm-none-eabi/13.3.1/../../../../arm-none-eabi/lib/thumb/v7e-m+fp/hard\libc_nano.a(libc_a-init.o)
                0x08004294                __libc_init_array
 .text.__retarget_lock_init_recursive
                0x080042dc        0x2 C:/ST/STM32CubeIDE_1.19.0/STM32CubeIDE/plugins/com.st.stm32cube.ide.mcu.externaltools.gnu-tools-for-stm32.13.3.rel1.win32_1.0.0.202411081344/tools/bin/../lib/gcc/arm-none-eabi/13.3.1/../../../../arm-none-eabi/lib/thumb/v7e-m+fp/hard\libc_nano.a(libc_a-lock.o)
                0x080042dc                __retarget_lock_init_recursive
 .text.__retarget_lock_acquire_recursive
                0x080042de        0x2 C:/ST/STM32CubeIDE_1.19.0/STM32CubeIDE/plugins/com.st.stm32cube.ide.mcu.externaltools.gnu-tools-for-stm32.13.3.rel1.win32_1.0.0.202411081344/tools/bin/../lib/gcc/arm-none-eabi/13.3.1/../../../../arm-none-eabi/lib/thumb/v7e-m+fp/hard\libc_nano.a(libc_a-lock.o)
                0x080042de                __retarget_lock_acquire_recursive
 .text.__retarget_lock_release_recursive
                0x080042e0        0x2 C:/ST/STM32CubeIDE_1.19.0/STM32CubeIDE/plugins/com.st.stm32cube.ide.mcu.externaltools.gnu-tools-for-stm32.13.3.rel1.win32_1.0.0.202411081344/tools/bin/../lib/gcc/arm-none-eabi/13.3.1/../../../../arm-none-eabi/lib/thumb/v7e-m+fp/hard\libc_nano.a(libc_a-lock.o)
                0x080042e0                __retarget_lock_release_recursive
 *fill*         0x080042e2        0x2 
 .text._free_r  0x080042e4       0x94 C:/ST/STM32CubeIDE_1.19.0/STM32CubeIDE/plugins/com.st.stm32cube.ide.mcu.externaltools.gnu-tools-for-stm32.13.3.rel1.win32_1.0.0.202411081344/tools/bin/../lib/gcc/arm-none-eabi/13.3.1/../../../../arm-none-eabi/lib/thumb/v7e-m+fp/hard\libc_nano.a(libc_a-freer.o)
                0x080042e4                _free_r
 .text.sbrk_aligned
                0x08004378       0x44 C:/ST/STM32CubeIDE_1.19.0/STM32CubeIDE/plugins/com.st.stm32cube.ide.mcu.externaltools.gnu-tools-for-stm32.13.3.rel1.win32_1.0.0.202411081344/tools/bin/../lib/gcc/arm-none-eabi/13.3.1/../../../../arm-none-eabi/lib/thumb/v7e-m+fp/hard\libc_nano.a(libc_a-mallocr.o)
 .text._malloc_r
                0x080043bc      0x100 C:/ST/STM32CubeIDE_1.19.0/STM32CubeIDE/plugins/com.st.stm32cube.ide.mcu.externaltools.gnu-tools-for-stm32.13.3.rel1.win32_1.0.0.202411081344/tools/bin/../lib/gcc/arm-none-eabi/13.3.1/../../../../arm-none-eabi/lib/thumb/v7e-m+fp/hard\libc_nano.a(libc_a-mallocr.o)
                0x080043bc                _malloc_r
 .text.__malloc_lock
                0x080044bc        0xc C:/ST/STM32CubeIDE_1.19.0/STM32CubeIDE/plugins/com.st.stm32cube.ide.mcu.externaltools.gnu-tools-for-stm32.13.3.rel1.win32_1.0.0.202411081344/tools/bin/../lib/gcc/arm-none-eabi/13.3.1/../../../../arm-none-eabi/lib/thumb/v7e-m+fp/hard\libc_nano.a(libc_a-mlock.o)
                0x080044bc                __malloc_lock
 .text.__malloc_unlock
                0x080044c8        0xc C:/ST/STM32CubeIDE_1.19.0/STM32CubeIDE/plugins/com.st.stm32cube.ide.mcu.externaltools.gnu-tools-for-stm32.13.3.rel1.win32_1.0.0.202411081344/tools/bin/../lib/gcc/arm-none-eabi/13.3.1/../../../../arm-none-eabi/lib/thumb/v7e-m+fp/hard\libc_nano.a(libc_a-mlock.o)
                0x080044c8                __malloc_unlock
 .text.__sfputc_r
                0x080044d4       0x2e C:/ST/STM32CubeIDE_1.19.0/STM32CubeIDE/plugins/com.st.stm32cube.ide.mcu.externaltools.gnu-tools-for-stm32.13.3.rel1.win32_1.0.0.202411081344/tools/bin/../lib/gcc/arm-none-eabi/13.3.1/../../../../arm-none-eabi/lib/thumb/v7e-m+fp/hard\libc_nano.a(libc_a-nano-vfprintf.o)
 .text.__sfputs_r
                0x08004502       0x24 C:/ST/STM32CubeIDE_1.19.0/STM32CubeIDE/plugins/com.st.stm32cube.ide.mcu.externaltools.gnu-tools-for-stm32.13.3.rel1.win32_1.0.0.202411081344/tools/bin/../lib/gcc/arm-none-eabi/13.3.1/../../../../arm-none-eabi/lib/thumb/v7e-m+fp/hard\libc_nano.a(libc_a-nano-vfprintf.o)
                0x08004502                __sfputs_r
 *fill*         0x08004526        0x2 
 .text._vfprintf_r
                0x08004528      0x230 C:/ST/STM32CubeIDE_1.19.0/STM32CubeIDE/plugins/com.st.stm32cube.ide.mcu.externaltools.gnu-tools-for-stm32.13.3.rel1.win32_1.0.0.202411081344/tools/bin/../lib/gcc/arm-none-eabi/13.3.1/../../../../arm-none-eabi/lib/thumb/v7e-m+fp/hard\libc_nano.a(libc_a-nano-vfprintf.o)
                0x08004528                _vfprintf_r
                0x08004528                _vfiprintf_r
 .text._printf_common
                0x08004758       0xda C:/ST/STM32CubeIDE_1.19.0/STM32CubeIDE/plugins/com.st.stm32cube.ide.mcu.externaltools.gnu-tools-for-stm32.13.3.rel1.win32_1.0.0.202411081344/tools/bin/../lib/gcc/arm-none-eabi/13.3.1/../../../../arm-none-eabi/lib/thumb/v7e-m+fp/hard\libc_nano.a(libc_a-nano-vfprintf_i.o)
                0x08004758                _printf_common
 *fill*         0x08004832        0x2 
 .text._printf_i
                0x08004834      0x23c C:/ST/STM32CubeIDE_1.19.0/STM32CubeIDE/plugins/com.st.stm32cube.ide.mcu.externaltools.gnu-tools-for-stm32.13.3.rel1.win32_1.0.0.202411081344/tools/bin/../lib/gcc/arm-none-eabi/13.3.1/../../../../arm-none-eabi/lib/thumb/v7e-m+fp/hard\libc_nano.a(libc_a-nano-vfprintf_i.o)
                0x08004834                _printf_i
 .text.__sflush_r
                0x08004a70      0x108 C:/ST/STM32CubeIDE_1.19.0/STM32CubeIDE/plugins/com.st.stm32cube.ide.mcu.externaltools.gnu-tools-for-stm32.13.3.rel1.win32_1.0.0.202411081344/tools/bin/../lib/gcc/arm-none-eabi/13.3.1/../../../../arm-none-eabi/lib/thumb/v7e-m+fp/hard\libc_nano.a(libc_a-fflush.o)
                0x08004a70                __sflush_r
 .text._fflush_r
                0x08004b78       0x50 C:/ST/STM32CubeIDE_1.19.0/STM32CubeIDE/plugins/com.st.stm32cube.ide.mcu.externaltools.gnu-tools-for-stm32.13.3.rel1.win32_1.0.0.202411081344/tools/bin/../lib/gcc/arm-none-eabi/13.3.1/../../../../arm-none-eabi/lib/thumb/v7e-m+fp/hard\libc_nano.a(libc_a-fflush.o)
                0x08004b78                _fflush_r
 .text.__swhatbuf_r
                0x08004bc8       0x4c C:/ST/STM32CubeIDE_1.19.0/STM32CubeIDE/plugins/com.st.stm32cube.ide.mcu.externaltools.gnu-tools-for-stm32.13.3.rel1.win32_1.0.0.202411081344/tools/bin/../lib/gcc/arm-none-eabi/13.3.1/../../../../arm-none-eabi/lib/thumb/v7e-m+fp/hard\libc_nano.a(libc_a-makebuf.o)
                0x08004bc8                __swhatbuf_r
 .text.__smakebuf_r
                0x08004c14       0x78 C:/ST/STM32CubeIDE_1.19.0/STM32CubeIDE/plugins/com.st.stm32cube.ide.mcu.externaltools.gnu-tools-for-stm32.13.3.rel1.win32_1.0.0.202411081344/tools/bin/../lib/gcc/arm-none-eabi/13.3.1/../../../../arm-none-eabi/lib/thumb/v7e-m+fp/hard\libc_nano.a(libc_a-makebuf.o)
                0x08004c14                __smakebuf_r
 .text._fstat_r
                0x08004c8c       0x24 C:/ST/STM32CubeIDE_1.19.0/STM32CubeIDE/plugins/com.st.stm32cube.ide.mcu.externaltools.gnu-tools-for-stm32.13.3.rel1.win32_1.0.0.202411081344/tools/bin/../lib/gcc/arm-none-eabi/13.3.1/../../../../arm-none-eabi/lib/thumb/v7e-m+fp/hard\libc_nano.a(libc_a-fstatr.o)
                0x08004c8c                _fstat_r
 .text._isatty_r
                0x08004cb0       0x20 C:/ST/STM32CubeIDE_1.19.0/STM32CubeIDE/plugins/com.st.stm32cube.ide.mcu.externaltools.gnu-tools-for-stm32.13.3.rel1.win32_1.0.0.202411081344/tools/bin/../lib/gcc/arm-none-eabi/13.3.1/../../../../arm-none-eabi/lib/thumb/v7e-m+fp/hard\libc_nano.a(libc_a-isattyr.o)
                0x08004cb0                _isatty_r
 .text._sbrk_r  0x08004cd0       0x20 C:/ST/STM32CubeIDE_1.19.0/STM32CubeIDE/plugins/com.st.stm32cube.ide.mcu.externaltools.gnu-tools-for-stm32.13.3.rel1.win32_1.0.0.202411081344/tools/bin/../lib/gcc/arm-none-eabi/13.3.1/../../../../arm-none-eabi/lib/thumb/v7e-m+fp/hard\libc_nano.a(libc_a-sbrkr.o)
                0x08004cd0                _sbrk_r
 *(.glue_7)
 .glue_7        0x08004cf0        0x0 linker stubs
 *(.glue_7t)
 .glue_7t       0x08004cf0        0x0 linker stubs
 *(.eh_frame)
 .eh_frame      0x08004cf0        0x0 C:/ST/STM32CubeIDE_1.19.0/STM32CubeIDE/plugins/com.st.stm32cube.ide.mcu.externaltools.gnu-tools-for-stm32.13.3.rel1.win32_1.0.0.202411081344/tools/bin/../lib/gcc/arm-none-eabi/13.3.1/thumb/v7e-m+fp/hard/crtbegin.o
 *(.init)
 .init          0x08004cf0        0x4 C:/ST/STM32CubeIDE_1.19.0/STM32CubeIDE/plugins/com.st.stm32cube.ide.mcu.externaltools.gnu-tools-for-stm32.13.3.rel1.win32_1.0.0.202411081344/tools/bin/../lib/gcc/arm-none-eabi/13.3.1/thumb/v7e-m+fp/hard/crti.o
                0x08004cf0                _init
 .init          0x08004cf4        0x8 C:/ST/STM32CubeIDE_1.19.0/STM32CubeIDE/plugins/com.st.stm32cube.ide.mcu.externaltools.gnu-tools-for-stm32.13.3.rel1.win32_1.0.0.202411081344/tools/bin/../lib/gcc/arm-none-eabi/13.3.1/thumb/v7e-m+fp/hard/crtn.o
 *(.fini)
 .fini          0x08004cfc        0x4 C:/ST/STM32CubeIDE_1.19.0/STM32CubeIDE/plugins/com.st.stm32cube.ide.mcu.externaltools.gnu-tools-for-stm32.13.3.rel1.win32_1.0.0.202411081344/tools/bin/../lib/gcc/arm-none-eabi/13.3.1/thumb/v7e-m+fp/hard/crti.o
                0x08004cfc                _fini
 .fini          0x08004d00        0x8 C:/ST/STM32CubeIDE_1.19.0/STM32CubeIDE/plugins/com.st.stm32cube.ide.mcu.externaltools.gnu-tools-for-stm32.13.3.rel1.win32_1.0.0.202411081344/tools/bin/../lib/gcc/arm-none-eabi/13.3.1/thumb/v7e-m+fp/hard/crtn.o
                0x08004d08                        . = ALIGN (0x4)
                0x08004d08                        _etext = .

.vfp11_veneer   0x08004d08        0x0
 .vfp11_veneer  0x08004d08        0x0 linker stubs

.v4_bx          0x08004d08        0x0
 .v4_bx         0x08004d08        0x0 linker stubs

.iplt           0x08004d08        0x0
 .iplt          0x08004d08        0x0 C:/ST/STM32CubeIDE_1.19.0/STM32CubeIDE/plugins/com.st.stm32cube.ide.mcu.externaltools.gnu-tools-for-stm32.13.3.rel1.win32_1.0.0.202411081344/tools/bin/../lib/gcc/arm-none-eabi/13.3.1/thumb/v7e-m+fp/hard/crtbegin.o

.rodata         0x08004d08      0x17c
                0x08004d08                        . = ALIGN (0x4)
 *(.rodata)
 .rodata        0x08004d08       0xac ./Core/Src/BNO080.o
 .rodata        0x08004db4       0x66 ./Core/Src/ICM20602.o
 *fill*         0x08004e1a        0x2 
 .rodata        0x08004e1c        0xb ./Core/Src/main.o
 *(.rodata*)
 *fill*         0x08004e27        0x1 
 .rodata.AHBPrescTable
                0x08004e28       0x10 ./Core/Src/system_stm32f4xx.o
                0x08004e28                AHBPrescTable
 .rodata.APBPrescTable
                0x08004e38        0x8 ./Core/Src/system_stm32f4xx.o
                0x08004e38                APBPrescTable
 .rodata.OFFSET_TAB_CCMRx
                0x08004e40        0x7 ./Core/Src/tim.o
 *fill*         0x08004e47        0x1 
 .rodata.SHIFT_TAB_OCxx
                0x08004e48        0x7 ./Core/Src/tim.o
 .rodata._vfprintf_r.str1.1
                0x08004e4f       0x33 C:/ST/STM32CubeIDE_1.19.0/STM32CubeIDE/plugins/com.st.stm32cube.ide.mcu.externaltools.gnu-tools-for-stm32.13.3.rel1.win32_1.0.0.202411081344/tools/bin/../lib/gcc/arm-none-eabi/13.3.1/../../../../arm-none-eabi/lib/thumb/v7e-m+fp/hard\libc_nano.a(libc_a-nano-vfprintf.o)
                                 0x11 (size before relaxing)
 .rodata._printf_i.str1.1
                0x08004e82       0x22 C:/ST/STM32CubeIDE_1.19.0/STM32CubeIDE/plugins/com.st.stm32cube.ide.mcu.externaltools.gnu-tools-for-stm32.13.3.rel1.win32_1.0.0.202411081344/tools/bin/../lib/gcc/arm-none-eabi/13.3.1/../../../../arm-none-eabi/lib/thumb/v7e-m+fp/hard\libc_nano.a(libc_a-nano-vfprintf_i.o)
                0x08004ea4                        . = ALIGN (0x4)
 *fill*         0x08004e82        0x2 

.ARM.extab      0x08004e84        0x0
                0x08004e84                        . = ALIGN (0x4)
 *(.ARM.extab* .gnu.linkonce.armextab.*)
                0x08004e84                        . = ALIGN (0x4)

.ARM            0x08004e84        0x8
                0x08004e84                        . = ALIGN (0x4)
                0x08004e84                        __exidx_start = .
 *(.ARM.exidx*)
 .ARM.exidx     0x08004e84        0x8 C:/ST/STM32CubeIDE_1.19.0/STM32CubeIDE/plugins/com.st.stm32cube.ide.mcu.externaltools.gnu-tools-for-stm32.13.3.rel1.win32_1.0.0.202411081344/tools/bin/../lib/gcc/arm-none-eabi/13.3.1/../../../../arm-none-eabi/lib/thumb/v7e-m+fp/hard\libc_nano.a(libc_a-memchr.o)
 .ARM.exidx     0x08004e8c        0x0 C:/ST/STM32CubeIDE_1.19.0/STM32CubeIDE/plugins/com.st.stm32cube.ide.mcu.externaltools.gnu-tools-for-stm32.13.3.rel1.win32_1.0.0.202411081344/tools/bin/../lib/gcc/arm-none-eabi/13.3.1/thumb/v7e-m+fp/hard\libgcc.a(_udivmoddi4.o)
                                  0x8 (size before relaxing)
                0x08004e8c                        __exidx_end = .
                0x08004e8c                        . = ALIGN (0x4)

.preinit_array  0x08004e8c        0x0
                0x08004e8c                        . = ALIGN (0x4)
                0x08004e8c                        PROVIDE (__preinit_array_start = .)
 *(.preinit_array*)
                0x08004e8c                        PROVIDE (__preinit_array_end = .)
                0x08004e8c                        . = ALIGN (0x4)

.init_array     0x08004e8c        0x4
                0x08004e8c                        . = ALIGN (0x4)
                0x08004e8c                        PROVIDE (__init_array_start = .)
 *(SORT_BY_NAME(.init_array.*))
 *(.init_array*)
 .init_array    0x08004e8c        0x4 C:/ST/STM32CubeIDE_1.19.0/STM32CubeIDE/plugins/com.st.stm32cube.ide.mcu.externaltools.gnu-tools-for-stm32.13.3.rel1.win32_1.0.0.202411081344/tools/bin/../lib/gcc/arm-none-eabi/13.3.1/thumb/v7e-m+fp/hard/crtbegin.o
                0x08004e90                        PROVIDE (__init_array_end = .)
                0x08004e90                        . = ALIGN (0x4)

.fini_array     0x08004e90        0x4
                0x08004e90                        . = ALIGN (0x4)
                [!provide]                        PROVIDE (__fini_array_start = .)
 *(SORT_BY_NAME(.fini_array.*))
 *(.fini_array*)
 .fini_array    0x08004e90        0x4 C:/ST/STM32CubeIDE_1.19.0/STM32CubeIDE/plugins/com.st.stm32cube.ide.mcu.externaltools.gnu-tools-for-stm32.13.3.rel1.win32_1.0.0.202411081344/tools/bin/../lib/gcc/arm-none-eabi/13.3.1/thumb/v7e-m+fp/hard/crtbegin.o
                [!provide]                        PROVIDE (__fini_array_end = .)
                0x08004e94                        . = ALIGN (0x4)
                0x08004e94                        _sidata = LOADADDR (.data)

.rel.dyn        0x08004e94        0x0
 .rel.iplt      0x08004e94        0x0 C:/ST/STM32CubeIDE_1.19.0/STM32CubeIDE/plugins/com.st.stm32cube.ide.mcu.externaltools.gnu-tools-for-stm32.13.3.rel1.win32_1.0.0.202411081344/tools/bin/../lib/gcc/arm-none-eabi/13.3.1/thumb/v7e-m+fp/hard/crtbegin.o

.data           0x20000000       0x68 load address 0x08004e94
                0x20000000                        . = ALIGN (0x4)
                0x20000000                        _sdata = .
 *(.data)
 *(.data*)
 .data.SystemCoreClock
                0x20000000        0x4 ./Core/Src/system_stm32f4xx.o
                0x20000000                SystemCoreClock
 .data.uwTickPrio
                0x20000004        0x4 ./Drivers/STM32F4xx_HAL_Driver/Src/stm32f4xx_hal.o
                0x20000004                uwTickPrio
 .data.uwTickFreq
                0x20000008        0x1 ./Drivers/STM32F4xx_HAL_Driver/Src/stm32f4xx_hal.o
                0x20000008                uwTickFreq
 *fill*         0x20000009        0x3 
 .data.__sglue  0x2000000c        0xc C:/ST/STM32CubeIDE_1.19.0/STM32CubeIDE/plugins/com.st.stm32cube.ide.mcu.externaltools.gnu-tools-for-stm32.13.3.rel1.win32_1.0.0.202411081344/tools/bin/../lib/gcc/arm-none-eabi/13.3.1/../../../../arm-none-eabi/lib/thumb/v7e-m+fp/hard\libc_nano.a(libc_a-findfp.o)
                0x2000000c                __sglue
 .data._impure_ptr
                0x20000018        0x4 C:/ST/STM32CubeIDE_1.19.0/STM32CubeIDE/plugins/com.st.stm32cube.ide.mcu.externaltools.gnu-tools-for-stm32.13.3.rel1.win32_1.0.0.202411081344/tools/bin/../lib/gcc/arm-none-eabi/13.3.1/../../../../arm-none-eabi/lib/thumb/v7e-m+fp/hard\libc_nano.a(libc_a-impure.o)
                0x20000018                _impure_ptr
 .data._impure_data
                0x2000001c       0x4c C:/ST/STM32CubeIDE_1.19.0/STM32CubeIDE/plugins/com.st.stm32cube.ide.mcu.externaltools.gnu-tools-for-stm32.13.3.rel1.win32_1.0.0.202411081344/tools/bin/../lib/gcc/arm-none-eabi/13.3.1/../../../../arm-none-eabi/lib/thumb/v7e-m+fp/hard\libc_nano.a(libc_a-impure.o)
                0x2000001c                _impure_data
 *(.RamFunc)
 *(.RamFunc*)
                0x20000068                        . = ALIGN (0x4)
                0x20000068                        _edata = .
                0x08004efc                        _siccmram = LOADADDR (.ccmram)

.igot.plt       0x20000068        0x0 load address 0x08004efc
 .igot.plt      0x20000068        0x0 C:/ST/STM32CubeIDE_1.19.0/STM32CubeIDE/plugins/com.st.stm32cube.ide.mcu.externaltools.gnu-tools-for-stm32.13.3.rel1.win32_1.0.0.202411081344/tools/bin/../lib/gcc/arm-none-eabi/13.3.1/thumb/v7e-m+fp/hard/crtbegin.o

.ccmram         0x10000000        0x0 load address 0x08004efc
                0x10000000                        . = ALIGN (0x4)
                0x10000000                        _sccmram = .
 *(.ccmram)
 *(.ccmram*)
                0x10000000                        . = ALIGN (0x4)
                0x10000000                        _eccmram = .
                0x10000000                        . = ALIGN (0x4)

.bss            0x20000068      0x224
                0x20000068                        _sbss = .
                0x20000068                        __bss_start__ = _sbss
 *(.bss)
 .bss           0x20000068       0x1c C:/ST/STM32CubeIDE_1.19.0/STM32CubeIDE/plugins/com.st.stm32cube.ide.mcu.externaltools.gnu-tools-for-stm32.13.3.rel1.win32_1.0.0.202411081344/tools/bin/../lib/gcc/arm-none-eabi/13.3.1/thumb/v7e-m+fp/hard/crtbegin.o
 *(.bss*)
 .bss.shtpHeader
                0x20000084        0x4 ./Core/Src/BNO080.o
                0x20000084                shtpHeader
 .bss.shtpData  0x20000088       0x80 ./Core/Src/BNO080.o
                0x20000088                shtpData
 .bss.sequenceNumber
                0x20000108        0x6 ./Core/Src/BNO080.o
                0x20000108                sequenceNumber
 *fill*         0x2000010e        0x2 
 .bss.ICM20602  0x20000110       0x28 ./Core/Src/ICM20602.o
                0x20000110                ICM20602
 .bss.__sbrk_heap_end
                0x20000138        0x4 ./Core/Src/sysmem.o
 .bss.uwTick    0x2000013c        0x4 ./Drivers/STM32F4xx_HAL_Driver/Src/stm32f4xx_hal.o
                0x2000013c                uwTick
 .bss.__sf      0x20000140      0x138 C:/ST/STM32CubeIDE_1.19.0/STM32CubeIDE/plugins/com.st.stm32cube.ide.mcu.externaltools.gnu-tools-for-stm32.13.3.rel1.win32_1.0.0.202411081344/tools/bin/../lib/gcc/arm-none-eabi/13.3.1/../../../../arm-none-eabi/lib/thumb/v7e-m+fp/hard\libc_nano.a(libc_a-findfp.o)
                0x20000140                __sf
 .bss.__stdio_exit_handler
                0x20000278        0x4 C:/ST/STM32CubeIDE_1.19.0/STM32CubeIDE/plugins/com.st.stm32cube.ide.mcu.externaltools.gnu-tools-for-stm32.13.3.rel1.win32_1.0.0.202411081344/tools/bin/../lib/gcc/arm-none-eabi/13.3.1/../../../../arm-none-eabi/lib/thumb/v7e-m+fp/hard\libc_nano.a(libc_a-findfp.o)
                0x20000278                __stdio_exit_handler
 .bss.errno     0x2000027c        0x4 C:/ST/STM32CubeIDE_1.19.0/STM32CubeIDE/plugins/com.st.stm32cube.ide.mcu.externaltools.gnu-tools-for-stm32.13.3.rel1.win32_1.0.0.202411081344/tools/bin/../lib/gcc/arm-none-eabi/13.3.1/../../../../arm-none-eabi/lib/thumb/v7e-m+fp/hard\libc_nano.a(libc_a-reent.o)
                0x2000027c                errno
 .bss.__lock___malloc_recursive_mutex
                0x20000280        0x1 C:/ST/STM32CubeIDE_1.19.0/STM32CubeIDE/plugins/com.st.stm32cube.ide.mcu.externaltools.gnu-tools-for-stm32.13.3.rel1.win32_1.0.0.202411081344/tools/bin/../lib/gcc/arm-none-eabi/13.3.1/../../../../arm-none-eabi/lib/thumb/v7e-m+fp/hard\libc_nano.a(libc_a-lock.o)
                0x20000280                __lock___malloc_recursive_mutex
 .bss.__lock___sfp_recursive_mutex
                0x20000281        0x1 C:/ST/STM32CubeIDE_1.19.0/STM32CubeIDE/plugins/com.st.stm32cube.ide.mcu.externaltools.gnu-tools-for-stm32.13.3.rel1.win32_1.0.0.202411081344/tools/bin/../lib/gcc/arm-none-eabi/13.3.1/../../../../arm-none-eabi/lib/thumb/v7e-m+fp/hard\libc_nano.a(libc_a-lock.o)
                0x20000281                __lock___sfp_recursive_mutex
 *fill*         0x20000282        0x2 
 .bss.__malloc_sbrk_start
                0x20000284        0x4 C:/ST/STM32CubeIDE_1.19.0/STM32CubeIDE/plugins/com.st.stm32cube.ide.mcu.externaltools.gnu-tools-for-stm32.13.3.rel1.win32_1.0.0.202411081344/tools/bin/../lib/gcc/arm-none-eabi/13.3.1/../../../../arm-none-eabi/lib/thumb/v7e-m+fp/hard\libc_nano.a(libc_a-mallocr.o)
                0x20000284                __malloc_sbrk_start
 .bss.__malloc_free_list
                0x20000288        0x4 C:/ST/STM32CubeIDE_1.19.0/STM32CubeIDE/plugins/com.st.stm32cube.ide.mcu.externaltools.gnu-tools-for-stm32.13.3.rel1.win32_1.0.0.202411081344/tools/bin/../lib/gcc/arm-none-eabi/13.3.1/../../../../arm-none-eabi/lib/thumb/v7e-m+fp/hard\libc_nano.a(libc_a-mallocr.o)
                0x20000288                __malloc_free_list
 *(COMMON)
                0x2000028c                        . = ALIGN (0x4)
                0x2000028c                        _ebss = .
                0x2000028c                        __bss_end__ = _ebss

._user_heap_stack
                0x2000028c      0x604
                0x20000290                        . = ALIGN (0x8)
 *fill*         0x2000028c        0x4 
                [!provide]                        PROVIDE (end = .)
                0x20000290                        PROVIDE (_end = .)
                0x20000490                        . = (. + _Min_Heap_Size)
 *fill*         0x20000290      0x200 
                0x20000890                        . = (. + _Min_Stack_Size)
 *fill*         0x20000490      0x400 
                0x20000890                        . = ALIGN (0x8)

/DISCARD/
 libc.a(*)
 libm.a(*)
 libgcc.a(*)

.ARM.attributes
                0x00000000       0x30
 *(.ARM.attributes)
 .ARM.attributes
                0x00000000       0x22 C:/ST/STM32CubeIDE_1.19.0/STM32CubeIDE/plugins/com.st.stm32cube.ide.mcu.externaltools.gnu-tools-for-stm32.13.3.rel1.win32_1.0.0.202411081344/tools/bin/../lib/gcc/arm-none-eabi/13.3.1/thumb/v7e-m+fp/hard/crti.o
 .ARM.attributes
                0x00000022       0x34 C:/ST/STM32CubeIDE_1.19.0/STM32CubeIDE/plugins/com.st.stm32cube.ide.mcu.externaltools.gnu-tools-for-stm32.13.3.rel1.win32_1.0.0.202411081344/tools/bin/../lib/gcc/arm-none-eabi/13.3.1/thumb/v7e-m+fp/hard/crtbegin.o
 .ARM.attributes
                0x00000056       0x34 ./Core/Src/BNO080.o
 .ARM.attributes
                0x0000008a       0x34 ./Core/Src/ICM20602.o
 .ARM.attributes
                0x000000be       0x34 ./Core/Src/gpio.o
 .ARM.attributes
                0x000000f2       0x34 ./Core/Src/main.o
 .ARM.attributes
                0x00000126       0x34 ./Core/Src/spi.o
 .ARM.attributes
                0x0000015a       0x34 ./Core/Src/stm32f4xx_hal_msp.o
 .ARM.attributes
                0x0000018e       0x34 ./Core/Src/stm32f4xx_it.o
 .ARM.attributes
                0x000001c2       0x34 ./Core/Src/syscalls.o
 .ARM.attributes
                0x000001f6       0x34 ./Core/Src/sysmem.o
 .ARM.attributes
                0x0000022a       0x34 ./Core/Src/system_stm32f4xx.o
 .ARM.attributes
                0x0000025e       0x34 ./Core/Src/tim.o
 .ARM.attributes
                0x00000292       0x34 ./Core/Src/usart.o
 .ARM.attributes
                0x000002c6       0x21 ./Core/Startup/startup_stm32f405rgtx.o
 .ARM.attributes
                0x000002e7       0x34 ./Drivers/STM32F4xx_HAL_Driver/Src/stm32f4xx_hal.o
 .ARM.attributes
                0x0000031b       0x34 ./Drivers/STM32F4xx_HAL_Driver/Src/stm32f4xx_hal_cortex.o
 .ARM.attributes
                0x0000034f       0x34 ./Drivers/STM32F4xx_HAL_Driver/Src/stm32f4xx_hal_rcc.o
 .ARM.attributes
                0x00000383       0x34 ./Drivers/STM32F4xx_HAL_Driver/Src/stm32f4xx_ll_gpio.o
 .ARM.attributes
                0x000003b7       0x34 ./Drivers/STM32F4xx_HAL_Driver/Src/stm32f4xx_ll_rcc.o
 .ARM.attributes
                0x000003eb       0x34 ./Drivers/STM32F4xx_HAL_Driver/Src/stm32f4xx_ll_spi.o
 .ARM.attributes
                0x0000041f       0x34 ./Drivers/STM32F4xx_HAL_Driver/Src/stm32f4xx_ll_tim.o
 .ARM.attributes
                0x00000453       0x34 ./Drivers/STM32F4xx_HAL_Driver/Src/stm32f4xx_ll_usart.o
 .ARM.attributes
                0x00000487       0x34 C:/ST/STM32CubeIDE_1.19.0/STM32CubeIDE/plugins/com.st.stm32cube.ide.mcu.externaltools.gnu-tools-for-stm32.13.3.rel1.win32_1.0.0.202411081344/tools/bin/../lib/gcc/arm-none-eabi/13.3.1/../../../../arm-none-eabi/lib/thumb/v7e-m+fp/hard\libc_nano.a(libc_a-findfp.o)
 .ARM.attributes
                0x000004bb       0x34 C:/ST/STM32CubeIDE_1.19.0/STM32CubeIDE/plugins/com.st.stm32cube.ide.mcu.externaltools.gnu-tools-for-stm32.13.3.rel1.win32_1.0.0.202411081344/tools/bin/../lib/gcc/arm-none-eabi/13.3.1/../../../../arm-none-eabi/lib/thumb/v7e-m+fp/hard\libc_nano.a(libc_a-fwalk.o)
 .ARM.attributes
                0x000004ef       0x34 C:/ST/STM32CubeIDE_1.19.0/STM32CubeIDE/plugins/com.st.stm32cube.ide.mcu.externaltools.gnu-tools-for-stm32.13.3.rel1.win32_1.0.0.202411081344/tools/bin/../lib/gcc/arm-none-eabi/13.3.1/../../../../arm-none-eabi/lib/thumb/v7e-m+fp/hard\libc_nano.a(libc_a-printf.o)
 .ARM.attributes
                0x00000523       0x34 C:/ST/STM32CubeIDE_1.19.0/STM32CubeIDE/plugins/com.st.stm32cube.ide.mcu.externaltools.gnu-tools-for-stm32.13.3.rel1.win32_1.0.0.202411081344/tools/bin/../lib/gcc/arm-none-eabi/13.3.1/../../../../arm-none-eabi/lib/thumb/v7e-m+fp/hard\libc_nano.a(libc_a-puts.o)
 .ARM.attributes
                0x00000557       0x34 C:/ST/STM32CubeIDE_1.19.0/STM32CubeIDE/plugins/com.st.stm32cube.ide.mcu.externaltools.gnu-tools-for-stm32.13.3.rel1.win32_1.0.0.202411081344/tools/bin/../lib/gcc/arm-none-eabi/13.3.1/../../../../arm-none-eabi/lib/thumb/v7e-m+fp/hard\libc_nano.a(libc_a-stdio.o)
 .ARM.attributes
                0x0000058b       0x34 C:/ST/STM32CubeIDE_1.19.0/STM32CubeIDE/plugins/com.st.stm32cube.ide.mcu.externaltools.gnu-tools-for-stm32.13.3.rel1.win32_1.0.0.202411081344/tools/bin/../lib/gcc/arm-none-eabi/13.3.1/../../../../arm-none-eabi/lib/thumb/v7e-m+fp/hard\libc_nano.a(libc_a-wbuf.o)
 .ARM.attributes
                0x000005bf       0x34 C:/ST/STM32CubeIDE_1.19.0/STM32CubeIDE/plugins/com.st.stm32cube.ide.mcu.externaltools.gnu-tools-for-stm32.13.3.rel1.win32_1.0.0.202411081344/tools/bin/../lib/gcc/arm-none-eabi/13.3.1/../../../../arm-none-eabi/lib/thumb/v7e-m+fp/hard\libc_nano.a(libc_a-wsetup.o)
 .ARM.attributes
                0x000005f3       0x34 C:/ST/STM32CubeIDE_1.19.0/STM32CubeIDE/plugins/com.st.stm32cube.ide.mcu.externaltools.gnu-tools-for-stm32.13.3.rel1.win32_1.0.0.202411081344/tools/bin/../lib/gcc/arm-none-eabi/13.3.1/../../../../arm-none-eabi/lib/thumb/v7e-m+fp/hard\libc_nano.a(libc_a-memset.o)
 .ARM.attributes
                0x00000627       0x34 C:/ST/STM32CubeIDE_1.19.0/STM32CubeIDE/plugins/com.st.stm32cube.ide.mcu.externaltools.gnu-tools-for-stm32.13.3.rel1.win32_1.0.0.202411081344/tools/bin/../lib/gcc/arm-none-eabi/13.3.1/../../../../arm-none-eabi/lib/thumb/v7e-m+fp/hard\libc_nano.a(libc_a-closer.o)
 .ARM.attributes
                0x0000065b       0x34 C:/ST/STM32CubeIDE_1.19.0/STM32CubeIDE/plugins/com.st.stm32cube.ide.mcu.externaltools.gnu-tools-for-stm32.13.3.rel1.win32_1.0.0.202411081344/tools/bin/../lib/gcc/arm-none-eabi/13.3.1/../../../../arm-none-eabi/lib/thumb/v7e-m+fp/hard\libc_nano.a(libc_a-reent.o)
 .ARM.attributes
                0x0000068f       0x34 C:/ST/STM32CubeIDE_1.19.0/STM32CubeIDE/plugins/com.st.stm32cube.ide.mcu.externaltools.gnu-tools-for-stm32.13.3.rel1.win32_1.0.0.202411081344/tools/bin/../lib/gcc/arm-none-eabi/13.3.1/../../../../arm-none-eabi/lib/thumb/v7e-m+fp/hard\libc_nano.a(libc_a-impure.o)
 .ARM.attributes
                0x000006c3       0x34 C:/ST/STM32CubeIDE_1.19.0/STM32CubeIDE/plugins/com.st.stm32cube.ide.mcu.externaltools.gnu-tools-for-stm32.13.3.rel1.win32_1.0.0.202411081344/tools/bin/../lib/gcc/arm-none-eabi/13.3.1/../../../../arm-none-eabi/lib/thumb/v7e-m+fp/hard\libc_nano.a(libc_a-lseekr.o)
 .ARM.attributes
                0x000006f7       0x34 C:/ST/STM32CubeIDE_1.19.0/STM32CubeIDE/plugins/com.st.stm32cube.ide.mcu.externaltools.gnu-tools-for-stm32.13.3.rel1.win32_1.0.0.202411081344/tools/bin/../lib/gcc/arm-none-eabi/13.3.1/../../../../arm-none-eabi/lib/thumb/v7e-m+fp/hard\libc_nano.a(libc_a-readr.o)
 .ARM.attributes
                0x0000072b       0x34 C:/ST/STM32CubeIDE_1.19.0/STM32CubeIDE/plugins/com.st.stm32cube.ide.mcu.externaltools.gnu-tools-for-stm32.13.3.rel1.win32_1.0.0.202411081344/tools/bin/../lib/gcc/arm-none-eabi/13.3.1/../../../../arm-none-eabi/lib/thumb/v7e-m+fp/hard\libc_nano.a(libc_a-writer.o)
 .ARM.attributes
                0x0000075f       0x34 C:/ST/STM32CubeIDE_1.19.0/STM32CubeIDE/plugins/com.st.stm32cube.ide.mcu.externaltools.gnu-tools-for-stm32.13.3.rel1.win32_1.0.0.202411081344/tools/bin/../lib/gcc/arm-none-eabi/13.3.1/../../../../arm-none-eabi/lib/thumb/v7e-m+fp/hard\libc_nano.a(libc_a-errno.o)
 .ARM.attributes
                0x00000793       0x34 C:/ST/STM32CubeIDE_1.19.0/STM32CubeIDE/plugins/com.st.stm32cube.ide.mcu.externaltools.gnu-tools-for-stm32.13.3.rel1.win32_1.0.0.202411081344/tools/bin/../lib/gcc/arm-none-eabi/13.3.1/../../../../arm-none-eabi/lib/thumb/v7e-m+fp/hard\libc_nano.a(libc_a-init.o)
 .ARM.attributes
                0x000007c7       0x34 C:/ST/STM32CubeIDE_1.19.0/STM32CubeIDE/plugins/com.st.stm32cube.ide.mcu.externaltools.gnu-tools-for-stm32.13.3.rel1.win32_1.0.0.202411081344/tools/bin/../lib/gcc/arm-none-eabi/13.3.1/../../../../arm-none-eabi/lib/thumb/v7e-m+fp/hard\libc_nano.a(libc_a-lock.o)
 .ARM.attributes
                0x000007fb       0x34 C:/ST/STM32CubeIDE_1.19.0/STM32CubeIDE/plugins/com.st.stm32cube.ide.mcu.externaltools.gnu-tools-for-stm32.13.3.rel1.win32_1.0.0.202411081344/tools/bin/../lib/gcc/arm-none-eabi/13.3.1/../../../../arm-none-eabi/lib/thumb/v7e-m+fp/hard\libc_nano.a(libc_a-freer.o)
 .ARM.attributes
                0x0000082f       0x34 C:/ST/STM32CubeIDE_1.19.0/STM32CubeIDE/plugins/com.st.stm32cube.ide.mcu.externaltools.gnu-tools-for-stm32.13.3.rel1.win32_1.0.0.202411081344/tools/bin/../lib/gcc/arm-none-eabi/13.3.1/../../../../arm-none-eabi/lib/thumb/v7e-m+fp/hard\libc_nano.a(libc_a-mallocr.o)
 .ARM.attributes
                0x00000863       0x34 C:/ST/STM32CubeIDE_1.19.0/STM32CubeIDE/plugins/com.st.stm32cube.ide.mcu.externaltools.gnu-tools-for-stm32.13.3.rel1.win32_1.0.0.202411081344/tools/bin/../lib/gcc/arm-none-eabi/13.3.1/../../../../arm-none-eabi/lib/thumb/v7e-m+fp/hard\libc_nano.a(libc_a-mlock.o)
 .ARM.attributes
                0x00000897       0x34 C:/ST/STM32CubeIDE_1.19.0/STM32CubeIDE/plugins/com.st.stm32cube.ide.mcu.externaltools.gnu-tools-for-stm32.13.3.rel1.win32_1.0.0.202411081344/tools/bin/../lib/gcc/arm-none-eabi/13.3.1/../../../../arm-none-eabi/lib/thumb/v7e-m+fp/hard\libc_nano.a(libc_a-nano-vfprintf.o)
 .ARM.attributes
                0x000008cb       0x34 C:/ST/STM32CubeIDE_1.19.0/STM32CubeIDE/plugins/com.st.stm32cube.ide.mcu.externaltools.gnu-tools-for-stm32.13.3.rel1.win32_1.0.0.202411081344/tools/bin/../lib/gcc/arm-none-eabi/13.3.1/../../../../arm-none-eabi/lib/thumb/v7e-m+fp/hard\libc_nano.a(libc_a-nano-vfprintf_i.o)
 .ARM.attributes
                0x000008ff       0x34 C:/ST/STM32CubeIDE_1.19.0/STM32CubeIDE/plugins/com.st.stm32cube.ide.mcu.externaltools.gnu-tools-for-stm32.13.3.rel1.win32_1.0.0.202411081344/tools/bin/../lib/gcc/arm-none-eabi/13.3.1/../../../../arm-none-eabi/lib/thumb/v7e-m+fp/hard\libc_nano.a(libc_a-fflush.o)
 .ARM.attributes
                0x00000933       0x34 C:/ST/STM32CubeIDE_1.19.0/STM32CubeIDE/plugins/com.st.stm32cube.ide.mcu.externaltools.gnu-tools-for-stm32.13.3.rel1.win32_1.0.0.202411081344/tools/bin/../lib/gcc/arm-none-eabi/13.3.1/../../../../arm-none-eabi/lib/thumb/v7e-m+fp/hard\libc_nano.a(libc_a-makebuf.o)
 .ARM.attributes
                0x00000967       0x34 C:/ST/STM32CubeIDE_1.19.0/STM32CubeIDE/plugins/com.st.stm32cube.ide.mcu.externaltools.gnu-tools-for-stm32.13.3.rel1.win32_1.0.0.202411081344/tools/bin/../lib/gcc/arm-none-eabi/13.3.1/../../../../arm-none-eabi/lib/thumb/v7e-m+fp/hard\libc_nano.a(libc_a-fstatr.o)
 .ARM.attributes
                0x0000099b       0x34 C:/ST/STM32CubeIDE_1.19.0/STM32CubeIDE/plugins/com.st.stm32cube.ide.mcu.externaltools.gnu-tools-for-stm32.13.3.rel1.win32_1.0.0.202411081344/tools/bin/../lib/gcc/arm-none-eabi/13.3.1/../../../../arm-none-eabi/lib/thumb/v7e-m+fp/hard\libc_nano.a(libc_a-isattyr.o)
 .ARM.attributes
                0x000009cf       0x34 C:/ST/STM32CubeIDE_1.19.0/STM32CubeIDE/plugins/com.st.stm32cube.ide.mcu.externaltools.gnu-tools-for-stm32.13.3.rel1.win32_1.0.0.202411081344/tools/bin/../lib/gcc/arm-none-eabi/13.3.1/../../../../arm-none-eabi/lib/thumb/v7e-m+fp/hard\libc_nano.a(libc_a-sbrkr.o)
 .ARM.attributes
                0x00000a03       0x1c C:/ST/STM32CubeIDE_1.19.0/STM32CubeIDE/plugins/com.st.stm32cube.ide.mcu.externaltools.gnu-tools-for-stm32.13.3.rel1.win32_1.0.0.202411081344/tools/bin/../lib/gcc/arm-none-eabi/13.3.1/../../../../arm-none-eabi/lib/thumb/v7e-m+fp/hard\libc_nano.a(libc_a-memchr.o)
 .ARM.attributes
                0x00000a1f       0x22 C:/ST/STM32CubeIDE_1.19.0/STM32CubeIDE/plugins/com.st.stm32cube.ide.mcu.externaltools.gnu-tools-for-stm32.13.3.rel1.win32_1.0.0.202411081344/tools/bin/../lib/gcc/arm-none-eabi/13.3.1/thumb/v7e-m+fp/hard\libgcc.a(_aeabi_uldivmod.o)
 .ARM.attributes
                0x00000a41       0x34 C:/ST/STM32CubeIDE_1.19.0/STM32CubeIDE/plugins/com.st.stm32cube.ide.mcu.externaltools.gnu-tools-for-stm32.13.3.rel1.win32_1.0.0.202411081344/tools/bin/../lib/gcc/arm-none-eabi/13.3.1/thumb/v7e-m+fp/hard\libgcc.a(_udivmoddi4.o)
 .ARM.attributes
                0x00000a75       0x22 C:/ST/STM32CubeIDE_1.19.0/STM32CubeIDE/plugins/com.st.stm32cube.ide.mcu.externaltools.gnu-tools-for-stm32.13.3.rel1.win32_1.0.0.202411081344/tools/bin/../lib/gcc/arm-none-eabi/13.3.1/thumb/v7e-m+fp/hard\libgcc.a(_dvmd_tls.o)
 .ARM.attributes
                0x00000a97       0x22 C:/ST/STM32CubeIDE_1.19.0/STM32CubeIDE/plugins/com.st.stm32cube.ide.mcu.externaltools.gnu-tools-for-stm32.13.3.rel1.win32_1.0.0.202411081344/tools/bin/../lib/gcc/arm-none-eabi/13.3.1/thumb/v7e-m+fp/hard/crtn.o
OUTPUT(2-2. ICM20602.elf elf32-littlearm)
LOAD linker stubs
LOAD C:/ST/STM32CubeIDE_1.19.0/STM32CubeIDE/plugins/com.st.stm32cube.ide.mcu.externaltools.gnu-tools-for-stm32.13.3.rel1.win32_1.0.0.202411081344/tools/bin/../lib/gcc/arm-none-eabi/13.3.1/../../../../arm-none-eabi/lib/thumb/v7e-m+fp/hard\libc.a
LOAD C:/ST/STM32CubeIDE_1.19.0/STM32CubeIDE/plugins/com.st.stm32cube.ide.mcu.externaltools.gnu-tools-for-stm32.13.3.rel1.win32_1.0.0.202411081344/tools/bin/../lib/gcc/arm-none-eabi/13.3.1/../../../../arm-none-eabi/lib/thumb/v7e-m+fp/hard\libm.a
LOAD C:/ST/STM32CubeIDE_1.19.0/STM32CubeIDE/plugins/com.st.stm32cube.ide.mcu.externaltools.gnu-tools-for-stm32.13.3.rel1.win32_1.0.0.202411081344/tools/bin/../lib/gcc/arm-none-eabi/13.3.1/thumb/v7e-m+fp/hard\libgcc.a

.debug_info     0x00000000     0xad81
 .debug_info    0x00000000     0x15ad ./Core/Src/BNO080.o
 .debug_info    0x000015ad      0xbde ./Core/Src/ICM20602.o
 .debug_info    0x0000218b      0x4a1 ./Core/Src/gpio.o
 .debug_info    0x0000262c      0xae1 ./Core/Src/main.o
 .debug_info    0x0000310d      0x679 ./Core/Src/spi.o
 .debug_info    0x00003786      0x320 ./Core/Src/stm32f4xx_hal_msp.o
 .debug_info    0x00003aa6      0x2b7 ./Core/Src/stm32f4xx_it.o
 .debug_info    0x00003d5d      0x6a3 ./Core/Src/syscalls.o
 .debug_info    0x00004400      0x168 ./Core/Src/sysmem.o
 .debug_info    0x00004568      0x512 ./Core/Src/system_stm32f4xx.o
 .debug_info    0x00004a7a      0x8d2 ./Core/Src/tim.o
 .debug_info    0x0000534c      0xc61 ./Core/Src/usart.o
 .debug_info    0x00005fad       0x30 ./Core/Startup/startup_stm32f405rgtx.o
 .debug_info    0x00005fdd      0x932 ./Drivers/STM32F4xx_HAL_Driver/Src/stm32f4xx_hal.o
 .debug_info    0x0000690f      0xd7a ./Drivers/STM32F4xx_HAL_Driver/Src/stm32f4xx_hal_cortex.o
 .debug_info    0x00007689      0x8c3 ./Drivers/STM32F4xx_HAL_Driver/Src/stm32f4xx_hal_rcc.o
 .debug_info    0x00007f4c      0x927 ./Drivers/STM32F4xx_HAL_Driver/Src/stm32f4xx_ll_gpio.o
 .debug_info    0x00008873      0x74b ./Drivers/STM32F4xx_HAL_Driver/Src/stm32f4xx_ll_rcc.o
 .debug_info    0x00008fbe      0x78a ./Drivers/STM32F4xx_HAL_Driver/Src/stm32f4xx_ll_spi.o
 .debug_info    0x00009748      0xf47 ./Drivers/STM32F4xx_HAL_Driver/Src/stm32f4xx_ll_tim.o
 .debug_info    0x0000a68f      0x6f2 ./Drivers/STM32F4xx_HAL_Driver/Src/stm32f4xx_ll_usart.o

.debug_abbrev   0x00000000     0x281f
 .debug_abbrev  0x00000000      0x37f ./Core/Src/BNO080.o
 .debug_abbrev  0x0000037f      0x2b0 ./Core/Src/ICM20602.o
 .debug_abbrev  0x0000062f      0x198 ./Core/Src/gpio.o
 .debug_abbrev  0x000007c7      0x331 ./Core/Src/main.o
 .debug_abbrev  0x00000af8      0x1a0 ./Core/Src/spi.o
 .debug_abbrev  0x00000c98       0xdd ./Core/Src/stm32f4xx_hal_msp.o
 .debug_abbrev  0x00000d75      0x148 ./Core/Src/stm32f4xx_it.o
 .debug_abbrev  0x00000ebd      0x1b6 ./Core/Src/syscalls.o
 .debug_abbrev  0x00001073       0xbc ./Core/Src/sysmem.o
 .debug_abbrev  0x0000112f      0x11a ./Core/Src/system_stm32f4xx.o
 .debug_abbrev  0x00001249      0x197 ./Core/Src/tim.o
 .debug_abbrev  0x000013e0      0x1f7 ./Core/Src/usart.o
 .debug_abbrev  0x000015d7       0x24 ./Core/Startup/startup_stm32f405rgtx.o
 .debug_abbrev  0x000015fb      0x214 ./Drivers/STM32F4xx_HAL_Driver/Src/stm32f4xx_hal.o
 .debug_abbrev  0x0000180f      0x31d ./Drivers/STM32F4xx_HAL_Driver/Src/stm32f4xx_hal_cortex.o
 .debug_abbrev  0x00001b2c      0x2b7 ./Drivers/STM32F4xx_HAL_Driver/Src/stm32f4xx_hal_rcc.o
 .debug_abbrev  0x00001de3      0x237 ./Drivers/STM32F4xx_HAL_Driver/Src/stm32f4xx_ll_gpio.o
 .debug_abbrev  0x0000201a      0x1ed ./Drivers/STM32F4xx_HAL_Driver/Src/stm32f4xx_ll_rcc.o
 .debug_abbrev  0x00002207      0x217 ./Drivers/STM32F4xx_HAL_Driver/Src/stm32f4xx_ll_spi.o
 .debug_abbrev  0x0000241e      0x20f ./Drivers/STM32F4xx_HAL_Driver/Src/stm32f4xx_ll_tim.o
 .debug_abbrev  0x0000262d      0x1f2 ./Drivers/STM32F4xx_HAL_Driver/Src/stm32f4xx_ll_usart.o

.debug_aranges  0x00000000      0xd00
 .debug_aranges
                0x00000000      0x280 ./Core/Src/BNO080.o
 .debug_aranges
                0x00000280       0xc8 ./Core/Src/ICM20602.o
 .debug_aranges
                0x00000348       0x30 ./Core/Src/gpio.o
 .debug_aranges
                0x00000378       0x60 ./Core/Src/main.o
 .debug_aranges
                0x000003d8       0x48 ./Core/Src/spi.o
 .debug_aranges
                0x00000420       0x20 ./Core/Src/stm32f4xx_hal_msp.o
 .debug_aranges
                0x00000440       0x78 ./Core/Src/stm32f4xx_it.o
 .debug_aranges
                0x000004b8       0xa8 ./Core/Src/syscalls.o
 .debug_aranges
                0x00000560       0x20 ./Core/Src/sysmem.o
 .debug_aranges
                0x00000580       0x28 ./Core/Src/system_stm32f4xx.o
 .debug_aranges
                0x000005a8       0x60 ./Core/Src/tim.o
 .debug_aranges
                0x00000608       0x60 ./Core/Src/usart.o
 .debug_aranges
                0x00000668       0x28 ./Core/Startup/startup_stm32f405rgtx.o
 .debug_aranges
                0x00000690       0xf0 ./Drivers/STM32F4xx_HAL_Driver/Src/stm32f4xx_hal.o
 .debug_aranges
                0x00000780      0x130 ./Drivers/STM32F4xx_HAL_Driver/Src/stm32f4xx_hal_cortex.o
 .debug_aranges
                0x000008b0       0x88 ./Drivers/STM32F4xx_HAL_Driver/Src/stm32f4xx_hal_rcc.o
 .debug_aranges
                0x00000938       0x70 ./Drivers/STM32F4xx_HAL_Driver/Src/stm32f4xx_ll_gpio.o
 .debug_aranges
                0x000009a8      0x118 ./Drivers/STM32F4xx_HAL_Driver/Src/stm32f4xx_ll_rcc.o
 .debug_aranges
                0x00000ac0       0x90 ./Drivers/STM32F4xx_HAL_Driver/Src/stm32f4xx_ll_spi.o
 .debug_aranges
                0x00000b50      0x128 ./Drivers/STM32F4xx_HAL_Driver/Src/stm32f4xx_ll_tim.o
 .debug_aranges
                0x00000c78       0x88 ./Drivers/STM32F4xx_HAL_Driver/Src/stm32f4xx_ll_usart.o

.debug_rnglists
                0x00000000      0x993
 .debug_rnglists
                0x00000000      0x1f0 ./Core/Src/BNO080.o
 .debug_rnglists
                0x000001f0       0x94 ./Core/Src/ICM20602.o
 .debug_rnglists
                0x00000284       0x20 ./Core/Src/gpio.o
 .debug_rnglists
                0x000002a4       0x45 ./Core/Src/main.o
 .debug_rnglists
                0x000002e9       0x33 ./Core/Src/spi.o
 .debug_rnglists
                0x0000031c       0x13 ./Core/Src/stm32f4xx_hal_msp.o
 .debug_rnglists
                0x0000032f       0x55 ./Core/Src/stm32f4xx_it.o
 .debug_rnglists
                0x00000384       0x79 ./Core/Src/syscalls.o
 .debug_rnglists
                0x000003fd       0x13 ./Core/Src/sysmem.o
 .debug_rnglists
                0x00000410       0x1a ./Core/Src/system_stm32f4xx.o
 .debug_rnglists
                0x0000042a       0x46 ./Core/Src/tim.o
 .debug_rnglists
                0x00000470       0x44 ./Core/Src/usart.o
 .debug_rnglists
                0x000004b4       0x19 ./Core/Startup/startup_stm32f405rgtx.o
 .debug_rnglists
                0x000004cd       0xaf ./Drivers/STM32F4xx_HAL_Driver/Src/stm32f4xx_hal.o
 .debug_rnglists
                0x0000057c       0xe0 ./Drivers/STM32F4xx_HAL_Driver/Src/stm32f4xx_hal_cortex.o
 .debug_rnglists
                0x0000065c       0x66 ./Drivers/STM32F4xx_HAL_Driver/Src/stm32f4xx_hal_rcc.o
 .debug_rnglists
                0x000006c2       0x51 ./Drivers/STM32F4xx_HAL_Driver/Src/stm32f4xx_ll_gpio.o
 .debug_rnglists
                0x00000713       0xce ./Drivers/STM32F4xx_HAL_Driver/Src/stm32f4xx_ll_rcc.o
 .debug_rnglists
                0x000007e1       0x6a ./Drivers/STM32F4xx_HAL_Driver/Src/stm32f4xx_ll_spi.o
 .debug_rnglists
                0x0000084b       0xe4 ./Drivers/STM32F4xx_HAL_Driver/Src/stm32f4xx_ll_tim.o
 .debug_rnglists
                0x0000092f       0x64 ./Drivers/STM32F4xx_HAL_Driver/Src/stm32f4xx_ll_usart.o

.debug_macro    0x00000000    0x23ae8
 .debug_macro   0x00000000      0x2e0 ./Core/Src/BNO080.o
 .debug_macro   0x000002e0      0xade ./Core/Src/BNO080.o
 .debug_macro   0x00000dbe      0x28f ./Core/Src/BNO080.o
 .debug_macro   0x0000104d       0x2e ./Core/Src/BNO080.o
 .debug_macro   0x0000107b       0x2f ./Core/Src/BNO080.o
 .debug_macro   0x000010aa       0x22 ./Core/Src/BNO080.o
 .debug_macro   0x000010cc       0x8e ./Core/Src/BNO080.o
 .debug_macro   0x0000115a       0x51 ./Core/Src/BNO080.o
 .debug_macro   0x000011ab      0x103 ./Core/Src/BNO080.o
 .debug_macro   0x000012ae       0x6a ./Core/Src/BNO080.o
 .debug_macro   0x00001318      0x1df ./Core/Src/BNO080.o
 .debug_macro   0x000014f7       0x1c ./Core/Src/BNO080.o
 .debug_macro   0x00001513       0x22 ./Core/Src/BNO080.o
 .debug_macro   0x00001535       0xfb ./Core/Src/BNO080.o
 .debug_macro   0x00001630     0x1011 ./Core/Src/BNO080.o
 .debug_macro   0x00002641      0x11f ./Core/Src/BNO080.o
 .debug_macro   0x00002760    0x1427b ./Core/Src/BNO080.o
 .debug_macro   0x000169db       0x6d ./Core/Src/BNO080.o
 .debug_macro   0x00016a48     0x3693 ./Core/Src/BNO080.o
 .debug_macro   0x0001a0db      0x190 ./Core/Src/BNO080.o
 .debug_macro   0x0001a26b       0x5c ./Core/Src/BNO080.o
 .debug_macro   0x0001a2c7      0x8bc ./Core/Src/BNO080.o
 .debug_macro   0x0001ab83      0x9e9 ./Core/Src/BNO080.o
 .debug_macro   0x0001b56c      0x115 ./Core/Src/BNO080.o
 .debug_macro   0x0001b681      0x130 ./Core/Src/BNO080.o
 .debug_macro   0x0001b7b1       0xa5 ./Core/Src/BNO080.o
 .debug_macro   0x0001b856      0x174 ./Core/Src/BNO080.o
 .debug_macro   0x0001b9ca      0x287 ./Core/Src/BNO080.o
 .debug_macro   0x0001bc51       0x5f ./Core/Src/BNO080.o
 .debug_macro   0x0001bcb0      0x236 ./Core/Src/BNO080.o
 .debug_macro   0x0001bee6      0x12c ./Core/Src/BNO080.o
 .debug_macro   0x0001c012      0x21e ./Core/Src/BNO080.o
 .debug_macro   0x0001c230       0x2e ./Core/Src/BNO080.o
 .debug_macro   0x0001c25e      0x127 ./Core/Src/BNO080.o
 .debug_macro   0x0001c385       0x7e ./Core/Src/BNO080.o
 .debug_macro   0x0001c403       0x89 ./Core/Src/BNO080.o
 .debug_macro   0x0001c48c      0x12d ./Core/Src/BNO080.o
 .debug_macro   0x0001c5b9      0x241 ./Core/Src/BNO080.o
 .debug_macro   0x0001c7fa      0x5f3 ./Core/Src/BNO080.o
 .debug_macro   0x0001cded      0x1bb ./Core/Src/BNO080.o
 .debug_macro   0x0001cfa8      0x781 ./Core/Src/BNO080.o
 .debug_macro   0x0001d729      0x20a ./Core/Src/BNO080.o
 .debug_macro   0x0001d933      0x149 ./Core/Src/BNO080.o
 .debug_macro   0x0001da7c       0xe8 ./Core/Src/BNO080.o
 .debug_macro   0x0001db64      0x1b6 ./Core/Src/BNO080.o
 .debug_macro   0x0001dd1a      0x1a6 ./Core/Src/BNO080.o
 .debug_macro   0x0001dec0       0x61 ./Core/Src/BNO080.o
 .debug_macro   0x0001df21       0xaa ./Core/Src/BNO080.o
 .debug_macro   0x0001dfcb      0x1e6 ./Core/Src/BNO080.o
 .debug_macro   0x0001e1b1      0x1bd ./Core/Src/BNO080.o
 .debug_macro   0x0001e36e       0x61 ./Core/Src/BNO080.o
 .debug_macro   0x0001e3cf       0x2a ./Core/Src/BNO080.o
 .debug_macro   0x0001e3f9       0x43 ./Core/Src/BNO080.o
 .debug_macro   0x0001e43c       0x34 ./Core/Src/BNO080.o
 .debug_macro   0x0001e470      0x370 ./Core/Src/BNO080.o
 .debug_macro   0x0001e7e0       0x16 ./Core/Src/BNO080.o
 .debug_macro   0x0001e7f6       0x4a ./Core/Src/BNO080.o
 .debug_macro   0x0001e840       0x34 ./Core/Src/BNO080.o
 .debug_macro   0x0001e874       0x10 ./Core/Src/BNO080.o
 .debug_macro   0x0001e884       0x58 ./Core/Src/BNO080.o
 .debug_macro   0x0001e8dc       0x8e ./Core/Src/BNO080.o
 .debug_macro   0x0001e96a       0x1c ./Core/Src/BNO080.o
 .debug_macro   0x0001e986      0x185 ./Core/Src/BNO080.o
 .debug_macro   0x0001eb0b      0x19b ./Core/Src/BNO080.o
 .debug_macro   0x0001eca6      0x235 ./Core/Src/ICM20602.o
 .debug_macro   0x0001eedb      0x201 ./Core/Src/ICM20602.o
 .debug_macro   0x0001f0dc      0x230 ./Core/Src/gpio.o
 .debug_macro   0x0001f30c      0x319 ./Core/Src/main.o
 .debug_macro   0x0001f625      0x1c3 ./Core/Src/main.o
 .debug_macro   0x0001f7e8      0x207 ./Core/Src/main.o
 .debug_macro   0x0001f9ef      0x230 ./Core/Src/spi.o
 .debug_macro   0x0001fc1f      0x226 ./Core/Src/stm32f4xx_hal_msp.o
 .debug_macro   0x0001fe45      0x230 ./Core/Src/stm32f4xx_it.o
 .debug_macro   0x00020075      0x274 ./Core/Src/syscalls.o
 .debug_macro   0x000202e9       0x5b ./Core/Src/syscalls.o
 .debug_macro   0x00020344       0x94 ./Core/Src/syscalls.o
 .debug_macro   0x000203d8       0x57 ./Core/Src/syscalls.o
 .debug_macro   0x0002042f       0x10 ./Core/Src/syscalls.o
 .debug_macro   0x0002043f       0x3c ./Core/Src/syscalls.o
 .debug_macro   0x0002047b       0x10 ./Core/Src/syscalls.o
 .debug_macro   0x0002048b       0x10 ./Core/Src/syscalls.o
 .debug_macro   0x0002049b       0x10 ./Core/Src/syscalls.o
 .debug_macro   0x000204ab       0x1c ./Core/Src/syscalls.o
 .debug_macro   0x000204c7       0x52 ./Core/Src/syscalls.o
 .debug_macro   0x00020519       0x22 ./Core/Src/syscalls.o
 .debug_macro   0x0002053b       0x10 ./Core/Src/syscalls.o
 .debug_macro   0x0002054b       0x52 ./Core/Src/syscalls.o
 .debug_macro   0x0002059d       0xcf ./Core/Src/syscalls.o
 .debug_macro   0x0002066c       0x1c ./Core/Src/syscalls.o
 .debug_macro   0x00020688       0x3d ./Core/Src/syscalls.o
 .debug_macro   0x000206c5       0x35 ./Core/Src/syscalls.o
 .debug_macro   0x000206fa      0x12c ./Core/Src/syscalls.o
 .debug_macro   0x00020826       0x16 ./Core/Src/syscalls.o
 .debug_macro   0x0002083c       0x16 ./Core/Src/syscalls.o
 .debug_macro   0x00020852       0x29 ./Core/Src/syscalls.o
 .debug_macro   0x0002087b       0x10 ./Core/Src/syscalls.o
 .debug_macro   0x0002088b      0x242 ./Core/Src/syscalls.o
 .debug_macro   0x00020acd       0x1c ./Core/Src/syscalls.o
 .debug_macro   0x00020ae9       0x10 ./Core/Src/syscalls.o
 .debug_macro   0x00020af9       0x10 ./Core/Src/syscalls.o
 .debug_macro   0x00020b09       0x16 ./Core/Src/syscalls.o
 .debug_macro   0x00020b1f      0x146 ./Core/Src/syscalls.o
 .debug_macro   0x00020c65      0x18a ./Core/Src/syscalls.o
 .debug_macro   0x00020def       0x16 ./Core/Src/syscalls.o
 .debug_macro   0x00020e05       0xce ./Core/Src/syscalls.o
 .debug_macro   0x00020ed3      0x112 ./Core/Src/sysmem.o
 .debug_macro   0x00020fe5      0x23c ./Core/Src/sysmem.o
 .debug_macro   0x00021221      0x1b0 ./Core/Src/system_stm32f4xx.o
 .debug_macro   0x000213d1      0x230 ./Core/Src/tim.o
 .debug_macro   0x00021601      0x230 ./Core/Src/usart.o
 .debug_macro   0x00021831      0x210 ./Drivers/STM32F4xx_HAL_Driver/Src/stm32f4xx_hal.o
 .debug_macro   0x00021a41      0x1b0 ./Drivers/STM32F4xx_HAL_Driver/Src/stm32f4xx_hal_cortex.o
 .debug_macro   0x00021bf1      0x1d4 ./Drivers/STM32F4xx_HAL_Driver/Src/stm32f4xx_hal_rcc.o
 .debug_macro   0x00021dc5      0x1f2 ./Drivers/STM32F4xx_HAL_Driver/Src/stm32f4xx_ll_gpio.o
 .debug_macro   0x00021fb7      0x143 ./Drivers/STM32F4xx_HAL_Driver/Src/stm32f4xx_ll_gpio.o
 .debug_macro   0x000220fa      0x1dd ./Drivers/STM32F4xx_HAL_Driver/Src/stm32f4xx_ll_rcc.o
 .debug_macro   0x000222d7      0x77b ./Drivers/STM32F4xx_HAL_Driver/Src/stm32f4xx_ll_rcc.o
 .debug_macro   0x00022a52      0x25f ./Drivers/STM32F4xx_HAL_Driver/Src/stm32f4xx_ll_spi.o
 .debug_macro   0x00022cb1      0x23b ./Drivers/STM32F4xx_HAL_Driver/Src/stm32f4xx_ll_spi.o
 .debug_macro   0x00022eec      0x23b ./Drivers/STM32F4xx_HAL_Driver/Src/stm32f4xx_ll_tim.o
 .debug_macro   0x00023127      0x5ed ./Drivers/STM32F4xx_HAL_Driver/Src/stm32f4xx_ll_tim.o
 .debug_macro   0x00023714      0x21f ./Drivers/STM32F4xx_HAL_Driver/Src/stm32f4xx_ll_usart.o
 .debug_macro   0x00023933      0x1b5 ./Drivers/STM32F4xx_HAL_Driver/Src/stm32f4xx_ll_usart.o

.debug_line     0x00000000     0xd620
 .debug_line    0x00000000     0x15eb ./Core/Src/BNO080.o
 .debug_line    0x000015eb      0xc30 ./Core/Src/ICM20602.o
 .debug_line    0x0000221b      0x893 ./Core/Src/gpio.o
 .debug_line    0x00002aae      0xb4a ./Core/Src/main.o
 .debug_line    0x000035f8      0x91e ./Core/Src/spi.o
 .debug_line    0x00003f16      0x811 ./Core/Src/stm32f4xx_hal_msp.o
 .debug_line    0x00004727      0x919 ./Core/Src/stm32f4xx_it.o
 .debug_line    0x00005040      0x8ac ./Core/Src/syscalls.o
 .debug_line    0x000058ec      0x588 ./Core/Src/sysmem.o
 .debug_line    0x00005e74      0x773 ./Core/Src/system_stm32f4xx.o
 .debug_line    0x000065e7      0x9dd ./Core/Src/tim.o
 .debug_line    0x00006fc4      0x9a0 ./Core/Src/usart.o
 .debug_line    0x00007964       0x7a ./Core/Startup/startup_stm32f405rgtx.o
 .debug_line    0x000079de      0x9ef ./Drivers/STM32F4xx_HAL_Driver/Src/stm32f4xx_hal.o
 .debug_line    0x000083cd      0xcbf ./Drivers/STM32F4xx_HAL_Driver/Src/stm32f4xx_hal_cortex.o
 .debug_line    0x0000908c      0xdfe ./Drivers/STM32F4xx_HAL_Driver/Src/stm32f4xx_hal_rcc.o
 .debug_line    0x00009e8a      0xacc ./Drivers/STM32F4xx_HAL_Driver/Src/stm32f4xx_ll_gpio.o
 .debug_line    0x0000a956      0xc09 ./Drivers/STM32F4xx_HAL_Driver/Src/stm32f4xx_ll_rcc.o
 .debug_line    0x0000b55f      0x9e5 ./Drivers/STM32F4xx_HAL_Driver/Src/stm32f4xx_ll_spi.o
 .debug_line    0x0000bf44      0xd6a ./Drivers/STM32F4xx_HAL_Driver/Src/stm32f4xx_ll_tim.o
 .debug_line    0x0000ccae      0x972 ./Drivers/STM32F4xx_HAL_Driver/Src/stm32f4xx_ll_usart.o

.debug_str      0x00000000    0xca658
 .debug_str     0x00000000    0xca658 ./Core/Src/BNO080.o
                              0xc2ead (size before relaxing)
 .debug_str     0x000ca658    0xbebcc ./Core/Src/ICM20602.o
 .debug_str     0x000ca658    0xbe095 ./Core/Src/gpio.o
 .debug_str     0x000ca658    0xc2ed5 ./Core/Src/main.o
 .debug_str     0x000ca658    0xbe188 ./Core/Src/spi.o
 .debug_str     0x000ca658    0xbdfad ./Core/Src/stm32f4xx_hal_msp.o
 .debug_str     0x000ca658    0xbdfa6 ./Core/Src/stm32f4xx_it.o
 .debug_str     0x000ca658     0x99e9 ./Core/Src/syscalls.o
 .debug_str     0x000ca658     0x7787 ./Core/Src/sysmem.o
 .debug_str     0x000ca658    0xb0402 ./Core/Src/system_stm32f4xx.o
 .debug_str     0x000ca658    0xbe2a8 ./Core/Src/tim.o
 .debug_str     0x000ca658    0xbe784 ./Core/Src/usart.o
 .debug_str     0x000ca658       0x74 ./Core/Startup/startup_stm32f405rgtx.o
 .debug_str     0x000ca658    0xb0f65 ./Drivers/STM32F4xx_HAL_Driver/Src/stm32f4xx_hal.o
 .debug_str     0x000ca658    0xb0ce1 ./Drivers/STM32F4xx_HAL_Driver/Src/stm32f4xx_hal_cortex.o
 .debug_str     0x000ca658    0xb0836 ./Drivers/STM32F4xx_HAL_Driver/Src/stm32f4xx_hal_rcc.o
 .debug_str     0x000ca658    0xb1d10 ./Drivers/STM32F4xx_HAL_Driver/Src/stm32f4xx_ll_gpio.o
 .debug_str     0x000ca658    0xb48f6 ./Drivers/STM32F4xx_HAL_Driver/Src/stm32f4xx_ll_rcc.o
 .debug_str     0x000ca658    0xb6ade ./Drivers/STM32F4xx_HAL_Driver/Src/stm32f4xx_ll_spi.o
 .debug_str     0x000ca658    0xb541a ./Drivers/STM32F4xx_HAL_Driver/Src/stm32f4xx_ll_tim.o
 .debug_str     0x000ca658    0xb663e ./Drivers/STM32F4xx_HAL_Driver/Src/stm32f4xx_ll_usart.o

.comment        0x00000000       0x43
 .comment       0x00000000       0x43 ./Core/Src/BNO080.o
                                 0x44 (size before relaxing)
 .comment       0x00000043       0x44 ./Core/Src/ICM20602.o
 .comment       0x00000043       0x44 ./Core/Src/gpio.o
 .comment       0x00000043       0x44 ./Core/Src/main.o
 .comment       0x00000043       0x44 ./Core/Src/spi.o
 .comment       0x00000043       0x44 ./Core/Src/stm32f4xx_hal_msp.o
 .comment       0x00000043       0x44 ./Core/Src/stm32f4xx_it.o
 .comment       0x00000043       0x44 ./Core/Src/syscalls.o
 .comment       0x00000043       0x44 ./Core/Src/sysmem.o