22:02:44 **** Incremental Build of configuration Debug for project 2-1. BNO080_1 ****
make -j16 all 
arm-none-eabi-gcc "../Core/Src/main.c" -mcpu=cortex-m4 -std=gnu11 -g3 -DDEBUG -DUSE_HAL_DRIVER -DSTM32F405xx -DUSE_FULL_LL_DRIVER -c -I../Core/Inc -I../Drivers/STM32F4xx_HAL_Driver/Inc -I../Drivers/STM32F4xx_HAL_Driver/Inc/Legacy -I../Drivers/CMSIS/Device/ST/STM32F4xx/Include -I../Drivers/CMSIS/Include -O0 -ffunction-sections -fdata-sections -Wall -fstack-usage -fcyclomatic-complexity -MMD -MP -MF"Core/Src/main.d" -MT"Core/Src/main.o" --specs=nano.specs -mfpu=fpv4-sp-d16 -mfloat-abi=hard -mthumb -o "Core/Src/main.o"
../Core/Src/main.c: In function 'main':
../Core/Src/main.c:81:15: warning: variable 'quatRadianAccuracy' set but not used [-Wunused-but-set-variable]
   81 |         float quatRadianAccuracy;
      |               ^~~~~~~~~~~~~~~~~~
arm-none-eabi-gcc -o "2-1. BNO080_1.elf" @"objects.list"   -mcpu=cortex-m4 -T"C:\Users\ehdtk\Desktop\Dron\2-1. BNO080_1\STM32F405RGTX_FLASH.ld" --specs=nosys.specs -Wl,-Map="2-1. BNO080_1.map" -Wl,--gc-sections -static --specs=nano.specs -mfpu=fpv4-sp-d16 -mfloat-abi=hard -mthumb -Wl,--start-group -lc -lm -Wl,--end-group
Finished building target: 2-1. BNO080_1.elf
 
arm-none-eabi-size  2-1.\ BNO080_1.elf 
arm-none-eabi-objdump -h -S 2-1.\ BNO080_1.elf  > "2-1. BNO080_1.list"
   text	   data	    bss	    dec	    hex	filename
  23732	    108	   2116	  25956	   6564	2-1. BNO080_1.elf
Finished building: default.size.stdout
 
Finished building: 2-1. BNO080_1.list
 
22:04:43 **** Incremental Build of configuration Debug for project 2-1. BNO080_1 ****
make -j16 all 
arm-none-eabi-gcc "../Core/Src/main.c" -mcpu=cortex-m4 -std=gnu11 -g3 -DDEBUG -DUSE_HAL_DRIVER -DSTM32F405xx -DUSE_FULL_LL_DRIVER -c -I../Core/Inc -I../Drivers/STM32F4xx_HAL_Driver/Inc -I../Drivers/STM32F4xx_HAL_Driver/Inc/Legacy -I../Drivers/CMSIS/Device/ST/STM32F4xx/Include -I../Drivers/CMSIS/Include -O0 -ffunction-sections -fdata-sections -Wall -fstack-usage -fcyclomatic-complexity -MMD -MP -MF"Core/Src/main.d" -MT"Core/Src/main.o" --specs=nano.specs -mfpu=fpv4-sp-d16 -mfloat-abi=hard -mthumb -o "Core/Src/main.o"
../Core/Src/main.c: In function 'main':
../Core/Src/main.c:140:17: warning: implicit declaration of function 'printf' [-Wimplicit-function-declaration]
  140 |                 printf("%d, %d, %d \r\n",(int)(BNO080_Roll*100), (int)(BNO080_Pitch*100), (int)(BNO080_Yaw*100));
      |                 ^~~~~~
../Core/Src/main.c:27:1: note: include '<stdio.h>' or provide a declaration of 'printf'
   26 | #include "Quaternion.h"
  +++ |+#include <stdio.h>
   27 | 
../Core/Src/main.c:140:17: warning: incompatible implicit declaration of built-in function 'printf' [-Wbuiltin-declaration-mismatch]
  140 |                 printf("%d, %d, %d \r\n",(int)(BNO080_Roll*100), (int)(BNO080_Pitch*100), (int)(BNO080_Yaw*100));
      |                 ^~~~~~
../Core/Src/main.c:140:17: note: include '<stdio.h>' or provide a declaration of 'printf'
../Core/Src/main.c:81:15: warning: variable 'quatRadianAccuracy' set but not used [-Wunused-but-set-variable]
   81 |         float quatRadianAccuracy;
      |               ^~~~~~~~~~~~~~~~~~
arm-none-eabi-gcc -o "2-1. BNO080_1.elf" @"objects.list"   -mcpu=cortex-m4 -T"C:\Users\ehdtk\Desktop\Dron\2-1. BNO080_1\STM32F405RGTX_FLASH.ld" --specs=nosys.specs -Wl,-Map="2-1. BNO080_1.map" -Wl,--gc-sections -static --specs=nano.specs -mfpu=fpv4-sp-d16 -mfloat-abi=hard -mthumb -Wl,--start-group -lc -lm -Wl,--end-group
Finished building target: 2-1. BNO080_1.elf
 
arm-none-eabi-size  2-1.\ BNO080_1.elf 
arm-none-eabi-objdump -h -S 2-1.\ BNO080_1.elf  > "2-1. BNO080_1.list"
   text	   data	    bss	    dec	    hex	filename
  23840	    108	   2116	  26064	   65d0	2-1. BNO080_1.elf
Finished building: default.size.stdout
 
Finished building: 2-1. BNO080_1.list
 
22:09:42 **** Incremental Build of configuration Debug for project 2-1. BNO080_1 ****
make -j16 all 
arm-none-eabi-size  2-1.\ BNO080_1.elf 
   text	   data	    bss	    dec	    hex	filename
  23840	    108	   2116	  26064	   65d0	2-1. BNO080_1.elf
Finished building: default.size.stdout
 
22:12:44 **** Incremental Build of configuration Debug for project 2-1. BNO080_1 ****
make -j16 all 
arm-none-eabi-gcc "../Core/Src/main.c" -mcpu=cortex-m4 -std=gnu11 -g3 -DDEBUG -DUSE_HAL_DRIVER -DSTM32F405xx -DUSE_FULL_LL_DRIVER -c -I../Core/Inc -I../Drivers/STM32F4xx_HAL_Driver/Inc -I../Drivers/STM32F4xx_HAL_Driver/Inc/Legacy -I../Drivers/CMSIS/Device/ST/STM32F4xx/Include -I../Drivers/CMSIS/Include -O0 -ffunction-sections -fdata-sections -Wall -fstack-usage -fcyclomatic-complexity -MMD -MP -MF"Core/Src/main.d" -MT"Core/Src/main.o" --specs=nano.specs -mfpu=fpv4-sp-d16 -mfloat-abi=hard -mthumb -o "Core/Src/main.o"
../Core/Src/main.c: In function 'main':
../Core/Src/main.c:81:15: warning: variable 'quatRadianAccuracy' set but not used [-Wunused-but-set-variable]
   81 |         float quatRadianAccuracy;
      |               ^~~~~~~~~~~~~~~~~~
arm-none-eabi-gcc -o "2-1. BNO080_1.elf" @"objects.list"   -mcpu=cortex-m4 -T"C:\Users\ehdtk\Desktop\Dron\2-1. BNO080_1\STM32F405RGTX_FLASH.ld" --specs=nosys.specs -Wl,-Map="2-1. BNO080_1.map" -Wl,--gc-sections -static --specs=nano.specs -mfpu=fpv4-sp-d16 -mfloat-abi=hard -mthumb -Wl,--start-group -lc -lm -Wl,--end-group
Finished building target: 2-1. BNO080_1.elf
 
arm-none-eabi-size  2-1.\ BNO080_1.elf 
arm-none-eabi-objdump -h -S 2-1.\ BNO080_1.elf  > "2-1. BNO080_1.list"
   text	   data	    bss	    dec	    hex	filename
  23792	    108	   2116	  26016	   65a0	2-1. BNO080_1.elf
Finished building: default.size.stdout
 
Finished building: 2-1. BNO080_1.list
 
22:17:05 **** Incremental Build of configuration Debug for project 2-1. BNO080_1 ****
make -j16 all 
arm-none-eabi-size  2-1.\ BNO080_1.elf 
   text	   data	    bss	    dec	    hex	filename
  23792	    108	   2116	  26016	   65a0	2-1. BNO080_1.elf
Finished building: default.size.stdout
 
22:17:23 **** Incremental Build of configuration Debug for project 2-1. BNO080_1 ****
make -j16 all 
arm-none-eabi-size  2-1.\ BNO080_1.elf 
   text	   data	    bss	    dec	    hex	filename
  23792	    108	   2116	  26016	   65a0	2-1. BNO080_1.elf
Finished building: default.size.stdout
 
20:19:07 **** Incremental Build of configuration Debug for project 2-1. BNO080_1 ****
make -j16 all 
arm-none-eabi-gcc "../Core/Src/main.c" -mcpu=cortex-m4 -std=gnu11 -g3 -DDEBUG -DUSE_HAL_DRIVER -DSTM32F405xx -DUSE_FULL_LL_DRIVER -c -I../Core/Inc -I../Drivers/STM32F4xx_HAL_Driver/Inc -I../Drivers/STM32F4xx_HAL_Driver/Inc/Legacy -I../Drivers/CMSIS/Device/ST/STM32F4xx/Include -I../Drivers/CMSIS/Include -O0 -ffunction-sections -fdata-sections -Wall -fstack-usage -fcyclomatic-complexity -MMD -MP -MF"Core/Src/main.d" -MT"Core/Src/main.o" --specs=nano.specs -mfpu=fpv4-sp-d16 -mfloat-abi=hard -mthumb -o "Core/Src/main.o"
../Core/Src/main.c: In function 'main':
../Core/Src/main.c:142:17: warning: implicit declaration of function 'printf' [-Wimplicit-function-declaration]
  142 |                 printf("%d, %d, %d \r\n",(int)(BNO080_Roll*100), (int)(BNO080_Pitch*100), (int)(BNO080_Yaw*100));
      |                 ^~~~~~
../Core/Src/main.c:27:1: note: include '<stdio.h>' or provide a declaration of 'printf'
   26 | #include "Quaternion.h"
  +++ |+#include <stdio.h>
   27 | 
../Core/Src/main.c:142:17: warning: incompatible implicit declaration of built-in function 'printf' [-Wbuiltin-declaration-mismatch]
  142 |                 printf("%d, %d, %d \r\n",(int)(BNO080_Roll*100), (int)(BNO080_Pitch*100), (int)(BNO080_Yaw*100));
      |                 ^~~~~~
../Core/Src/main.c:142:17: note: include '<stdio.h>' or provide a declaration of 'printf'
../Core/Src/main.c:81:15: warning: variable 'quatRadianAccuracy' set but not used [-Wunused-but-set-variable]
   81 |         float quatRadianAccuracy;
      |               ^~~~~~~~~~~~~~~~~~
arm-none-eabi-gcc -o "2-1. BNO080_1.elf" @"objects.list"   -mcpu=cortex-m4 -T"C:\Users\ehdtk\Desktop\Dron\2-1. BNO080_1\STM32F405RGTX_FLASH.ld" --specs=nosys.specs -Wl,-Map="2-1. BNO080_1.map" -Wl,--gc-sections -static --specs=nano.specs -mfpu=fpv4-sp-d16 -mfloat-abi=hard -mthumb -Wl,--start-group -lc -lm -Wl,--end-group
Finished building target: 2-1. BNO080_1.elf
 
arm-none-eabi-size  2-1.\ BNO080_1.elf 
arm-none-eabi-objdump -h -S 2-1.\ BNO080_1.elf  > "2-1. BNO080_1.list"
   text	   data	    bss	    dec	    hex	filename
  23900	    108	   2116	  26124	   660c	2-1. BNO080_1.elf
Finished building: default.size.stdout
 
Finished building: 2-1. BNO080_1.list
 
21:22:32 **** Incremental Build of configuration Debug for project 2-1. BNO080_1 ****
make -j16 all 
arm-none-eabi-size  2-1.\ BNO080_1.elf 
   text	   data	    bss	    dec	    hex	filename
  23900	    108	   2116	  26124	   660c	2-1. BNO080_1.elf
Finished building: default.size.stdout
 
21:25:10 **** Incremental Build of configuration Debug for project 2-1. BNO080_1 ****
make -j16 all 
arm-none-eabi-size  2-1.\ BNO080_1.elf 
   text	   data	    bss	    dec	    hex	filename
  23900	    108	   2116	  26124	   660c	2-1. BNO080_1.elf
Finished building: default.size.stdout
 
21:29:34 **** Incremental Build of configuration Debug for project 2-1. BNO080_1 ****
make -j16 all 
arm-none-eabi-gcc "../Core/Src/main.c" -mcpu=cortex-m4 -std=gnu11 -g3 -DDEBUG -DUSE_HAL_DRIVER -DSTM32F405xx -DUSE_FULL_LL_DRIVER -c -I../Core/Inc -I../Drivers/STM32F4xx_HAL_Driver/Inc -I../Drivers/STM32F4xx_HAL_Driver/Inc/Legacy -I../Drivers/CMSIS/Device/ST/STM32F4xx/Include -I../Drivers/CMSIS/Include -O0 -ffunction-sections -fdata-sections -Wall -fstack-usage -fcyclomatic-complexity -MMD -MP -MF"Core/Src/main.d" -MT"Core/Src/main.o" --specs=nano.specs -mfpu=fpv4-sp-d16 -mfloat-abi=hard -mthumb -o "Core/Src/main.o"
../Core/Src/main.c: In function 'main':
../Core/Src/main.c:81:15: warning: variable 'quatRadianAccuracy' set but not used [-Wunused-but-set-variable]
   81 |         float quatRadianAccuracy;
      |               ^~~~~~~~~~~~~~~~~~
arm-none-eabi-gcc -o "2-1. BNO080_1.elf" @"objects.list"   -mcpu=cortex-m4 -T"C:\Users\ehdtk\Desktop\Dron\2-1. BNO080_1\STM32F405RGTX_FLASH.ld" --specs=nosys.specs -Wl,-Map="2-1. BNO080_1.map" -Wl,--gc-sections -static --specs=nano.specs -mfpu=fpv4-sp-d16 -mfloat-abi=hard -mthumb -Wl,--start-group -lc -lm -Wl,--end-group
Finished building target: 2-1. BNO080_1.elf
 
arm-none-eabi-size  2-1.\ BNO080_1.elf 
arm-none-eabi-objdump -h -S 2-1.\ BNO080_1.elf  > "2-1. BNO080_1.list"
   text	   data	    bss	    dec	    hex	filename
  23792	    108	   2116	  26016	   65a0	2-1. BNO080_1.elf
Finished building: default.size.stdout
 
Finished building: 2-1. BNO080_1.list
 
21:35:20 **** Incremental Build of configuration Debug for project 2-1. BNO080_1 ****
make -j16 all 
arm-none-eabi-gcc "../Core/Src/main.c" -mcpu=cortex-m4 -std=gnu11 -g3 -DDEBUG -DUSE_HAL_DRIVER -DSTM32F405xx -DUSE_FULL_LL_DRIVER -c -I../Core/Inc -I../Drivers/STM32F4xx_HAL_Driver/Inc -I../Drivers/STM32F4xx_HAL_Driver/Inc/Legacy -I../Drivers/CMSIS/Device/ST/STM32F4xx/Include -I../Drivers/CMSIS/Include -O0 -ffunction-sections -fdata-sections -Wall -fstack-usage -fcyclomatic-complexity -MMD -MP -MF"Core/Src/main.d" -MT"Core/Src/main.o" --specs=nano.specs -mfpu=fpv4-sp-d16 -mfloat-abi=hard -mthumb -o "Core/Src/main.o"
../Core/Src/main.c: In function 'main':
../Core/Src/main.c:81:15: warning: variable 'quatRadianAccuracy' set but not used [-Wunused-but-set-variable]
   81 |         float quatRadianAccuracy;
      |               ^~~~~~~~~~~~~~~~~~
arm-none-eabi-gcc -o "2-1. BNO080_1.elf" @"objects.list"   -mcpu=cortex-m4 -T"C:\Users\ehdtk\Desktop\Dron\2-1. BNO080_1\STM32F405RGTX_FLASH.ld" --specs=nosys.specs -Wl,-Map="2-1. BNO080_1.map" -Wl,--gc-sections -static --specs=nano.specs -mfpu=fpv4-sp-d16 -mfloat-abi=hard -mthumb -Wl,--start-group -lc -lm -Wl,--end-group
Finished building target: 2-1. BNO080_1.elf
 
arm-none-eabi-size  2-1.\ BNO080_1.elf 
arm-none-eabi-objdump -h -S 2-1.\ BNO080_1.elf  > "2-1. BNO080_1.list"
   text	   data	    bss	    dec	    hex	filename
  23732	    108	   2116	  25956	   6564	2-1. BNO080_1.elf
Finished building: default.size.stdout
 
Finished building: 2-1. BNO080_1.list
 
21:35:26 **** Incremental Build of configuration Debug for project 2-1. BNO080_1 ****
make -j16 all 
arm-none-eabi-size  2-1.\ BNO080_1.elf 
   text	   data	    bss	    dec	    hex	filename
  23732	    108	   2116	  25956	   6564	2-1. BNO080_1.elf
Finished building: default.size.stdout
 
21:38:01 **** Incremental Build of configuration Debug for project 2-1. BNO080_1 ****
make -j16 all 
arm-none-eabi-gcc "../Core/Src/main.c" -mcpu=cortex-m4 -std=gnu11 -g3 -DDEBUG -DUSE_HAL_DRIVER -DSTM32F405xx -DUSE_FULL_LL_DRIVER -c -I../Core/Inc -I../Drivers/STM32F4xx_HAL_Driver/Inc -I../Drivers/STM32F4xx_HAL_Driver/Inc/Legacy -I../Drivers/CMSIS/Device/ST/STM32F4xx/Include -I../Drivers/CMSIS/Include -O0 -ffunction-sections -fdata-sections -Wall -fstack-usage -fcyclomatic-complexity -MMD -MP -MF"Core/Src/main.d" -MT"Core/Src/main.o" --specs=nano.specs -mfpu=fpv4-sp-d16 -mfloat-abi=hard -mthumb -o "Core/Src/main.o"
../Core/Src/main.c: In function 'main':
../Core/Src/main.c:81:15: warning: variable 'quatRadianAccuracy' set but not used [-Wunused-but-set-variable]
   81 |         float quatRadianAccuracy;
      |               ^~~~~~~~~~~~~~~~~~
arm-none-eabi-gcc -o "2-1. BNO080_1.elf" @"objects.list"   -mcpu=cortex-m4 -T"C:\Users\ehdtk\Desktop\Dron\2-1. BNO080_1\STM32F405RGTX_FLASH.ld" --specs=nosys.specs -Wl,-Map="2-1. BNO080_1.map" -Wl,--gc-sections -static --specs=nano.specs -mfpu=fpv4-sp-d16 -mfloat-abi=hard -mthumb -Wl,--start-group -lc -lm -Wl,--end-group
Finished building target: 2-1. BNO080_1.elf
 
arm-none-eabi-size  2-1.\ BNO080_1.elf 
arm-none-eabi-objdump -h -S 2-1.\ BNO080_1.elf  > "2-1. BNO080_1.list"
   text	   data	    bss	    dec	    hex	filename
  23792	    108	   2116	  26016	   65a0	2-1. BNO080_1.elf
Finished building: default.size.stdout
 
Finished building: 2-1. BNO080_1.list
 
21:46:47 **** Incremental Build of configuration Debug for project 2-1. BNO080_1 ****
make -j16 all 
arm-none-eabi-gcc "../Core/Src/main.c" -mcpu=cortex-m4 -std=gnu11 -g3 -DDEBUG -DUSE_HAL_DRIVER -DSTM32F405xx -DUSE_FULL_LL_DRIVER -c -I../Core/Inc -I../Drivers/STM32F4xx_HAL_Driver/Inc -I../Drivers/STM32F4xx_HAL_Driver/Inc/Legacy -I../Drivers/CMSIS/Device/ST/STM32F4xx/Include -I../Drivers/CMSIS/Include -O0 -ffunction-sections -fdata-sections -Wall -fstack-usage -fcyclomatic-complexity -MMD -MP -MF"Core/Src/main.d" -MT"Core/Src/main.o" --specs=nano.specs -mfpu=fpv4-sp-d16 -mfloat-abi=hard -mthumb -o "Core/Src/main.o"
../Core/Src/main.c: In function 'main':
../Core/Src/main.c:149:15: warning: implicit declaration of function 'printf' [-Wimplicit-function-declaration]
  149 |               printf("freq = %lu\r\n", sampleCount);
      |               ^~~~~~
../Core/Src/main.c:27:1: note: include '<stdio.h>' or provide a declaration of 'printf'
   26 | #include "Quaternion.h"
  +++ |+#include <stdio.h>
   27 | 
../Core/Src/main.c:149:15: warning: incompatible implicit declaration of built-in function 'printf' [-Wbuiltin-declaration-mismatch]
  149 |               printf("freq = %lu\r\n", sampleCount);
      |               ^~~~~~
../Core/Src/main.c:149:15: note: include '<stdio.h>' or provide a declaration of 'printf'
../Core/Src/main.c:81:15: warning: variable 'quatRadianAccuracy' set but not used [-Wunused-but-set-variable]
   81 |         float quatRadianAccuracy;
      |               ^~~~~~~~~~~~~~~~~~
arm-none-eabi-gcc -o "2-1. BNO080_1.elf" @"objects.list"   -mcpu=cortex-m4 -T"C:\Users\ehdtk\Desktop\Dron\2-1. BNO080_1\STM32F405RGTX_FLASH.ld" --specs=nosys.specs -Wl,-Map="2-1. BNO080_1.map" -Wl,--gc-sections -static --specs=nano.specs -mfpu=fpv4-sp-d16 -mfloat-abi=hard -mthumb -Wl,--start-group -lc -lm -Wl,--end-group
Finished building target: 2-1. BNO080_1.elf
 
arm-none-eabi-size  2-1.\ BNO080_1.elf 
arm-none-eabi-objdump -h -S 2-1.\ BNO080_1.elf  > "2-1. BNO080_1.list"
   text	   data	    bss	    dec	    hex	filename
  23860	    108	   2116	  26084	   65e4	2-1. BNO080_1.elf
Finished building: default.size.stdout
 
Finished building: 2-1. BNO080_1.list
 
22:17:45 **** Incremental Build of configuration Debug for project 2-1. BNO080_1 ****
make -j16 all 
arm-none-eabi-gcc "../Core/Src/main.c" -mcpu=cortex-m4 -std=gnu11 -g3 -DDEBUG -DUSE_HAL_DRIVER -DSTM32F405xx -DUSE_FULL_LL_DRIVER -c -I../Core/Inc -I../Drivers/STM32F4xx_HAL_Driver/Inc -I../Drivers/STM32F4xx_HAL_Driver/Inc/Legacy -I../Drivers/CMSIS/Device/ST/STM32F4xx/Include -I../Drivers/CMSIS/Include -O0 -ffunction-sections -fdata-sections -Wall -fstack-usage -fcyclomatic-complexity -MMD -MP -MF"Core/Src/main.d" -MT"Core/Src/main.o" --specs=nano.specs -mfpu=fpv4-sp-d16 -mfloat-abi=hard -mthumb -o "Core/Src/main.o"
../Core/Src/main.c: In function 'main':
../Core/Src/main.c:146:17: warning: implicit declaration of function 'printf' [-Wimplicit-function-declaration]
  146 |                 printf("%d, %d, %d \r\n",(int)(BNO080_Roll*100), (int)(BNO080_Pitch*100), (int)(BNO080_Yaw*100));
      |                 ^~~~~~
../Core/Src/main.c:27:1: note: include '<stdio.h>' or provide a declaration of 'printf'
   26 | #include "Quaternion.h"
  +++ |+#include <stdio.h>
   27 | 
../Core/Src/main.c:146:17: warning: incompatible implicit declaration of built-in function 'printf' [-Wbuiltin-declaration-mismatch]
  146 |                 printf("%d, %d, %d \r\n",(int)(BNO080_Roll*100), (int)(BNO080_Pitch*100), (int)(BNO080_Yaw*100));
      |                 ^~~~~~
../Core/Src/main.c:146:17: note: include '<stdio.h>' or provide a declaration of 'printf'
../Core/Src/main.c:83:18: warning: unused variable 'sampleCount' [-Wunused-variable]
   83 |         uint32_t sampleCount = 0;
      |                  ^~~~~~~~~~~
../Core/Src/main.c:82:18: warning: unused variable 'prevTick' [-Wunused-variable]
   82 |         uint32_t prevTick = 0;
      |                  ^~~~~~~~
../Core/Src/main.c:81:15: warning: variable 'quatRadianAccuracy' set but not used [-Wunused-but-set-variable]
   81 |         float quatRadianAccuracy;
      |               ^~~~~~~~~~~~~~~~~~
arm-none-eabi-gcc -o "2-1. BNO080_1.elf" @"objects.list"   -mcpu=cortex-m4 -T"C:\Users\ehdtk\Desktop\Dron\2-1. BNO080_1\STM32F405RGTX_FLASH.ld" --specs=nosys.specs -Wl,-Map="2-1. BNO080_1.map" -Wl,--gc-sections -static --specs=nano.specs -mfpu=fpv4-sp-d16 -mfloat-abi=hard -mthumb -Wl,--start-group -lc -lm -Wl,--end-group
Finished building target: 2-1. BNO080_1.elf
 
arm-none-eabi-size  2-1.\ BNO080_1.elf 
arm-none-eabi-objdump -h -S 2-1.\ BNO080_1.elf  > "2-1. BNO080_1.list"
   text	   data	    bss	    dec	    hex	filename
  23848	    108	   2116	  26072	   65d8	2-1. BNO080_1.elf
Finished building: default.size.stdout
 
Finished building: 2-1. BNO080_1.list
 
22:20:26 **** Incremental Build of configuration Debug for project 2-1. BNO080_1 ****
make -j16 all 
arm-none-eabi-gcc "../Core/Src/main.c" -mcpu=cortex-m4 -std=gnu11 -g3 -DDEBUG -DUSE_HAL_DRIVER -DSTM32F405xx -DUSE_FULL_LL_DRIVER -c -I../Core/Inc -I../Drivers/STM32F4xx_HAL_Driver/Inc -I../Drivers/STM32F4xx_HAL_Driver/Inc/Legacy -I../Drivers/CMSIS/Device/ST/STM32F4xx/Include -I../Drivers/CMSIS/Include -O0 -ffunction-sections -fdata-sections -Wall -fstack-usage -fcyclomatic-complexity -MMD -MP -MF"Core/Src/main.d" -MT"Core/Src/main.o" --specs=nano.specs -mfpu=fpv4-sp-d16 -mfloat-abi=hard -mthumb -o "Core/Src/main.o"
../Core/Src/main.c: In function 'main':
../Core/Src/main.c:146:17: warning: implicit declaration of function 'printf' [-Wimplicit-function-declaration]
  146 |                 printf("%d, %d, %d \n",(int)(BNO080_Roll*100), (int)(BNO080_Pitch*100), (int)(BNO080_Yaw*100));
      |                 ^~~~~~
../Core/Src/main.c:27:1: note: include '<stdio.h>' or provide a declaration of 'printf'
   26 | #include "Quaternion.h"
  +++ |+#include <stdio.h>
   27 | 
../Core/Src/main.c:146:17: warning: incompatible implicit declaration of built-in function 'printf' [-Wbuiltin-declaration-mismatch]
  146 |                 printf("%d, %d, %d \n",(int)(BNO080_Roll*100), (int)(BNO080_Pitch*100), (int)(BNO080_Yaw*100));
      |                 ^~~~~~
../Core/Src/main.c:146:17: note: include '<stdio.h>' or provide a declaration of 'printf'
../Core/Src/main.c:83:18: warning: unused variable 'sampleCount' [-Wunused-variable]
   83 |         uint32_t sampleCount = 0;
      |                  ^~~~~~~~~~~
../Core/Src/main.c:82:18: warning: unused variable 'prevTick' [-Wunused-variable]
   82 |         uint32_t prevTick = 0;
      |                  ^~~~~~~~
../Core/Src/main.c:81:15: warning: variable 'quatRadianAccuracy' set but not used [-Wunused-but-set-variable]
   81 |         float quatRadianAccuracy;
      |               ^~~~~~~~~~~~~~~~~~
arm-none-eabi-gcc -o "2-1. BNO080_1.elf" @"objects.list"   -mcpu=cortex-m4 -T"C:\Users\ehdtk\Desktop\Dron\2-1. BNO080_1\STM32F405RGTX_FLASH.ld" --specs=nosys.specs -Wl,-Map="2-1. BNO080_1.map" -Wl,--gc-sections -static --specs=nano.specs -mfpu=fpv4-sp-d16 -mfloat-abi=hard -mthumb -Wl,--start-group -lc -lm -Wl,--end-group
Finished building target: 2-1. BNO080_1.elf
 
arm-none-eabi-size  2-1.\ BNO080_1.elf 
arm-none-eabi-objdump -h -S 2-1.\ BNO080_1.elf  > "2-1. BNO080_1.list"
   text	   data	    bss	    dec	    hex	filename
  23848	    108	   2116	  26072	   65d8	2-1. BNO080_1.elf
Finished building: default.size.stdout
 
Finished building: 2-1. BNO080_1.list
 
22:20:43 **** Incremental Build of configuration Debug for project 2-1. BNO080_1 ****
make -j16 all 
arm-none-eabi-size  2-1.\ BNO080_1.elf 
   text	   data	    bss	    dec	    hex	filename
  23848	    108	   2116	  26072	   65d8	2-1. BNO080_1.elf
Finished building: default.size.stdout
 
23:19:32 **** Build of configuration Debug for project 2-2. ICM20602 ****
make -j16 all 
arm-none-eabi-gcc "../Drivers/STM32F4xx_HAL_Driver/Src/stm32f4xx_hal.c" -mcpu=cortex-m4 -std=gnu11 -g3 -DDEBUG -DUSE_HAL_DRIVER -DSTM32F405xx -DUSE_FULL_LL_DRIVER -c -I../Core/Inc -I../Drivers/STM32F4xx_HAL_Driver/Inc -I../Drivers/STM32F4xx_HAL_Driver/Inc/Legacy -I../Drivers/CMSIS/Device/ST/STM32F4xx/Include -I../Drivers/CMSIS/Include -O0 -ffunction-sections -fdata-sections -Wall -fstack-usage -fcyclomatic-complexity -MMD -MP -MF"Drivers/STM32F4xx_HAL_Driver/Src/stm32f4xx_hal.d" -MT"Drivers/STM32F4xx_HAL_Driver/Src/stm32f4xx_hal.o" --specs=nano.specs -mfpu=fpv4-sp-d16 -mfloat-abi=hard -mthumb -o "Drivers/STM32F4xx_HAL_Driver/Src/stm32f4xx_hal.o"
arm-none-eabi-gcc "../Drivers/STM32F4xx_HAL_Driver/Src/stm32f4xx_hal_cortex.c" -mcpu=cortex-m4 -std=gnu11 -g3 -DDEBUG -DUSE_HAL_DRIVER -DSTM32F405xx -DUSE_FULL_LL_DRIVER -c -I../Core/Inc -I../Drivers/STM32F4xx_HAL_Driver/Inc -I../Drivers/STM32F4xx_HAL_Driver/Inc/Legacy -I../Drivers/CMSIS/Device/ST/STM32F4xx/Include -I../Drivers/CMSIS/Include -O0 -ffunction-sections -fdata-sections -Wall -fstack-usage -fcyclomatic-complexity -MMD -MP -MF"Drivers/STM32F4xx_HAL_Driver/Src/stm32f4xx_hal_cortex.d" -MT"Drivers/STM32F4xx_HAL_Driver/Src/stm32f4xx_hal_cortex.o" --specs=nano.specs -mfpu=fpv4-sp-d16 -mfloat-abi=hard -mthumb -o "Drivers/STM32F4xx_HAL_Driver/Src/stm32f4xx_hal_cortex.o"
arm-none-eabi-gcc "../Drivers/STM32F4xx_HAL_Driver/Src/stm32f4xx_hal_dma.c" -mcpu=cortex-m4 -std=gnu11 -g3 -DDEBUG -DUSE_HAL_DRIVER -DSTM32F405xx -DUSE_FULL_LL_DRIVER -c -I../Core/Inc -I../Drivers/STM32F4xx_HAL_Driver/Inc -I../Drivers/STM32F4xx_HAL_Driver/Inc/Legacy -I../Drivers/CMSIS/Device/ST/STM32F4xx/Include -I../Drivers/CMSIS/Include -O0 -ffunction-sections -fdata-sections -Wall -fstack-usage -fcyclomatic-complexity -MMD -MP -MF"Drivers/STM32F4xx_HAL_Driver/Src/stm32f4xx_hal_dma.d" -MT"Drivers/STM32F4xx_HAL_Driver/Src/stm32f4xx_hal_dma.o" --specs=nano.specs -mfpu=fpv4-sp-d16 -mfloat-abi=hard -mthumb -o "Drivers/STM32F4xx_HAL_Driver/Src/stm32f4xx_hal_dma.o"
arm-none-eabi-gcc "../Drivers/STM32F4xx_HAL_Driver/Src/stm32f4xx_hal_dma_ex.c" -mcpu=cortex-m4 -std=gnu11 -g3 -DDEBUG -DUSE_HAL_DRIVER -DSTM32F405xx -DUSE_FULL_LL_DRIVER -c -I../Core/Inc -I../Drivers/STM32F4xx_HAL_Driver/Inc -I../Drivers/STM32F4xx_HAL_Driver/Inc/Legacy -I../Drivers/CMSIS/Device/ST/STM32F4xx/Include -I../Drivers/CMSIS/Include -O0 -ffunction-sections -fdata-sections -Wall -fstack-usage -fcyclomatic-complexity -MMD -MP -MF"Drivers/STM32F4xx_HAL_Driver/Src/stm32f4xx_hal_dma_ex.d" -MT"Drivers/STM32F4xx_HAL_Driver/Src/stm32f4xx_hal_dma_ex.o" --specs=nano.specs -mfpu=fpv4-sp-d16 -mfloat-abi=hard -mthumb -o "Drivers/STM32F4xx_HAL_Driver/Src/stm32f4xx_hal_dma_ex.o"
arm-none-eabi-gcc "../Drivers/STM32F4xx_HAL_Driver/Src/stm32f4xx_hal_exti.c" -mcpu=cortex-m4 -std=gnu11 -g3 -DDEBUG -DUSE_HAL_DRIVER -DSTM32F405xx -DUSE_FULL_LL_DRIVER -c -I../Core/Inc -I../Drivers/STM32F4xx_HAL_Driver/Inc -I../Drivers/STM32F4xx_HAL_Driver/Inc/Legacy -I../Drivers/CMSIS/Device/ST/STM32F4xx/Include -I../Drivers/CMSIS/Include -O0 -ffunction-sections -fdata-sections -Wall -fstack-usage -fcyclomatic-complexity -MMD -MP -MF"Drivers/STM32F4xx_HAL_Driver/Src/stm32f4xx_hal_exti.d" -MT"Drivers/STM32F4xx_HAL_Driver/Src/stm32f4xx_hal_exti.o" --specs=nano.specs -mfpu=fpv4-sp-d16 -mfloat-abi=hard -mthumb -o "Drivers/STM32F4xx_HAL_Driver/Src/stm32f4xx_hal_exti.o"
arm-none-eabi-gcc "../Drivers/STM32F4xx_HAL_Driver/Src/stm32f4xx_hal_flash.c" -mcpu=cortex-m4 -std=gnu11 -g3 -DDEBUG -DUSE_HAL_DRIVER -DSTM32F405xx -DUSE_FULL_LL_DRIVER -c -I../Core/Inc -I../Drivers/STM32F4xx_HAL_Driver/Inc -I../Drivers/STM32F4xx_HAL_Driver/Inc/Legacy -I../Drivers/CMSIS/Device/ST/STM32F4xx/Include -I../Drivers/CMSIS/Include -O0 -ffunction-sections -fdata-sections -Wall -fstack-usage -fcyclomatic-complexity -MMD -MP -MF"Drivers/STM32F4xx_HAL_Driver/Src/stm32f4xx_hal_flash.d" -MT"Drivers/STM32F4xx_HAL_Driver/Src/stm32f4xx_hal_flash.o" --specs=nano.specs -mfpu=fpv4-sp-d16 -mfloat-abi=hard -mthumb -o "Drivers/STM32F4xx_HAL_Driver/Src/stm32f4xx_hal_flash.o"
arm-none-eabi-gcc "../Drivers/STM32F4xx_HAL_Driver/Src/stm32f4xx_hal_flash_ex.c" -mcpu=cortex-m4 -std=gnu11 -g3 -DDEBUG -DUSE_HAL_DRIVER -DSTM32F405xx -DUSE_FULL_LL_DRIVER -c -I../Core/Inc -I../Drivers/STM32F4xx_HAL_Driver/Inc -I../Drivers/STM32F4xx_HAL_Driver/Inc/Legacy -I../Drivers/CMSIS/Device/ST/STM32F4xx/Include -I../Drivers/CMSIS/Include -O0 -ffunction-sections -fdata-sections -Wall -fstack-usage -fcyclomatic-complexity -MMD -MP -MF"Drivers/STM32F4xx_HAL_Driver/Src/stm32f4xx_hal_flash_ex.d" -MT"Drivers/STM32F4xx_HAL_Driver/Src/stm32f4xx_hal_flash_ex.o" --specs=nano.specs -mfpu=fpv4-sp-d16 -mfloat-abi=hard -mthumb -o "Drivers/STM32F4xx_HAL_Driver/Src/stm32f4xx_hal_flash_ex.o"
arm-none-eabi-gcc "../Drivers/STM32F4xx_HAL_Driver/Src/stm32f4xx_hal_flash_ramfunc.c" -mcpu=cortex-m4 -std=gnu11 -g3 -DDEBUG -DUSE_HAL_DRIVER -DSTM32F405xx -DUSE_FULL_LL_DRIVER -c -I../Core/Inc -I../Drivers/STM32F4xx_HAL_Driver/Inc -I../Drivers/STM32F4xx_HAL_Driver/Inc/Legacy -I../Drivers/CMSIS/Device/ST/STM32F4xx/Include -I../Drivers/CMSIS/Include -O0 -ffunction-sections -fdata-sections -Wall -fstack-usage -fcyclomatic-complexity -MMD -MP -MF"Drivers/STM32F4xx_HAL_Driver/Src/stm32f4xx_hal_flash_ramfunc.d" -MT"Drivers/STM32F4xx_HAL_Driver/Src/stm32f4xx_hal_flash_ramfunc.o" --specs=nano.specs -mfpu=fpv4-sp-d16 -mfloat-abi=hard -mthumb -o "Drivers/STM32F4xx_HAL_Driver/Src/stm32f4xx_hal_flash_ramfunc.o"
arm-none-eabi-gcc "../Drivers/STM32F4xx_HAL_Driver/Src/stm32f4xx_hal_gpio.c" -mcpu=cortex-m4 -std=gnu11 -g3 -DDEBUG -DUSE_HAL_DRIVER -DSTM32F405xx -DUSE_FULL_LL_DRIVER -c -I../Core/Inc -I../Drivers/STM32F4xx_HAL_Driver/Inc -I../Drivers/STM32F4xx_HAL_Driver/Inc/Legacy -I../Drivers/CMSIS/Device/ST/STM32F4xx/Include -I../Drivers/CMSIS/Include -O0 -ffunction-sections -fdata-sections -Wall -fstack-usage -fcyclomatic-complexity -MMD -MP -MF"Drivers/STM32F4xx_HAL_Driver/Src/stm32f4xx_hal_gpio.d" -MT"Drivers/STM32F4xx_HAL_Driver/Src/stm32f4xx_hal_gpio.o" --specs=nano.specs -mfpu=fpv4-sp-d16 -mfloat-abi=hard -mthumb -o "Drivers/STM32F4xx_HAL_Driver/Src/stm32f4xx_hal_gpio.o"
arm-none-eabi-gcc "../Drivers/STM32F4xx_HAL_Driver/Src/stm32f4xx_hal_pwr.c" -mcpu=cortex-m4 -std=gnu11 -g3 -DDEBUG -DUSE_HAL_DRIVER -DSTM32F405xx -DUSE_FULL_LL_DRIVER -c -I../Core/Inc -I../Drivers/STM32F4xx_HAL_Driver/Inc -I../Drivers/STM32F4xx_HAL_Driver/Inc/Legacy -I../Drivers/CMSIS/Device/ST/STM32F4xx/Include -I../Drivers/CMSIS/Include -O0 -ffunction-sections -fdata-sections -Wall -fstack-usage -fcyclomatic-complexity -MMD -MP -MF"Drivers/STM32F4xx_HAL_Driver/Src/stm32f4xx_hal_pwr.d" -MT"Drivers/STM32F4xx_HAL_Driver/Src/stm32f4xx_hal_pwr.o" --specs=nano.specs -mfpu=fpv4-sp-d16 -mfloat-abi=hard -mthumb -o "Drivers/STM32F4xx_HAL_Driver/Src/stm32f4xx_hal_pwr.o"
arm-none-eabi-gcc "../Drivers/STM32F4xx_HAL_Driver/Src/stm32f4xx_hal_pwr_ex.c" -mcpu=cortex-m4 -std=gnu11 -g3 -DDEBUG -DUSE_HAL_DRIVER -DSTM32F405xx -DUSE_FULL_LL_DRIVER -c -I../Core/Inc -I../Drivers/STM32F4xx_HAL_Driver/Inc -I../Drivers/STM32F4xx_HAL_Driver/Inc/Legacy -I../Drivers/CMSIS/Device/ST/STM32F4xx/Include -I../Drivers/CMSIS/Include -O0 -ffunction-sections -fdata-sections -Wall -fstack-usage -fcyclomatic-complexity -MMD -MP -MF"Drivers/STM32F4xx_HAL_Driver/Src/stm32f4xx_hal_pwr_ex.d" -MT"Drivers/STM32F4xx_HAL_Driver/Src/stm32f4xx_hal_pwr_ex.o" --specs=nano.specs -mfpu=fpv4-sp-d16 -mfloat-abi=hard -mthumb -o "Drivers/STM32F4xx_HAL_Driver/Src/stm32f4xx_hal_pwr_ex.o"
arm-none-eabi-gcc "../Drivers/STM32F4xx_HAL_Driver/Src/stm32f4xx_hal_rcc.c" -mcpu=cortex-m4 -std=gnu11 -g3 -DDEBUG -DUSE_HAL_DRIVER -DSTM32F405xx -DUSE_FULL_LL_DRIVER -c -I../Core/Inc -I../Drivers/STM32F4xx_HAL_Driver/Inc -I../Drivers/STM32F4xx_HAL_Driver/Inc/Legacy -I../Drivers/CMSIS/Device/ST/STM32F4xx/Include -I../Drivers/CMSIS/Include -O0 -ffunction-sections -fdata-sections -Wall -fstack-usage -fcyclomatic-complexity -MMD -MP -MF"Drivers/STM32F4xx_HAL_Driver/Src/stm32f4xx_hal_rcc.d" -MT"Drivers/STM32F4xx_HAL_Driver/Src/stm32f4xx_hal_rcc.o" --specs=nano.specs -mfpu=fpv4-sp-d16 -mfloat-abi=hard -mthumb -o "Drivers/STM32F4xx_HAL_Driver/Src/stm32f4xx_hal_rcc.o"
arm-none-eabi-gcc "../Drivers/STM32F4xx_HAL_Driver/Src/stm32f4xx_hal_rcc_ex.c" -mcpu=cortex-m4 -std=gnu11 -g3 -DDEBUG -DUSE_HAL_DRIVER -DSTM32F405xx -DUSE_FULL_LL_DRIVER -c -I../Core/Inc -I../Drivers/STM32F4xx_HAL_Driver/Inc -I../Drivers/STM32F4xx_HAL_Driver/Inc/Legacy -I../Drivers/CMSIS/Device/ST/STM32F4xx/Include -I../Drivers/CMSIS/Include -O0 -ffunction-sections -fdata-sections -Wall -fstack-usage -fcyclomatic-complexity -MMD -MP -MF"Drivers/STM32F4xx_HAL_Driver/Src/stm32f4xx_hal_rcc_ex.d" -MT"Drivers/STM32F4xx_HAL_Driver/Src/stm32f4xx_hal_rcc_ex.o" --specs=nano.specs -mfpu=fpv4-sp-d16 -mfloat-abi=hard -mthumb -o "Drivers/STM32F4xx_HAL_Driver/Src/stm32f4xx_hal_rcc_ex.o"
arm-none-eabi-gcc "../Drivers/STM32F4xx_HAL_Driver/Src/stm32f4xx_ll_dma.c" -mcpu=cortex-m4 -std=gnu11 -g3 -DDEBUG -DUSE_HAL_DRIVER -DSTM32F405xx -DUSE_FULL_LL_DRIVER -c -I../Core/Inc -I../Drivers/STM32F4xx_HAL_Driver/Inc -I../Drivers/STM32F4xx_HAL_Driver/Inc/Legacy -I../Drivers/CMSIS/Device/ST/STM32F4xx/Include -I../Drivers/CMSIS/Include -O0 -ffunction-sections -fdata-sections -Wall -fstack-usage -fcyclomatic-complexity -MMD -MP -MF"Drivers/STM32F4xx_HAL_Driver/Src/stm32f4xx_ll_dma.d" -MT"Drivers/STM32F4xx_HAL_Driver/Src/stm32f4xx_ll_dma.o" --specs=nano.specs -mfpu=fpv4-sp-d16 -mfloat-abi=hard -mthumb -o "Drivers/STM32F4xx_HAL_Driver/Src/stm32f4xx_ll_dma.o"
arm-none-eabi-gcc "../Drivers/STM32F4xx_HAL_Driver/Src/stm32f4xx_ll_exti.c" -mcpu=cortex-m4 -std=gnu11 -g3 -DDEBUG -DUSE_HAL_DRIVER -DSTM32F405xx -DUSE_FULL_LL_DRIVER -c -I../Core/Inc -I../Drivers/STM32F4xx_HAL_Driver/Inc -I../Drivers/STM32F4xx_HAL_Driver/Inc/Legacy -I../Drivers/CMSIS/Device/ST/STM32F4xx/Include -I../Drivers/CMSIS/Include -O0 -ffunction-sections -fdata-sections -Wall -fstack-usage -fcyclomatic-complexity -MMD -MP -MF"Drivers/STM32F4xx_HAL_Driver/Src/stm32f4xx_ll_exti.d" -MT"Drivers/STM32F4xx_HAL_Driver/Src/stm32f4xx_ll_exti.o" --specs=nano.specs -mfpu=fpv4-sp-d16 -mfloat-abi=hard -mthumb -o "Drivers/STM32F4xx_HAL_Driver/Src/stm32f4xx_ll_exti.o"
arm-none-eabi-gcc "../Drivers/STM32F4xx_HAL_Driver/Src/stm32f4xx_ll_gpio.c" -mcpu=cortex-m4 -std=gnu11 -g3 -DDEBUG -DUSE_HAL_DRIVER -DSTM32F405xx -DUSE_FULL_LL_DRIVER -c -I../Core/Inc -I../Drivers/STM32F4xx_HAL_Driver/Inc -I../Drivers/STM32F4xx_HAL_Driver/Inc/Legacy -I../Drivers/CMSIS/Device/ST/STM32F4xx/Include -I../Drivers/CMSIS/Include -O0 -ffunction-sections -fdata-sections -Wall -fstack-usage -fcyclomatic-complexity -MMD -MP -MF"Drivers/STM32F4xx_HAL_Driver/Src/stm32f4xx_ll_gpio.d" -MT"Drivers/STM32F4xx_HAL_Driver/Src/stm32f4xx_ll_gpio.o" --specs=nano.specs -mfpu=fpv4-sp-d16 -mfloat-abi=hard -mthumb -o "Drivers/STM32F4xx_HAL_Driver/Src/stm32f4xx_ll_gpio.o"
arm-none-eabi-gcc "../Drivers/STM32F4xx_HAL_Driver/Src/stm32f4xx_ll_rcc.c" -mcpu=cortex-m4 -std=gnu11 -g3 -DDEBUG -DUSE_HAL_DRIVER -DSTM32F405xx -DUSE_FULL_LL_DRIVER -c -I../Core/Inc -I../Drivers/STM32F4xx_HAL_Driver/Inc -I../Drivers/STM32F4xx_HAL_Driver/Inc/Legacy -I../Drivers/CMSIS/Device/ST/STM32F4xx/Include -I../Drivers/CMSIS/Include -O0 -ffunction-sections -fdata-sections -Wall -fstack-usage -fcyclomatic-complexity -MMD -MP -MF"Drivers/STM32F4xx_HAL_Driver/Src/stm32f4xx_ll_rcc.d" -MT"Drivers/STM32F4xx_HAL_Driver/Src/stm32f4xx_ll_rcc.o" --specs=nano.specs -mfpu=fpv4-sp-d16 -mfloat-abi=hard -mthumb -o "Drivers/STM32F4xx_HAL_Driver/Src/stm32f4xx_ll_rcc.o"
arm-none-eabi-gcc "../Drivers/STM32F4xx_HAL_Driver/Src/stm32f4xx_ll_spi.c" -mcpu=cortex-m4 -std=gnu11 -g3 -DDEBUG -DUSE_HAL_DRIVER -DSTM32F405xx -DUSE_FULL_LL_DRIVER -c -I../Core/Inc -I../Drivers/STM32F4xx_HAL_Driver/Inc -I../Drivers/STM32F4xx_HAL_Driver/Inc/Legacy -I../Drivers/CMSIS/Device/ST/STM32F4xx/Include -I../Drivers/CMSIS/Include -O0 -ffunction-sections -fdata-sections -Wall -fstack-usage -fcyclomatic-complexity -MMD -MP -MF"Drivers/STM32F4xx_HAL_Driver/Src/stm32f4xx_ll_spi.d" -MT"Drivers/STM32F4xx_HAL_Driver/Src/stm32f4xx_ll_spi.o" --specs=nano.specs -mfpu=fpv4-sp-d16 -mfloat-abi=hard -mthumb -o "Drivers/STM32F4xx_HAL_Driver/Src/stm32f4xx_ll_spi.o"
arm-none-eabi-gcc "../Drivers/STM32F4xx_HAL_Driver/Src/stm32f4xx_ll_tim.c" -mcpu=cortex-m4 -std=gnu11 -g3 -DDEBUG -DUSE_HAL_DRIVER -DSTM32F405xx -DUSE_FULL_LL_DRIVER -c -I../Core/Inc -I../Drivers/STM32F4xx_HAL_Driver/Inc -I../Drivers/STM32F4xx_HAL_Driver/Inc/Legacy -I../Drivers/CMSIS/Device/ST/STM32F4xx/Include -I../Drivers/CMSIS/Include -O0 -ffunction-sections -fdata-sections -Wall -fstack-usage -fcyclomatic-complexity -MMD -MP -MF"Drivers/STM32F4xx_HAL_Driver/Src/stm32f4xx_ll_tim.d" -MT"Drivers/STM32F4xx_HAL_Driver/Src/stm32f4xx_ll_tim.o" --specs=nano.specs -mfpu=fpv4-sp-d16 -mfloat-abi=hard -mthumb -o "Drivers/STM32F4xx_HAL_Driver/Src/stm32f4xx_ll_tim.o"
arm-none-eabi-gcc "../Drivers/STM32F4xx_HAL_Driver/Src/stm32f4xx_ll_usart.c" -mcpu=cortex-m4 -std=gnu11 -g3 -DDEBUG -DUSE_HAL_DRIVER -DSTM32F405xx -DUSE_FULL_LL_DRIVER -c -I../Core/Inc -I../Drivers/STM32F4xx_HAL_Driver/Inc -I../Drivers/STM32F4xx_HAL_Driver/Inc/Legacy -I../Drivers/CMSIS/Device/ST/STM32F4xx/Include -I../Drivers/CMSIS/Include -O0 -ffunction-sections -fdata-sections -Wall -fstack-usage -fcyclomatic-complexity -MMD -MP -MF"Drivers/STM32F4xx_HAL_Driver/Src/stm32f4xx_ll_usart.d" -MT"Drivers/STM32F4xx_HAL_Driver/Src/stm32f4xx_ll_usart.o" --specs=nano.specs -mfpu=fpv4-sp-d16 -mfloat-abi=hard -mthumb -o "Drivers/STM32F4xx_HAL_Driver/Src/stm32f4xx_ll_usart.o"
arm-none-eabi-gcc "../Drivers/STM32F4xx_HAL_Driver/Src/stm32f4xx_ll_utils.c" -mcpu=cortex-m4 -std=gnu11 -g3 -DDEBUG -DUSE_HAL_DRIVER -DSTM32F405xx -DUSE_FULL_LL_DRIVER -c -I../Core/Inc -I../Drivers/STM32F4xx_HAL_Driver/Inc -I../Drivers/STM32F4xx_HAL_Driver/Inc/Legacy -I../Drivers/CMSIS/Device/ST/STM32F4xx/Include -I../Drivers/CMSIS/Include -O0 -ffunction-sections -fdata-sections -Wall -fstack-usage -fcyclomatic-complexity -MMD -MP -MF"Drivers/STM32F4xx_HAL_Driver/Src/stm32f4xx_ll_utils.d" -MT"Drivers/STM32F4xx_HAL_Driver/Src/stm32f4xx_ll_utils.o" --specs=nano.specs -mfpu=fpv4-sp-d16 -mfloat-abi=hard -mthumb -o "Drivers/STM32F4xx_HAL_Driver/Src/stm32f4xx_ll_utils.o"
arm-none-eabi-gcc -mcpu=cortex-m4 -g3 -DDEBUG -c -x assembler-with-cpp -MMD -MP -MF"Core/Startup/startup_stm32f405rgtx.d" -MT"Core/Startup/startup_stm32f405rgtx.o" --specs=nano.specs -mfpu=fpv4-sp-d16 -mfloat-abi=hard -mthumb -o "Core/Startup/startup_stm32f405rgtx.o" "../Core/Startup/startup_stm32f405rgtx.s"
arm-none-eabi-gcc "../Core/Src/BNO080.c" -mcpu=cortex-m4 -std=gnu11 -g3 -DDEBUG -DUSE_HAL_DRIVER -DSTM32F405xx -DUSE_FULL_LL_DRIVER -c -I../Core/Inc -I../Drivers/STM32F4xx_HAL_Driver/Inc -I../Drivers/STM32F4xx_HAL_Driver/Inc/Legacy -I../Drivers/CMSIS/Device/ST/STM32F4xx/Include -I../Drivers/CMSIS/Include -O0 -ffunction-sections -fdata-sections -Wall -fstack-usage -fcyclomatic-complexity -MMD -MP -MF"Core/Src/BNO080.d" -MT"Core/Src/BNO080.o" --specs=nano.specs -mfpu=fpv4-sp-d16 -mfloat-abi=hard -mthumb -o "Core/Src/BNO080.o"
arm-none-eabi-gcc "../Core/Src/ICM20602.c" -mcpu=cortex-m4 -std=gnu11 -g3 -DDEBUG -DUSE_HAL_DRIVER -DSTM32F405xx -DUSE_FULL_LL_DRIVER -c -I../Core/Inc -I../Drivers/STM32F4xx_HAL_Driver/Inc -I../Drivers/STM32F4xx_HAL_Driver/Inc/Legacy -I../Drivers/CMSIS/Device/ST/STM32F4xx/Include -I../Drivers/CMSIS/Include -O0 -ffunction-sections -fdata-sections -Wall -fstack-usage -fcyclomatic-complexity -MMD -MP -MF"Core/Src/ICM20602.d" -MT"Core/Src/ICM20602.o" --specs=nano.specs -mfpu=fpv4-sp-d16 -mfloat-abi=hard -mthumb -o "Core/Src/ICM20602.o"
arm-none-eabi-gcc "../Core/Src/Quaternion.c" -mcpu=cortex-m4 -std=gnu11 -g3 -DDEBUG -DUSE_HAL_DRIVER -DSTM32F405xx -DUSE_FULL_LL_DRIVER -c -I../Core/Inc -I../Drivers/STM32F4xx_HAL_Driver/Inc -I../Drivers/STM32F4xx_HAL_Driver/Inc/Legacy -I../Drivers/CMSIS/Device/ST/STM32F4xx/Include -I../Drivers/CMSIS/Include -O0 -ffunction-sections -fdata-sections -Wall -fstack-usage -fcyclomatic-complexity -MMD -MP -MF"Core/Src/Quaternion.d" -MT"Core/Src/Quaternion.o" --specs=nano.specs -mfpu=fpv4-sp-d16 -mfloat-abi=hard -mthumb -o "Core/Src/Quaternion.o"
arm-none-eabi-gcc "../Core/Src/gpio.c" -mcpu=cortex-m4 -std=gnu11 -g3 -DDEBUG -DUSE_HAL_DRIVER -DSTM32F405xx -DUSE_FULL_LL_DRIVER -c -I../Core/Inc -I../Drivers/STM32F4xx_HAL_Driver/Inc -I../Drivers/STM32F4xx_HAL_Driver/Inc/Legacy -I../Drivers/CMSIS/Device/ST/STM32F4xx/Include -I../Drivers/CMSIS/Include -O0 -ffunction-sections -fdata-sections -Wall -fstack-usage -fcyclomatic-complexity -MMD -MP -MF"Core/Src/gpio.d" -MT"Core/Src/gpio.o" --specs=nano.specs -mfpu=fpv4-sp-d16 -mfloat-abi=hard -mthumb -o "Core/Src/gpio.o"
arm-none-eabi-gcc "../Core/Src/main.c" -mcpu=cortex-m4 -std=gnu11 -g3 -DDEBUG -DUSE_HAL_DRIVER -DSTM32F405xx -DUSE_FULL_LL_DRIVER -c -I../Core/Inc -I../Drivers/STM32F4xx_HAL_Driver/Inc -I../Drivers/STM32F4xx_HAL_Driver/Inc/Legacy -I../Drivers/CMSIS/Device/ST/STM32F4xx/Include -I../Drivers/CMSIS/Include -O0 -ffunction-sections -fdata-sections -Wall -fstack-usage -fcyclomatic-complexity -MMD -MP -MF"Core/Src/main.d" -MT"Core/Src/main.o" --specs=nano.specs -mfpu=fpv4-sp-d16 -mfloat-abi=hard -mthumb -o "Core/Src/main.o"
arm-none-eabi-gcc "../Core/Src/spi.c" -mcpu=cortex-m4 -std=gnu11 -g3 -DDEBUG -DUSE_HAL_DRIVER -DSTM32F405xx -DUSE_FULL_LL_DRIVER -c -I../Core/Inc -I../Drivers/STM32F4xx_HAL_Driver/Inc -I../Drivers/STM32F4xx_HAL_Driver/Inc/Legacy -I../Drivers/CMSIS/Device/ST/STM32F4xx/Include -I../Drivers/CMSIS/Include -O0 -ffunction-sections -fdata-sections -Wall -fstack-usage -fcyclomatic-complexity -MMD -MP -MF"Core/Src/spi.d" -MT"Core/Src/spi.o" --specs=nano.specs -mfpu=fpv4-sp-d16 -mfloat-abi=hard -mthumb -o "Core/Src/spi.o"
arm-none-eabi-gcc "../Core/Src/stm32f4xx_hal_msp.c" -mcpu=cortex-m4 -std=gnu11 -g3 -DDEBUG -DUSE_HAL_DRIVER -DSTM32F405xx -DUSE_FULL_LL_DRIVER -c -I../Core/Inc -I../Drivers/STM32F4xx_HAL_Driver/Inc -I../Drivers/STM32F4xx_HAL_Driver/Inc/Legacy -I../Drivers/CMSIS/Device/ST/STM32F4xx/Include -I../Drivers/CMSIS/Include -O0 -ffunction-sections -fdata-sections -Wall -fstack-usage -fcyclomatic-complexity -MMD -MP -MF"Core/Src/stm32f4xx_hal_msp.d" -MT"Core/Src/stm32f4xx_hal_msp.o" --specs=nano.specs -mfpu=fpv4-sp-d16 -mfloat-abi=hard -mthumb -o "Core/Src/stm32f4xx_hal_msp.o"
arm-none-eabi-gcc "../Core/Src/stm32f4xx_it.c" -mcpu=cortex-m4 -std=gnu11 -g3 -DDEBUG -DUSE_HAL_DRIVER -DSTM32F405xx -DUSE_FULL_LL_DRIVER -c -I../Core/Inc -I../Drivers/STM32F4xx_HAL_Driver/Inc -I../Drivers/STM32F4xx_HAL_Driver/Inc/Legacy -I../Drivers/CMSIS/Device/ST/STM32F4xx/Include -I../Drivers/CMSIS/Include -O0 -ffunction-sections -fdata-sections -Wall -fstack-usage -fcyclomatic-complexity -MMD -MP -MF"Core/Src/stm32f4xx_it.d" -MT"Core/Src/stm32f4xx_it.o" --specs=nano.specs -mfpu=fpv4-sp-d16 -mfloat-abi=hard -mthumb -o "Core/Src/stm32f4xx_it.o"
arm-none-eabi-gcc "../Core/Src/syscalls.c" -mcpu=cortex-m4 -std=gnu11 -g3 -DDEBUG -DUSE_HAL_DRIVER -DSTM32F405xx -DUSE_FULL_LL_DRIVER -c -I../Core/Inc -I../Drivers/STM32F4xx_HAL_Driver/Inc -I../Drivers/STM32F4xx_HAL_Driver/Inc/Legacy -I../Drivers/CMSIS/Device/ST/STM32F4xx/Include -I../Drivers/CMSIS/Include -O0 -ffunction-sections -fdata-sections -Wall -fstack-usage -fcyclomatic-complexity -MMD -MP -MF"Core/Src/syscalls.d" -MT"Core/Src/syscalls.o" --specs=nano.specs -mfpu=fpv4-sp-d16 -mfloat-abi=hard -mthumb -o "Core/Src/syscalls.o"
arm-none-eabi-gcc "../Core/Src/sysmem.c" -mcpu=cortex-m4 -std=gnu11 -g3 -DDEBUG -DUSE_HAL_DRIVER -DSTM32F405xx -DUSE_FULL_LL_DRIVER -c -I../Core/Inc -I../Drivers/STM32F4xx_HAL_Driver/Inc -I../Drivers/STM32F4xx_HAL_Driver/Inc/Legacy -I../Drivers/CMSIS/Device/ST/STM32F4xx/Include -I../Drivers/CMSIS/Include -O0 -ffunction-sections -fdata-sections -Wall -fstack-usage -fcyclomatic-complexity -MMD -MP -MF"Core/Src/sysmem.d" -MT"Core/Src/sysmem.o" --specs=nano.specs -mfpu=fpv4-sp-d16 -mfloat-abi=hard -mthumb -o "Core/Src/sysmem.o"
arm-none-eabi-gcc "../Core/Src/system_stm32f4xx.c" -mcpu=cortex-m4 -std=gnu11 -g3 -DDEBUG -DUSE_HAL_DRIVER -DSTM32F405xx -DUSE_FULL_LL_DRIVER -c -I../Core/Inc -I../Drivers/STM32F4xx_HAL_Driver/Inc -I../Drivers/STM32F4xx_HAL_Driver/Inc/Legacy -I../Drivers/CMSIS/Device/ST/STM32F4xx/Include -I../Drivers/CMSIS/Include -O0 -ffunction-sections -fdata-sections -Wall -fstack-usage -fcyclomatic-complexity -MMD -MP -MF"Core/Src/system_stm32f4xx.d" -MT"Core/Src/system_stm32f4xx.o" --specs=nano.specs -mfpu=fpv4-sp-d16 -mfloat-abi=hard -mthumb -o "Core/Src/system_stm32f4xx.o"
../Core/Src/ICM20602.c: In function 'ICM20602_Initialization':
../Core/Src/ICM20602.c:160:9: warning: implicit declaration of function 'printf' [-Wimplicit-function-declaration]
  160 |         printf("Checking ICM20602...");
      |         ^~~~~~
../Core/Src/ICM20602.c:26:1: note: include '<stdio.h>' or provide a declaration of 'printf'
   25 | #include "ICM20602.h"
  +++ |+#include <stdio.h>
   26 | 
../Core/Src/ICM20602.c:160:9: warning: incompatible implicit declaration of built-in function 'printf' [-Wbuiltin-declaration-mismatch]
  160 |         printf("Checking ICM20602...");
      |         ^~~~~~
../Core/Src/ICM20602.c:160:9: note: include '<stdio.h>' or provide a declaration of 'printf'
../Core/Src/ICM20602.c:156:17: warning: unused variable 'gyro_raw_data' [-Wunused-variable]
  156 |         int16_t gyro_raw_data[3] = {0};   // To remove offset
      |                 ^~~~~~~~~~~~~
../Core/Src/ICM20602.c:155:17: warning: unused variable 'accel_raw_data' [-Wunused-variable]
  155 |         int16_t accel_raw_data[3] = {0};  // To remove offset
      |                 ^~~~~~~~~~~~~~
../Core/Src/BNO080.c: In function 'BNO080_Initialization':
../Core/Src/BNO080.c:168:9: warning: implicit declaration of function 'printf' [-Wimplicit-function-declaration]
  168 |         printf("Checking BNO080...");
      |         ^~~~~~
../Core/Src/BNO080.c:48:1: note: include '<stdio.h>' or provide a declaration of 'printf'
   47 | #include <math.h>
  +++ |+#include <stdio.h>
   48 | 
../Core/Src/BNO080.c:168:9: warning: incompatible implicit declaration of built-in function 'printf' [-Wbuiltin-declaration-mismatch]
  168 |         printf("Checking BNO080...");
      |         ^~~~~~
../Core/Src/BNO080.c:168:9: note: include '<stdio.h>' or provide a declaration of 'printf'
../Core/Src/BNO080.c: In function 'BNO080_readFRSdata':
../Core/Src/BNO080.c:710:25: warning: incompatible implicit declaration of built-in function 'printf' [-Wbuiltin-declaration-mismatch]
  710 |                         printf("metaData array over run. Returning.");
      |                         ^~~~~~
../Core/Src/BNO080.c:710:25: note: include '<stdio.h>' or provide a declaration of 'printf'
../Core/Src/BNO080.c: In function 'BNO080_waitForSPI':
../Core/Src/BNO080.c:1009:9: warning: incompatible implicit declaration of built-in function 'printf' [-Wbuiltin-declaration-mismatch]
 1009 |         printf("\nData not available\n");
      |         ^~~~~~
../Core/Src/BNO080.c:1009:9: note: include '<stdio.h>' or provide a declaration of 'printf'
In file included from ../Core/Src/main.c:30:
../Core/Inc/icm20602.h:64: warning: "CHIP_SELECT" redefined
   64 | #define CHIP_SELECT(ICM20602)           LL_GPIO_ResetOutputPin(ICM20602_SPI_CS_PORT, ICM20602_SPI_CS_PIN)
      | 
In file included from ../Core/Src/main.c:28:
../Core/Inc/bno080.h:87: note: this is the location of the previous definition
   87 | #define CHIP_SELECT(BNO080)             LL_GPIO_ResetOutputPin(BNO080_SPI_CS_PORT, BNO080_SPI_CS_PIN)
      | 
../Core/Inc/icm20602.h:65: warning: "CHIP_DESELECT" redefined
   65 | #define CHIP_DESELECT(ICM20602)         LL_GPIO_SetOutputPin(ICM20602_SPI_CS_PORT, ICM20602_SPI_CS_PIN)
      | 
../Core/Inc/bno080.h:88: note: this is the location of the previous definition
   88 | #define CHIP_DESELECT(BNO080)   LL_GPIO_SetOutputPin(BNO080_SPI_CS_PORT, BNO080_SPI_CS_PIN)
      | 
../Core/Src/main.c: In function 'main':
../Core/Src/main.c:154:19: warning: implicit declaration of function 'printf' [-Wimplicit-function-declaration]
  154 |                   printf("%d,%d,%d\n",ICM20602.gyro_x_raw, ICM20602.gyro_y_raw,ICM20602.gyro_z_raw);
      |                   ^~~~~~
../Core/Src/main.c:31:1: note: include '<stdio.h>' or provide a declaration of 'printf'
   30 | #include "icm20602.h"
  +++ |+#include <stdio.h>
   31 | /* USER CODE END Includes */
../Core/Src/main.c:154:19: warning: incompatible implicit declaration of built-in function 'printf' [-Wbuiltin-declaration-mismatch]
  154 |                   printf("%d,%d,%d\n",ICM20602.gyro_x_raw, ICM20602.gyro_y_raw,ICM20602.gyro_z_raw);
      |                   ^~~~~~
../Core/Src/main.c:154:19: note: include '<stdio.h>' or provide a declaration of 'printf'
../Core/Src/main.c:83:18: warning: unused variable 'sampleCount' [-Wunused-variable]
   83 |         uint32_t sampleCount = 0;
      |                  ^~~~~~~~~~~
../Core/Src/main.c:82:18: warning: unused variable 'prevTick' [-Wunused-variable]
   82 |         uint32_t prevTick = 0;
      |                  ^~~~~~~~
../Core/Src/main.c:81:15: warning: unused variable 'quatRadianAccuracy' [-Wunused-variable]
   81 |         float quatRadianAccuracy;
      |               ^~~~~~~~~~~~~~~~~~
../Core/Src/main.c:80:15: warning: unused variable 'q' [-Wunused-variable]
   80 |         float q[4];
      |               ^
arm-none-eabi-gcc "../Core/Src/tim.c" -mcpu=cortex-m4 -std=gnu11 -g3 -DDEBUG -DUSE_HAL_DRIVER -DSTM32F405xx -DUSE_FULL_LL_DRIVER -c -I../Core/Inc -I../Drivers/STM32F4xx_HAL_Driver/Inc -I../Drivers/STM32F4xx_HAL_Driver/Inc/Legacy -I../Drivers/CMSIS/Device/ST/STM32F4xx/Include -I../Drivers/CMSIS/Include -O0 -ffunction-sections -fdata-sections -Wall -fstack-usage -fcyclomatic-complexity -MMD -MP -MF"Core/Src/tim.d" -MT"Core/Src/tim.o" --specs=nano.specs -mfpu=fpv4-sp-d16 -mfloat-abi=hard -mthumb -o "Core/Src/tim.o"
arm-none-eabi-gcc "../Core/Src/usart.c" -mcpu=cortex-m4 -std=gnu11 -g3 -DDEBUG -DUSE_HAL_DRIVER -DSTM32F405xx -DUSE_FULL_LL_DRIVER -c -I../Core/Inc -I../Drivers/STM32F4xx_HAL_Driver/Inc -I../Drivers/STM32F4xx_HAL_Driver/Inc/Legacy -I../Drivers/CMSIS/Device/ST/STM32F4xx/Include -I../Drivers/CMSIS/Include -O0 -ffunction-sections -fdata-sections -Wall -fstack-usage -fcyclomatic-complexity -MMD -MP -MF"Core/Src/usart.d" -MT"Core/Src/usart.o" --specs=nano.specs -mfpu=fpv4-sp-d16 -mfloat-abi=hard -mthumb -o "Core/Src/usart.o"
arm-none-eabi-gcc -o "2-2. ICM20602.elf" @"objects.list"   -mcpu=cortex-m4 -T"C:\Users\ehdtk\Desktop\Dron\2-2. ICM20602\STM32F405RGTX_FLASH.ld" --specs=nosys.specs -Wl,-Map="2-2. ICM20602.map" -Wl,--gc-sections -static --specs=nano.specs -mfpu=fpv4-sp-d16 -mfloat-abi=hard -mthumb -Wl,--start-group -lc -lm -Wl,--end-group
Finished building target: 2-2. ICM20602.elf
 
arm-none-eabi-size  2-2.\ ICM20602.elf 
arm-none-eabi-objdump -h -S 2-2.\ ICM20602.elf  > "2-2. ICM20602.list"
   text	   data	    bss	    dec	    hex	filename
  20108	    104	   2088	  22300	   571c	2-2. ICM20602.elf
Finished building: default.size.stdout
 
Finished building: 2-2. ICM20602.list
 
23:19:37 **** Incremental Build of configuration Debug for project 2-2. ICM20602 ****
make -j16 all 
arm-none-eabi-size  2-2.\ ICM20602.elf 
   text	   data	    bss	    dec	    hex	filename
  20108	    104	   2088	  22300	   571c	2-2. ICM20602.elf
Finished building: default.size.stdout
 
23:20:20 **** Incremental Build of configuration Debug for project 2-2. ICM20602 ****
make -j16 all 
arm-none-eabi-gcc "../Core/Src/main.c" -mcpu=cortex-m4 -std=gnu11 -g3 -DDEBUG -DUSE_HAL_DRIVER -DSTM32F405xx -DUSE_FULL_LL_DRIVER -c -I../Core/Inc -I../Drivers/STM32F4xx_HAL_Driver/Inc -I../Drivers/STM32F4xx_HAL_Driver/Inc/Legacy -I../Drivers/CMSIS/Device/ST/STM32F4xx/Include -I../Drivers/CMSIS/Include -O0 -ffunction-sections -fdata-sections -Wall -fstack-usage -fcyclomatic-complexity -MMD -MP -MF"Core/Src/main.d" -MT"Core/Src/main.o" --specs=nano.specs -mfpu=fpv4-sp-d16 -mfloat-abi=hard -mthumb -o "Core/Src/main.o"
In file included from ../Core/Src/main.c:30:
../Core/Inc/icm20602.h:64: warning: "CHIP_SELECT" redefined
   64 | #define CHIP_SELECT(ICM20602)           LL_GPIO_ResetOutputPin(ICM20602_SPI_CS_PORT, ICM20602_SPI_CS_PIN)
      | 
In file included from ../Core/Src/main.c:28:
../Core/Inc/bno080.h:87: note: this is the location of the previous definition
   87 | #define CHIP_SELECT(BNO080)             LL_GPIO_ResetOutputPin(BNO080_SPI_CS_PORT, BNO080_SPI_CS_PIN)
      | 
../Core/Inc/icm20602.h:65: warning: "CHIP_DESELECT" redefined
   65 | #define CHIP_DESELECT(ICM20602)         LL_GPIO_SetOutputPin(ICM20602_SPI_CS_PORT, ICM20602_SPI_CS_PIN)
      | 
../Core/Inc/bno080.h:88: note: this is the location of the previous definition
   88 | #define CHIP_DESELECT(BNO080)   LL_GPIO_SetOutputPin(BNO080_SPI_CS_PORT, BNO080_SPI_CS_PIN)
      | 
../Core/Src/main.c: In function 'main':
../Core/Src/main.c:154:19: warning: implicit declaration of function 'printf' [-Wimplicit-function-declaration]
  154 |                   printf("%d,%d,%d\r\n",ICM20602.gyro_x_raw, ICM20602.gyro_y_raw,ICM20602.gyro_z_raw);
      |                   ^~~~~~
../Core/Src/main.c:31:1: note: include '<stdio.h>' or provide a declaration of 'printf'
   30 | #include "icm20602.h"
  +++ |+#include <stdio.h>
   31 | /* USER CODE END Includes */
../Core/Src/main.c:154:19: warning: incompatible implicit declaration of built-in function 'printf' [-Wbuiltin-declaration-mismatch]
  154 |                   printf("%d,%d,%d\r\n",ICM20602.gyro_x_raw, ICM20602.gyro_y_raw,ICM20602.gyro_z_raw);
      |                   ^~~~~~
../Core/Src/main.c:154:19: note: include '<stdio.h>' or provide a declaration of 'printf'
../Core/Src/main.c:83:18: warning: unused variable 'sampleCount' [-Wunused-variable]
   83 |         uint32_t sampleCount = 0;
      |                  ^~~~~~~~~~~
../Core/Src/main.c:82:18: warning: unused variable 'prevTick' [-Wunused-variable]
   82 |         uint32_t prevTick = 0;
      |                  ^~~~~~~~
../Core/Src/main.c:81:15: warning: unused variable 'quatRadianAccuracy' [-Wunused-variable]
   81 |         float quatRadianAccuracy;
      |               ^~~~~~~~~~~~~~~~~~
../Core/Src/main.c:80:15: warning: unused variable 'q' [-Wunused-variable]
   80 |         float q[4];
      |               ^
arm-none-eabi-gcc -o "2-2. ICM20602.elf" @"objects.list"   -mcpu=cortex-m4 -T"C:\Users\ehdtk\Desktop\Dron\2-2. ICM20602\STM32F405RGTX_FLASH.ld" --specs=nosys.specs -Wl,-Map="2-2. ICM20602.map" -Wl,--gc-sections -static --specs=nano.specs -mfpu=fpv4-sp-d16 -mfloat-abi=hard -mthumb -Wl,--start-group -lc -lm -Wl,--end-group
Finished building target: 2-2. ICM20602.elf
 
arm-none-eabi-size  2-2.\ ICM20602.elf 
arm-none-eabi-objdump -h -S 2-2.\ ICM20602.elf  > "2-2. ICM20602.list"
   text	   data	    bss	    dec	    hex	filename
  20108	    104	   2088	  22300	   571c	2-2. ICM20602.elf
Finished building: default.size.stdout
 
Finished building: 2-2. ICM20602.list
 
23:25:44 **** Incremental Build of configuration Debug for project 2-2. ICM20602 ****
make -j16 all 
arm-none-eabi-size  2-2.\ ICM20602.elf 
   text	   data	    bss	    dec	    hex	filename
  20108	    104	   2088	  22300	   571c	2-2. ICM20602.elf
Finished building: default.size.stdout
 
23:25:56 **** Incremental Build of configuration Debug for project 2-2. ICM20602 ****
make -j16 all 
arm-none-eabi-size  2-2.\ ICM20602.elf 
   text	   data	    bss	    dec	    hex	filename
  20108	    104	   2088	  22300	   571c	2-2. ICM20602.elf
Finished building: default.size.stdout
 
23:26:20 **** Incremental Build of configuration Debug for project 2-2. ICM20602 ****
make -j16 all 
arm-none-eabi-size  2-2.\ ICM20602.elf 
   text	   data	    bss	    dec	    hex	filename
  20108	    104	   2088	  22300	   571c	2-2. ICM20602.elf
Finished building: default.size.stdout
 
23:26:38 **** Incremental Build of configuration Debug for project 2-2. ICM20602 ****
make -j16 all 
arm-none-eabi-size  2-2.\ ICM20602.elf 
   text	   data	    bss	    dec	    hex	filename
  20108	    104	   2088	  22300	   571c	2-2. ICM20602.elf
Finished building: default.size.stdout
 
23:29:28 **** Incremental Build of configuration Debug for project 2-2. ICM20602 ****
make -j16 all 
arm-none-eabi-size  2-2.\ ICM20602.elf 
   text	   data	    bss	    dec	    hex	filename
  20108	    104	   2088	  22300	   571c	2-2. ICM20602.elf
Finished building: default.size.stdout
 
23:29:44 **** Incremental Build of configuration Debug for project 2-2. ICM20602 ****
make -j16 all 
arm-none-eabi-size  2-2.\ ICM20602.elf 
   text	   data	    bss	    dec	    hex	filename
  20108	    104	   2088	  22300	   571c	2-2. ICM20602.elf
Finished building: default.size.stdout
 
23:31:44 **** Incremental Build of configuration Debug for project 2-2. ICM20602 ****
make -j16 all 
arm-none-eabi-size  2-2.\ ICM20602.elf 
   text	   data	    bss	    dec	    hex	filename
  20108	    104	   2088	  22300	   571c	2-2. ICM20602.elf
Finished building: default.size.stdout
 
21:13:32 **** Incremental Build of configuration Debug for project 2-2. ICM20602 ****
make -j16 all 
arm-none-eabi-size  2-2.\ ICM20602.elf 
   text	   data	    bss	    dec	    hex	filename
  20108	    104	   2088	  22300	   571c	2-2. ICM20602.elf
Finished building: default.size.stdout
 
22:03:17 **** Incremental Build of configuration Debug for project 2-2. ICM20602 ****
make -j16 all 
arm-none-eabi-size  2-2.\ ICM20602.elf 
   text	   data	    bss	    dec	    hex	filename
  20108	    104	   2088	  22300	   571c	2-2. ICM20602.elf
Finished building: default.size.stdout
 
